BL51 BANKED LINKER/LOCATER V5.02                                                        09/21/2004  09:17:58  PAGE 1


BL51 BANKED LINKER/LOCATER V5.02, INVOKED BY:
C:\KEIL\C51\BIN\BL51.EXE ..\objfiles\EEPROMVal.obj, ..\objfiles\GeneralRam.obj, ..\objfiles\Inputdetect.obj, ..\objfiles
>> \Keydetect.obj, ..\objfiles\main.obj, ..\objfiles\PeriDevice_set.obj, ..\objfiles\power.obj, ..\objfiles\modetable.ob
>> j, ..\objfiles\scaler_set.obj, ..\objfiles\SCALERVal.obj, ..\objfiles\MTV230_interrupt.obj, ..\objfiles\MTV230_I2C.ob
>> j, ..\objfiles\AD9883.obj, ..\objfiles\MTV230OSD.obj, ..\objfiles\remocon.obj, ..\objfiles\InternalOSD.obj, ..\objfil
>> es\MTV230xfr.obj, ..\objfiles\Keymenu.obj, ..\objfiles\BTC_OSDMENU.obj, ..\objfiles\AutoDisplayadjust.obj, ..\objfile
>> s\INT_EXTOSD.obj, ..\objfiles\TW990x.obj, ..\objfiles\Tuner.obj, ..\objfiles\Tools.obj, ..\objfiles\SProcessor.obj TO
>>  ..\objfiles\CT2_v_3_1 PRINT (..\lstfiles\CT2_v_3_1.m51) NOLINES IXREF RAMSIZE (256) XDATA (0X0800-0X0AFF)


MEMORY MODEL: SMALL WITH FLOATING POINT ARITHMETIC


INPUT MODULES INCLUDED:
  ..\objfiles\EEPROMVal.obj (EEPROMVAL)
  ..\objfiles\GeneralRam.obj (GENERALRAM)
  ..\objfiles\Inputdetect.obj (INPUTDETECT)
  ..\objfiles\Keydetect.obj (KEYDETECT)
  ..\objfiles\main.obj (MAIN)
  ..\objfiles\PeriDevice_set.obj (PERIDEVICE_SET)
  ..\objfiles\power.obj (POWER)
  ..\objfiles\modetable.obj (MODETABLE)
  ..\objfiles\scaler_set.obj (SCALER_SET)
  ..\objfiles\SCALERVal.obj (SCALERVAL)
  ..\objfiles\MTV230_interrupt.obj (MTV230_INTERRUPT)
  ..\objfiles\MTV230_I2C.obj (MTV230_I2C)
  ..\objfiles\AD9883.obj (AD9883)
  ..\objfiles\MTV230OSD.obj (MTV230OSD)
  ..\objfiles\remocon.obj (REMOCON)
  ..\objfiles\InternalOSD.obj (INTERNALOSD)
  ..\objfiles\MTV230xfr.obj (MTV230XFR)
  ..\objfiles\Keymenu.obj (KEYMENU)
  ..\objfiles\BTC_OSDMENU.obj (BTC_OSDMENU)
  ..\objfiles\AutoDisplayadjust.obj (AUTODISPLAYADJUST)
  ..\objfiles\INT_EXTOSD.obj (INT_EXTOSD)
  ..\objfiles\TW990x.obj (TW990X)
  ..\objfiles\Tuner.obj (TUNER)
  ..\objfiles\Tools.obj (TOOLS)
  ..\objfiles\SProcessor.obj (SPROCESSOR)
  C:\HKMDS\LIB\C51FPS.LIB (?C?FPADD)
  C:\HKMDS\LIB\C51FPS.LIB (?C?FPMUL)
  C:\HKMDS\LIB\C51FPS.LIB (?C?FPDIV)
  C:\HKMDS\LIB\C51FPS.LIB (?C?FPCMP)
  C:\HKMDS\LIB\C51FPS.LIB (?C?FCAST)
  C:\HKMDS\LIB\C51FPS.LIB (?C?CASTF)
  C:\HKMDS\LIB\C51FPS.LIB (?C?FPGETOPN)
  C:\HKMDS\LIB\C51S.LIB (?C_STARTUP)
  C:\HKMDS\LIB\C51S.LIB (?C?CLDPTR)
  C:\HKMDS\LIB\C51S.LIB (?C?CLDOPTR)
  C:\HKMDS\LIB\C51S.LIB (?C?IMUL)
  C:\HKMDS\LIB\C51S.LIB (?C?UIDIV)
  C:\HKMDS\LIB\C51S.LIB (?C?SIDIV)
  C:\HKMDS\LIB\C51S.LIB (?C?IILDX)
  C:\HKMDS\LIB\C51S.LIB (?C?ILDPTR)
  C:\HKMDS\LIB\C51S.LIB (?C?LADD)
  C:\HKMDS\LIB\C51S.LIB (?C?LSUB)
  C:\HKMDS\LIB\C51S.LIB (?C?LMUL)
  C:\HKMDS\LIB\C51S.LIB (?C?ULDIV)
BL51 BANKED LINKER/LOCATER V5.02                                                      09/21/2004  09:17:58  PAGE 2


  C:\HKMDS\LIB\C51S.LIB (?C?SLDIV)
  C:\HKMDS\LIB\C51S.LIB (?C?LOR)
  C:\HKMDS\LIB\C51S.LIB (?C?LNEG)
  C:\HKMDS\LIB\C51S.LIB (?C?ULCMP)
  C:\HKMDS\LIB\C51S.LIB (?C?ULSHR)
  C:\HKMDS\LIB\C51S.LIB (?C?LSHL)
  C:\HKMDS\LIB\C51S.LIB (?C?LLDIDATA)
  C:\HKMDS\LIB\C51S.LIB (?C?LLDXDATA)
  C:\HKMDS\LIB\C51S.LIB (?C?LLDIDATA0)
  C:\HKMDS\LIB\C51S.LIB (?C?LLDXDATA0)
  C:\HKMDS\LIB\C51S.LIB (?C?LSTIDATA)
  C:\HKMDS\LIB\C51S.LIB (?C?LSTXDATA)
  C:\HKMDS\LIB\C51S.LIB (?C?LSTKIDATA)
  C:\HKMDS\LIB\C51S.LIB (?C?LSTKXDATA)
  C:\HKMDS\LIB\C51S.LIB (?C?OFFXADD)
  C:\HKMDS\LIB\C51S.LIB (?C?PLDIIDATA)
  C:\HKMDS\LIB\C51S.LIB (?C?PLDXDATA)
  C:\HKMDS\LIB\C51S.LIB (?C?PSTXDATA)
  C:\HKMDS\LIB\C51S.LIB (?C?PLDCODE)
  C:\HKMDS\LIB\C51S.LIB (?C?CCASE)
  C:\HKMDS\LIB\C51S.LIB (ABS)
  C:\HKMDS\LIB\C51S.LIB (LABS)
  C:\HKMDS\LIB\C51S.LIB (?C_INIT)
  C:\HKMDS\LIB\C51S.LIB (?C?SLCMP)


LINK MAP OF MODULE:  ..\objfiles\CT2_v_3_1 (EEPROMVAL)


            TYPE    BASE      LENGTH    RELOCATION   SEGMENT NAME
            -----------------------------------------------------

            * * * * * * *   D A T A   M E M O R Y   * * * * * * *
            REG     0000H     0008H     ABSOLUTE     "REG BANK 0"
            DATA    0008H     0004H     UNIT         ?DT?INPUTDETECT
            DATA    000CH     0001H     UNIT         ?DT?OSDDATACLEAR?BTC_OSDMENU
            DATA    000DH     0001H     UNIT         ?DT?OSDALLATTRCLEAR?BTC_OSDMENU
            IDATA   000EH     0008H     UNIT         ?ID?AUTODISPLAYADJUST
            IDATA   0016H     0002H     UNIT         ?ID?PERIDEVICE_SET
            IDATA   0018H     0001H     UNIT         ?ID?REMOCON
            DATA    0019H     0001H     ABSOLUTE     
            IDATA   001AH     0004H     UNIT         ?ID?TW990X
                    001EH     0002H                  *** GAP ***
            DATA    0020H     0001H     BIT_ADDR     ?BA?SCALER_SET
            BIT     0021H.0   0008H.6   UNIT         ?BI?GENERALRAM
            BIT     0029H.6   0000H.3   UNIT         ?BI?INPUTDETECT
            BIT     002AH.1   0000H.2   UNIT         ?BI?POWER
            BIT     002AH.3   0000H.2   UNIT         _BIT_GROUP_
            BIT     002AH.5   0000H.1   UNIT         ?BI?KEYDETECT
            BIT     002AH.6   0000H.1   UNIT         ?BI?KEYMENU
            BIT     002AH.7   0000H.1   UNIT         ?BI?TW990X
            BIT     002BH.0   0000H.1   UNIT         ?BI?CATVAIRSELECTION?TUNER
            BIT     002BH.1   0000H.1   UNIT         ?BI?TUNER
                    002BH.2   0000H.6                *** GAP ***
            DATA    002CH     002DH     UNIT         ?DT?GENERALRAM
            DATA    0059H     0013H     UNIT         _DATA_GROUP_
            IDATA   006CH     004EH     UNIT         ?ID?GENERALRAM
BL51 BANKED LINKER/LOCATER V5.02                                                      09/21/2004  09:17:58  PAGE 3


            IDATA   00BAH     000FH     UNIT         _IDATA_GROUP_
            IDATA   00C9H     0001H     UNIT         ?STACK

            * * * * * * *  X D A T A   M E M O R Y  * * * * * * *
                    0000H     0800H                  *** GAP ***
            XDATA   0800H     0100H     ABSOLUTE     
            XDATA   0900H     0058H     ABSOLUTE     
            XDATA   0958H     0001H     UNIT         ?XD?EEPROMVAL
            XDATA   0959H     0001H     UNIT         ?XD?TUNER
            XDATA   095AH     0001H     UNIT         ?XD?_CHECKCHFINETUNE?TUNER
                    095BH     0025H                  *** GAP ***
            XDATA   0980H     002CH     ABSOLUTE     
                    09ACH     0014H                  *** GAP ***
            XDATA   09C0H     0040H     ABSOLUTE     
            XDATA   0A00H     0080H     ABSOLUTE     
            XDATA   0A80H     0039H     UNIT         ?XD?GENERALRAM
            XDATA   0AB9H     002AH     UNIT         _XDATA_GROUP_
                    0AE3H     041DH                  *** GAP ***
            XDATA   0F00H     0001H     ABSOLUTE     
            XDATA   0F01H     0001H     ABSOLUTE     
            XDATA   0F02H     0001H     ABSOLUTE     
            XDATA   0F03H     0001H     ABSOLUTE     
            XDATA   0F04H     0001H     ABSOLUTE     
            XDATA   0F05H     0001H     ABSOLUTE     
            XDATA   0F06H     0001H     ABSOLUTE     
            XDATA   0F07H     0001H     ABSOLUTE     
            XDATA   0F08H     0001H     ABSOLUTE     
            XDATA   0F09H     0001H     ABSOLUTE     
                    0F0AH     0001H                  *** GAP ***
            XDATA   0F0BH     0001H     ABSOLUTE     
            XDATA   0F0CH     0001H     ABSOLUTE     
                    0F0DH     0003H                  *** GAP ***
            XDATA   0F10H     0001H     ABSOLUTE     
                    0F11H     0007H                  *** GAP ***
            XDATA   0F18H     0001H     ABSOLUTE     
                    0F19H     0007H                  *** GAP ***
            XDATA   0F20H     0004H     ABSOLUTE     
                    0F24H     0004H                  *** GAP ***
            XDATA   0F28H     0001H     ABSOLUTE     
            XDATA   0F29H     0001H     ABSOLUTE     
            XDATA   0F2AH     0001H     ABSOLUTE     
            XDATA   0F2BH     0001H     ABSOLUTE     
            XDATA   0F2CH     0001H     ABSOLUTE     
            XDATA   0F2DH     0001H     ABSOLUTE     
            XDATA   0F2EH     0001H     ABSOLUTE     
            XDATA   0F2FH     0001H     ABSOLUTE     
            XDATA   0F30H     0001H     ABSOLUTE     
            XDATA   0F31H     0001H     ABSOLUTE     
            XDATA   0F32H     0001H     ABSOLUTE     
            XDATA   0F33H     0001H     ABSOLUTE     
            XDATA   0F34H     0001H     ABSOLUTE     
            XDATA   0F35H     0001H     ABSOLUTE     
            XDATA   0F36H     0001H     ABSOLUTE     
            XDATA   0F37H     0001H     ABSOLUTE     
            XDATA   0F38H     0001H     ABSOLUTE     
            XDATA   0F39H     0001H     ABSOLUTE     
            XDATA   0F3AH     0001H     ABSOLUTE     
BL51 BANKED LINKER/LOCATER V5.02                                                      09/21/2004  09:17:58  PAGE 4


            XDATA   0F3BH     0001H     ABSOLUTE     
            XDATA   0F3CH     0001H     ABSOLUTE     
            XDATA   0F3DH     0001H     ABSOLUTE     
            XDATA   0F3EH     0001H     ABSOLUTE     
            XDATA   0F3FH     0001H     ABSOLUTE     
            XDATA   0F40H     0001H     ABSOLUTE     
            XDATA   0F41H     0001H     ABSOLUTE     
            XDATA   0F42H     0001H     ABSOLUTE     
            XDATA   0F43H     0001H     ABSOLUTE     
            XDATA   0F44H     0001H     ABSOLUTE     
                    0F45H     0003H                  *** GAP ***
            XDATA   0F48H     0001H     ABSOLUTE     
            XDATA   0F49H     0001H     ABSOLUTE     
                    0F4AH     0056H                  *** GAP ***
            XDATA   0FA0H     0001H     ABSOLUTE     
            XDATA   0FA1H     0001H     ABSOLUTE     
            XDATA   0FA2H     0001H     ABSOLUTE     
            XDATA   0FA3H     0001H     ABSOLUTE     
                    0FA4H     001CH                  *** GAP ***
            XDATA   0FC0H     000FH     ABSOLUTE     
                    0FCFH     0001H                  *** GAP ***
            XDATA   0FD0H     000AH     ABSOLUTE     

            * * * * * * *   C O D E   M E M O R Y   * * * * * * *
            CODE    0000H     0003H     ABSOLUTE     
            CODE    0003H     0003H     ABSOLUTE     
            CODE    0006H     0003H     UNIT         ?PR?MODETOTALCOUNT?MODETABLE
            CODE    0009H     0001H     UNIT         ?PR?DISPLAY_TVMENUDESCRIPTION?BTC_OSDMENU
            CODE    000AH     0001H     UNIT         ?PR?DISPLAY_ADJUSTINFO?BTC_OSDMENU
            CODE    000BH     0003H     ABSOLUTE     
            CODE    000EH     0003H     UNIT         ?PR?PUTVOLUMEPWM?KEYMENU
            CODE    0011H     0001H     UNIT         ?PR?_GETREALCHANNEL?TUNER
                    0012H     0001H                  *** GAP ***
            CODE    0013H     0003H     ABSOLUTE     
            CODE    0016H     0003H     UNIT         ?PR?CHEDIT_WINDOWOFF?BTC_OSDMENU
                    0019H     0002H                  *** GAP ***
            CODE    001BH     0003H     ABSOLUTE     
            CODE    001EH     0D94H     UNIT         ?CO?BTC_OSDMENU
            CODE    0DB2H     0C1CH     UNIT         ?PR?AUTODISPLAYADJUST?AUTODISPLAYADJUST
            CODE    19CEH     0B5AH     UNIT         ?PR?POWERSEQUENCE?POWER
            CODE    2528H     09CAH     UNIT         ?PR?PUTDATA?BTC_OSDMENU
            CODE    2EF2H     083FH     UNIT         ?PR?REMOCONPROCESS?REMOCON
            CODE    3731H     07A3H     UNIT         ?CO?TUNER
            CODE    3ED4H     0783H     UNIT         ?C?LIB_CODE
            CODE    4657H     06C3H     UNIT         ?PR?_CALTOCHAR?INT_EXTOSD
            CODE    4D1AH     06A1H     UNIT         ?PR?DISPLAYMENUWINDOW?BTC_OSDMENU
            CODE    53BBH     05E9H     UNIT         ?PR?INPUTDETECT?INPUTDETECT
            CODE    59A4H     05E7H     UNIT         ?PR?_EXTRACTCLK?SCALER_SET
            CODE    5F8BH     0517H     UNIT         ?PR?MENUPAN?KEYMENU
            CODE    64A2H     0500H     UNIT         ?PR?OSDSERVICE?BTC_OSDMENU
            CODE    69A2H     04CFH     UNIT         ?PR?_SETSCALERZOOMFACTOR?SCALER_SET
            CODE    6E71H     0446H     UNIT         ?PR?DISPLAY_MENUBARPERCENT?BTC_OSDMENU
            CODE    72B7H     042BH     UNIT         ?PR?TUNERPROCESS?TUNER
            CODE    76E2H     03E8H     UNIT         ?CO?MODETABLE
            CODE    7ACAH     03D0H     UNIT         ?PR?TVMENUCHARACTER?BTC_OSDMENU
            CODE    7E9AH     03B0H     UNIT         ?PR?DISPLAY_MENUDESCRIPTION?BTC_OSDMENU
            CODE    824AH     035EH     UNIT         ?PR?MENUCHARACTER?BTC_OSDMENU
BL51 BANKED LINKER/LOCATER V5.02                                                      09/21/2004  09:17:58  PAGE 5


            CODE    85A8H     02F5H     UNIT         ?PR?LEFTRIGHT_SVC?KEYMENU
            CODE    889DH     02B1H     UNIT         ?PR?DISPLAY_BOTTOMCURRENTINFO?BTC_OSDMENU
            CODE    8B4EH     0277H     UNIT         ?PR?VIDEOPROCESS?TW990X
            CODE    8DC5H     023AH     UNIT         ?PR?MAIN?MAIN
            CODE    8FFFH     022BH     UNIT         ?PR?PIPHVPOSITION?BTC_OSDMENU
            CODE    922AH     0201H     UNIT         ?PR?CHANGETOVIDEO50HZ60HZSYSTEM?SCALER_SET
            CODE    942BH     01F9H     UNIT         ?CO?SPROCESSOR
            CODE    9624H     01D2H     UNIT         ?PR?SUBWINDOWDISPLAY?BTC_OSDMENU
            CODE    97F6H     01CEH     UNIT         ?PR?MENUSEL?BTC_OSDMENU
            CODE    99C4H     01C6H     UNIT         ?C_INITSEG
            CODE    9B8AH     01B0H     UNIT         ?PR?KEYDETECT?KEYDETECT
            CODE    9D3AH     01A8H     UNIT         ?PR?TVLEFTRIGHT_SVC?KEYMENU
            CODE    9EE2H     019DH     UNIT         ?PR?_SETSCALEROUTPUTHVTOTAL?SCALER_SET
            CODE    A07FH     0193H     UNIT         ?PR?PERIDEVICE_SET?PERIDEVICE_SET
            CODE    A212H     0181H     UNIT         ?PR?_SETSCALERPIPOUTPUTCONDITION?SCALER_SET
            CODE    A393H     017CH     UNIT         ?PR?_SHOWCHANNELSTATUS?BTC_OSDMENU
            CODE    A50FH     0167H     UNIT         ?PR?MENUBARVALUE?BTC_OSDMENU
            CODE    A676H     0144H     UNIT         ?PR?_SETLINERATE?AD9883
            CODE    A7BAH     013DH     UNIT         ?PR?DISPLAYWINDOW?BTC_OSDMENU
            CODE    A8F7H     012AH     UNIT         ?PR?_DISPLAYBAR3?BTC_OSDMENU
            CODE    AA21H     0126H     UNIT         ?PR?PIPCHANNELOSD?BTC_OSDMENU
            CODE    AB47H     0125H     UNIT         ?PR?TVCOUNTRYSET?TUNER
            CODE    AC6CH     0123H     UNIT         ?PR?PIPSOURCESELFUNC?BTC_OSDMENU
            CODE    AD8FH     0122H     UNIT         ?PR?DISPLAY_TVTOPMENUICON?BTC_OSDMENU
            CODE    AEB1H     0117H     UNIT         ?PR?TIMER0?MTV230_INTERRUPT
            CODE    AFC8H     00FDH     UNIT         ?PR?_DISPLAYBAR?BTC_OSDMENU
            CODE    B0C5H     00F9H     UNIT         ?PR?EX0_INT?MTV230_INTERRUPT
            CODE    B1BEH     00F2H     UNIT         ?PR?_SETSCALEROUTPUTHVLOCKLOAD?SCALER_SET
            CODE    B2B0H     00EBH     UNIT         ?PR?PROGEDITCH_DISPLAY?BTC_OSDMENU
            CODE    B39BH     00E6H     UNIT         ?PR?_CHANNELOSD?BTC_OSDMENU
            CODE    B481H     00E5H     UNIT         ?PR?_UPDOWNMENU?KEYMENU
            CODE    B566H     00E3H     UNIT         ?PR?UPDOWN_SVC?KEYMENU
            CODE    B649H     00E2H     UNIT         ?PR?_SETSCALERINPUTIBRQS?SCALER_SET
            CODE    B72BH     00DDH     UNIT         ?PR?SMARTSOUNDCTRFUNC?BTC_OSDMENU
            CODE    B808H     00DBH     UNIT         ?PR?CHEDIT_CURSORFUNC?BTC_OSDMENU
            CODE    B8E3H     00D4H     UNIT         ?CO?SCALERVAL
            CODE    B9B7H     00D3H     UNIT         ?PR?PIPENABLESERVICE?KEYMENU
            CODE    BA8AH     00D1H     UNIT         ?PR?OSD_ONOFF?BTC_OSDMENU
            CODE    BB5BH     00CDH     UNIT         ?PR?_SETADCPHASEREG?AD9883
            CODE    BC28H     00CDH     UNIT         ?PR?SYSTEMINITIALIZE?KEYMENU
            CODE    BCF5H     00CAH     UNIT         ?PR?SLEEPSELFUNC?BTC_OSDMENU
            CODE    BDBFH     00C6H     UNIT         ?PR?TVMENUBARVALUE?BTC_OSDMENU
            CODE    BE85H     00C4H     UNIT         ?PR?OSDTIMEOUT?BTC_OSDMENU
            CODE    BF49H     00C3H     UNIT         ?PR?_DOSMODEDISPLAY?BTC_OSDMENU
            CODE    C00CH     00BDH     UNIT         ?PR?EX1_INT?MTV230_INTERRUPT
            CODE    C0C9H     00BCH     UNIT         ?PR?COLORTEMPFUNC?BTC_OSDMENU
            CODE    C185H     00BCH     UNIT         ?PR?SMARTPICCTRFUNC?BTC_OSDMENU
            CODE    C241H     00BBH     UNIT         ?PR?_SETSCALERDCLKPLL?SCALER_SET
            CODE    C2FCH     00B9H     UNIT         ?PR?_SETSCALERMCLKPLL?SCALER_SET
            CODE    C3B5H     00B9H     UNIT         ?PR?TVASPECTRATIOSELFUNC?BTC_OSDMENU
            CODE    C46EH     00B9H     UNIT         ?PR?_CHANNELSEL?TUNER
            CODE    C527H     00B8H     UNIT         ?PR?_DISPLAYBAR2?BTC_OSDMENU
            CODE    C5DFH     00B7H     UNIT         ?PR?_SETSCALERVPOSTION?SCALER_SET
            CODE    C696H     00B7H     UNIT         ?PR?SLEEPFUNC?BTC_OSDMENU
            CODE    C74DH     00B6H     UNIT         ?PR?_SETSCALERFMOTHERS?SCALER_SET
            CODE    C803H     00B6H     UNIT         ?PR?SSCSELFUNC?BTC_OSDMENU
            CODE    C8B9H     00B3H     UNIT         ?PR?SETADCCOLORREG?AD9883
BL51 BANKED LINKER/LOCATER V5.02                                                      09/21/2004  09:17:58  PAGE 6


            CODE    C96CH     00B3H     UNIT         ?PR?_ONOFFDISPLAYFUNC?BTC_OSDMENU
            CODE    CA1FH     00B3H     UNIT         ?PR?PIPSIZESELFUNC?BTC_OSDMENU
            CODE    CAD2H     00B3H     UNIT         ?PR?PIPHPOSSELFUNC?BTC_OSDMENU
            CODE    CB85H     00B3H     UNIT         ?PR?PIPVPOSSELFUNC?BTC_OSDMENU
            CODE    CC38H     00B1H     UNIT         ?PR?ICONSEL?BTC_OSDMENU
            CODE    CCE9H     00ACH     UNIT         ?PR?_OSDWINDOW?INT_EXTOSD
            CODE    CD95H     00ABH     UNIT         ?PR?SCALERSET?SCALER_SET
            CODE    CE40H     00AAH     UNIT         ?PR?_PRE_CHANNELSEL?TUNER
            CODE    CEEAH     00A9H     UNIT         ?PR?ARRANGEFUNCTIONTABLE?GENERALRAM
            CODE    CF93H     00A8H     UNIT         ?PR?_SETFINEPLL?TUNER
            CODE    D03BH     00A5H     UNIT         ?PR?_READSCALERSERIAL?SCALER_SET
            CODE    D0E0H     00A4H     UNIT         ?PR?SEARCHPLL_SET?TUNER
            CODE    D184H     00A2H     UNIT         ?PR?_DISPLAYPERCENT2?BTC_OSDMENU
            CODE    D226H     009EH     UNIT         ?PR?TVCOLORLOAD?TW990X
            CODE    D2C4H     009EH     UNIT         ?CO?TW990X
            CODE    D362H     009EH     UNIT         ?PR?READTUNER?TUNER
            CODE    D400H     009DH     UNIT         ?PR?MUTEEXE?BTC_OSDMENU
            CODE    D49DH     009CH     UNIT         ?PR?SPCSELFUNC?BTC_OSDMENU
            CODE    D539H     009AH     UNIT         ?PR?_CALTOCHARCHANNEL?BTC_OSDMENU
            CODE    D5D3H     0098H     UNIT         ?PR?_SETSCALERHPOSTION?SCALER_SET
            CODE    D66BH     0097H     UNIT         ?PR?_PIPONOFFFUNC?BTC_OSDMENU
            CODE    D702H     0095H     UNIT         ?PR?SOUNDPROCESS?SPROCESSOR
            CODE    D797H     0093H     UNIT         ?PR?_DISPLAYPERCENT?BTC_OSDMENU
            CODE    D82AH     0091H     UNIT         ?PR?_SETSCALERINPUTHVLOCK?SCALER_SET
            CODE    D8BBH     0091H     UNIT         ?PR?PIPSOURCESELSERVICE?KEYMENU
            CODE    D94CH     008CH     UNIT         ?PR?_BARANDPERSENT2?BTC_OSDMENU
            CODE    D9D8H     008CH     UNIT         ?C_C51STARTUP
            CODE    DA64H     0089H     UNIT         ?PR?_BITWRITESCALER?SCALER_SET
            CODE    DAEDH     0088H     UNIT         ?PR?_SETSCALERINPUTACTIVE?SCALER_SET
            CODE    DB75H     0084H     UNIT         ?PR?_BARANDPERSENT?BTC_OSDMENU
            CODE    DBF9H     0083H     UNIT         ?PR?SOUNDINIT?SPROCESSOR
            CODE    DC7CH     0080H     UNIT         ?CO?MTV230_INTERRUPT
            CODE    DCFCH     0080H     UNIT         ?PR?DISPLAY_TOPMENUICON?BTC_OSDMENU
            CODE    DD7CH     0080H     UNIT         ?PR?RECALL?BTC_OSDMENU
            CODE    DDFCH     007FH     UNIT         ?PR?CHECKTENMIN?MAIN
            CODE    DE7BH     007AH     UNIT         ?PR?SLEEPSERVICE?BTC_OSDMENU
            CODE    DEF5H     007AH     UNIT         ?PR?SOUNDSET?SPROCESSOR
            CODE    DF6FH     0079H     UNIT         ?PR?OSD_MENU_ON?KEYMENU
            CODE    DFE8H     0076H     UNIT         ?PR?VOLUME_SVC?KEYMENU
            CODE    E05EH     0075H     UNIT         ?PR?CHECKTEMMINSAVE?PERIDEVICE_SET
            CODE    E0D3H     0075H     UNIT         ?PR?PIPASPECTSELFUNC?BTC_OSDMENU
            CODE    E148H     0073H     UNIT         ?PR?_ASPECTRATIOFUNC?BTC_OSDMENU
            CODE    E1BBH     0070H     UNIT         ?PR?LANGUAGEFUNC?BTC_OSDMENU
            CODE    E22BH     006FH     UNIT         ?PR?_SETTUNER?TUNER
            CODE    E29AH     0067H     UNIT         ?PR?_SETSCALERINPUTCONDITION?SCALER_SET
            CODE    E301H     0067H     UNIT         ?PR?_MSP34XYDSPREAD?SPROCESSOR
            CODE    E368H     0065H     UNIT         ?PR?SSCSERVICE?BTC_OSDMENU
            CODE    E3CDH     0065H     UNIT         ?PR?MSPSELECT?SPROCESSOR
            CODE    E432H     0063H     UNIT         ?PR?CHANGETORGBONLY?SCALER_SET
            CODE    E495H     0063H     UNIT         ?PR?LEFTRIGHTKEY10?KEYMENU
            CODE    E4F8H     0063H     UNIT         ?PR?CLEAROSD?BTC_OSDMENU
            CODE    E55BH     0062H     UNIT         ?PR?MSPSET?SPROCESSOR
            CODE    E5BDH     005EH     UNIT         ?PR?PIPBLENDSELFUNC?BTC_OSDMENU
            CODE    E61BH     005EH     UNIT         ?PR?INITOSDRAM?BTC_OSDMENU
            CODE    E679H     005DH     UNIT         ?PR?INVERTSMARTSTART?POWER
            CODE    E6D6H     005DH     UNIT         ?PR?SPCSERVICE?BTC_OSDMENU
            CODE    E733H     005CH     UNIT         ?PR?POWER_ONOFF?KEYMENU
BL51 BANKED LINKER/LOCATER V5.02                                                      09/21/2004  09:17:58  PAGE 7


            CODE    E78FH     005BH     UNIT         ?PR?_MSP34XYDSPWRITE?SPROCESSOR
            CODE    E7EAH     0058H     UNIT         ?PR?RAMCLEAR?GENERALRAM
            CODE    E842H     0058H     UNIT         ?PR?_STARTCHARDISPLAYFUNC?BTC_OSDMENU
            CODE    E89AH     0057H     UNIT         ?PR?PIPSUBREGISTERSET?SCALER_SET
            CODE    E8F1H     0057H     UNIT         ?PR?LEFTRIGHTKEY?KEYMENU
            CODE    E948H     0053H     UNIT         ?PR?_WRITE24C16PAGE?TUNER
            CODE    E99BH     0052H     UNIT         ?PR?CHANNELCHANGE?REMOCON
            CODE    E9EDH     0050H     UNIT         ?PR?SOUNDCHIPTEST?SPROCESSOR
            CODE    EA3DH     004EH     UNIT         ?PR?CHANGETOPIPRGBCOMPOSITEFAST?SCALER_SET
            CODE    EA8BH     004EH     UNIT         ?PR?CHANGETOPIPRGBSVIDEOFAST?SCALER_SET
            CODE    EAD9H     004DH     UNIT         ?PR?MTSSERVICE?BTC_OSDMENU
            CODE    EB26H     004DH     UNIT         ?PR?AVDECODER_SELECTINPUTPORT?TW990X
            CODE    EB73H     004CH     UNIT         ?PR?_TVPLLOK?TUNER
            CODE    EBBFH     004BH     UNIT         ?PR?SAVECURRENTCOLORTOUSER?TW990X
            CODE    EC0AH     004AH     UNIT         ?PR?TVPARAMETERINIT?TUNER
            CODE    EC54H     004AH     UNIT         ?PR?SEARCHSAVE?TUNER
            CODE    EC9EH     0049H     UNIT         ?PR?CHANGETOPIPRGBTUNERFAST?SCALER_SET
            CODE    ECE7H     0049H     UNIT         ?PR?_WRITEMENU?BTC_OSDMENU
            CODE    ED30H     0048H     UNIT         ?PR?PIPSIZESELSERVICE?KEYMENU
            CODE    ED78H     0048H     UNIT         ?PR?GETTOPMENU?BTC_OSDMENU
            CODE    EDC0H     0047H     UNIT         ?PR?_READI2C?MTV230_I2C
            CODE    EE07H     0045H     UNIT         ?PR?_GETDVTOTAL?SCALER_SET
            CODE    EE4CH     0044H     UNIT         ?PR?CHEDIT_CHARFUNC?BTC_OSDMENU
            CODE    EE90H     0044H     UNIT         ?C?LDIV
            CODE    EED4H     0043H     UNIT         ?PR?_WRITETUN1?TUNER
            CODE    EF17H     0043H     UNIT         ?PR?_WRITETUNER?TUNER
            CODE    EF5AH     0042H     UNIT         ?PR?_WRITEREG1BIT?SCALER_SET
            CODE    EF9CH     0042H     UNIT         ?PR?CHANGETOTUNERONLY?SCALER_SET
            CODE    EFDEH     0042H     UNIT         ?PR?_WRITEDATA?MTV230_I2C
            CODE    F020H     0041H     UNIT         ?PR?_SETSCALERFMUSE?SCALER_SET
            CODE    F061H     0041H     UNIT         ?PR?DISPLAYINFORMATION?BTC_OSDMENU
            CODE    F0A2H     0041H     UNIT         ?PR?MTSDISPLAY?BTC_OSDMENU
            CODE    F0E3H     0040H     UNIT         ?PR?READDATAACK?MTV230_I2C
            CODE    F123H     0040H     UNIT         ?PR?GETMENUSTART2?BTC_OSDMENU
            CODE    F163H     003EH     UNIT         ?PR?_EEPROMSETQUE?PERIDEVICE_SET
            CODE    F1A1H     003EH     UNIT         ?PR?READDATANAK?MTV230_I2C
            CODE    F1DFH     003DH     UNIT         ?PR?MUTEFUNC?BTC_OSDMENU
            CODE    F21CH     003CH     UNIT         ?PR?CHANGETOCOMPOSITEONLY?SCALER_SET
            CODE    F258H     003CH     UNIT         ?PR?CHANGETOSVIDEOONLY?SCALER_SET
            CODE    F294H     003CH     UNIT         ?PR?CHEDIT_UPDOWN?KEYMENU
            CODE    F2D0H     003BH     UNIT         ?PR?_OSDWINDOW_OPTION?INT_EXTOSD
            CODE    F30BH     003BH     UNIT         ?PR?_MSP34XYCONTROLEWRITE?SPROCESSOR
            CODE    F346H     003BH     UNIT         ?PR?SOUNDSETVOLUME?SPROCESSOR
            CODE    F381H     0038H     UNIT         ?PR?SOUNDGETSTATUS?SPROCESSOR
            CODE    F3B9H     0037H     UNIT         ?PR?TVCHANNELADD?BTC_OSDMENU
            CODE    F3F0H     0037H     UNIT         ?PR?_TW990X_REGINIT?TW990X
            CODE    F427H     0036H     UNIT         ?PR?PIPENABLEFUNC?SCALER_SET
            CODE    F45DH     0036H     UNIT         ?PR?SETADCCONTROLREG?AD9883
            CODE    F493H     0034H     UNIT         ?PR?_LABS?LABS
            CODE    F4C7H     0033H     UNIT         ?PR?GETTVTOPMENU?BTC_OSDMENU
            CODE    F4FAH     0033H     UNIT         ?PR?_OSDANGLEDRAW?BTC_OSDMENU
            CODE    F52DH     0033H     UNIT         ?PR?SAVECURRENTSSCTOUSER?SPROCESSOR
            CODE    F560H     0032H     UNIT         ?PR?SAVECOLORTEMP?BTC_OSDMENU
            CODE    F592H     0032H     UNIT         ?PR?CATVAIRSELECTION?TUNER
            CODE    F5C4H     0030H     UNIT         ?PR?INITIALSCALER?SCALERVAL
            CODE    F5F4H     0030H     UNIT         ?PR?_WRITEI2C?MTV230_I2C
            CODE    F624H     002FH     UNIT         ?CO?EEPROMVAL
BL51 BANKED LINKER/LOCATER V5.02                                                      09/21/2004  09:17:58  PAGE 8


            CODE    F653H     002FH     UNIT         ?PR?_WRITESCALERSERIAL?SCALER_SET
            CODE    F682H     002FH     UNIT         ?PR?_SETADCHTOTAL?AD9883
            CODE    F6B1H     002FH     UNIT         ?PR?TOGGLECHMASK?TUNER
            CODE    F6E0H     002EH     UNIT         ?PR?TVASPECTRATIOSERVICE?KEYMENU
            CODE    F70EH     002EH     UNIT         ?PR?VIDEODECODERINIT?TW990X
            CODE    F73CH     002EH     UNIT         ?PR?SOUNDSETBASS?SPROCESSOR
            CODE    F76AH     002EH     UNIT         ?PR?SOUNDSETLOUDNESS?SPROCESSOR
            CODE    F798H     002DH     UNIT         ?PR?_SETSCALERINPUTOUTPUTCOLORCONDITION?SCALER_SET
            CODE    F7C5H     002DH     UNIT         ?PR?_CHECKTVSIGNAL?TW990X
            CODE    F7F2H     002CH     UNIT         ?PR?GETTVMENUSTART2?BTC_OSDMENU
            CODE    F81EH     002CH     UNIT         ?PR?AUTOCHANNELDISPLAY?BTC_OSDMENU
            CODE    F84AH     002CH     UNIT         ?PR?_OSD230PTRSEND?INT_EXTOSD
            CODE    F876H     002BH     UNIT         ?PR?_DISPLAYINFO?BTC_OSDMENU
            CODE    F8A1H     002BH     UNIT         ?PR?TUNERDATACATCH?TUNER
            CODE    F8CCH     002AH     UNIT         ?PR?OSDATTRCLEAR?BTC_OSDMENU
            CODE    F8F6H     002AH     UNIT         ?PR?OSDALLATTRCLEAR?BTC_OSDMENU
            CODE    F920H     0029H     UNIT         ?PR?_OSDSEQSEND?INT_EXTOSD
            CODE    F949H     0028H     UNIT         ?PR?SETAV_SATURATION?TW990X
            CODE    F971H     0027H     UNIT         ?PR?_SETADCBIAS?AD9883
            CODE    F998H     0027H     UNIT         ?PR?_WRITECHARACTOR?BTC_OSDMENU
            CODE    F9BFH     0026H     UNIT         ?PR?DISPLAY_COUNTYRBOTTOMINFO?BTC_OSDMENU
            CODE    F9E5H     0026H     UNIT         ?PR?TUNERTEST?TUNER
            CODE    FA0BH     0025H     UNIT         ?PR?_GETEMH1A?SCALER_SET
            CODE    FA30H     0024H     UNIT         ?PR?FILLRESTCHANNEL?TUNER
            CODE    FA54H     0023H     UNIT         ?PR?PIPBLENDFUNC?SCALER_SET
            CODE    FA77H     0022H     UNIT         ?PR?_PUTEMH2?SCALER_SET
            CODE    FA99H     0022H     UNIT         ?PR?_WRITERGBMUTE?KEYMENU
            CODE    FABBH     0021H     UNIT         ?PR?_SETSCALEROUTPUTOREQSTART?SCALER_SET
            CODE    FADCH     0021H     UNIT         ?PR?_OSD230DATPTRSEND?INT_EXTOSD
            CODE    FAFDH     0021H     UNIT         ?PR?SOUNDSETTREBLE?SPROCESSOR
            CODE    FB1EH     0020H     UNIT         ?PR?_START_I2C?MTV230_I2C
            CODE    FB3EH     0020H     UNIT         ?PR?PIPPOSITIONSERVICE?BTC_OSDMENU
            CODE    FB5EH     001FH     UNIT         ?PR?_SETADCGAIN?AD9883
            CODE    FB7DH     001FH     UNIT         ?PR?RGBPAGEMUTE?KEYMENU
            CODE    FB9CH     001FH     UNIT         ?PR?_SOUNDINPUTSELECTION?SPROCESSOR
            CODE    FBBBH     001EH     UNIT         ?PR?SETAV_SHARPNESS?TW990X
            CODE    FBD9H     001DH     UNIT         ?PR?_OSD230DATASEND?INT_EXTOSD
            CODE    FBF6H     001DH     UNIT         ?PR?_SETFMMATRIX?SPROCESSOR
            CODE    FC13H     001DH     UNIT         ?PR?SOUNDFASTMUTE?SPROCESSOR
            CODE    FC30H     001DH     UNIT         ?PR?BILINGUALSET?SPROCESSOR
            CODE    FC4DH     001CH     UNIT         ?PR?SETTOMONO?SPROCESSOR
            CODE    FC69H     001BH     UNIT         ?PR?_WORDWRITESCALER?SCALER_SET
            CODE    FC84H     001BH     UNIT         ?PR?OSDDATAWINDOWCLEAR?BTC_OSDMENU
            CODE    FC9FH     001AH     UNIT         ?CO?KEYDETECT
            CODE    FCB9H     001AH     UNIT         ?PR?PIPASPECTSELSERVICE?KEYMENU
            CODE    FCD3H     001AH     UNIT         ?PR?INTOSDON?BTC_OSDMENU
            CODE    FCEDH     001AH     UNIT         ?PR?INTOSDOFF?BTC_OSDMENU
            CODE    FD07H     001AH     UNIT         ?PR?_SCARTSWITCH?SPROCESSOR
            CODE    FD21H     0019H     UNIT         ?PR?OSDONOFF?KEYMENU
            CODE    FD3AH     0019H     UNIT         ?PR?_OSD230SEQSEND?INT_EXTOSD
            CODE    FD53H     0018H     UNIT         ?PR?INITDDC?MAIN
            CODE    FD6BH     0018H     UNIT         ?PR?OSDDATACLEAR?BTC_OSDMENU
            CODE    FD83H     0017H     UNIT         ?PR?BUNRNINGPROCESS?KEYMENU
            CODE    FD9AH     0016H     UNIT         ?PR?TIMER1?MTV230_INTERRUPT
            CODE    FDB0H     0016H     UNIT         ?PR?OSDDATAWINDOWCLEAR2?BTC_OSDMENU
            CODE    FDC6H     0016H     UNIT         ?PR?OSDEDITWINDOWDATACLEAR?BTC_OSDMENU
            CODE    FDDCH     0014H     UNIT         ?PR?_WRITEOSDADR1BIT?SCALER_SET
BL51 BANKED LINKER/LOCATER V5.02                                                      09/21/2004  09:17:58  PAGE 9


            CODE    FDF0H     0014H     UNIT         ?PR?_WRITEOSDDAT1BIT?SCALER_SET
            CODE    FE04H     0014H     UNIT         ?PR?_OSD230SEQSEND2?INT_EXTOSD
            CODE    FE18H     0014H     UNIT         ?PR?STEREOSET?SPROCESSOR
            CODE    FE2CH     0013H     UNIT         ?PR?_GETFINETUNE?TUNER
            CODE    FE3FH     0013H     UNIT         ?PR?DELAYNOP20?TOOLS
            CODE    FE52H     0012H     UNIT         ?PR?TVCOLORSET?TW990X
            CODE    FE64H     0012H     UNIT         ?PR?_GETCHANNELSTATUS?TUNER
            CODE    FE76H     0012H     UNIT         ?PR?_SETMANUALTUNE?TUNER
            CODE    FE88H     0012H     UNIT         ?PR?_SETFINETUNE?TUNER
            CODE    FE9AH     0012H     UNIT         ?PR?_ABS?ABS
            CODE    FEACH     0011H     UNIT         ?PR?SETAV_TINT?TW990X
            CODE    FEBDH     0011H     UNIT         ?PR?_SETCHANNELSTATUS?TUNER
            CODE    FECEH     0010H     UNIT         ?PR?TUNNERINITIALIZE?TUNER
            CODE    FEDEH     0010H     UNIT         ?PR?VIEWCURRENTCHANNEL?TUNER
            CODE    FEEEH     000FH     UNIT         ?PR?STOP_I2C?MTV230_I2C
            CODE    FEFDH     000FH     UNIT         ?PR?_SETBLUESCRREN?TW990X
            CODE    FF0CH     000EH     UNIT         ?PR?AUTO_FUNC?BTC_OSDMENU
            CODE    FF1AH     000EH     UNIT         ?PR?SETAV_BRIGHTNESS?TW990X
            CODE    FF28H     000CH     UNIT         ?PR?HUE_COLORBAR?BTC_OSDMENU
            CODE    FF34H     000CH     UNIT         ?PR?_OSD230ROWSEND?INT_EXTOSD
            CODE    FF40H     000CH     UNIT         ?PR?_OSD230COLSEND?INT_EXTOSD
            CODE    FF4CH     000CH     UNIT         ?PR?SETAV_CONTRAST?TW990X
            CODE    FF58H     000CH     UNIT         ?PR?CALDISPCHANNEL?TUNER
            CODE    FF64H     000BH     UNIT         ?PR?CLEARMENUDESCRIPTION?BTC_OSDMENU
            CODE    FF6FH     000BH     UNIT         ?PR?OSDATTR_ROW10_CLEAR?BTC_OSDMENU
            CODE    FF7AH     000BH     UNIT         ?PR?_CHECKCHFINETUNE?TUNER
            CODE    FF85H     000AH     UNIT         ?PR?_EEPROM_READ?PERIDEVICE_SET
            CODE    FF8FH     000AH     UNIT         ?PR?_AD9884_READ?PERIDEVICE_SET
            CODE    FF99H     000AH     UNIT         ?PR?_OSD230DATA2SENDHIGH?INT_EXTOSD
            CODE    FFA3H     000AH     UNIT         ?PR?_TW990XREAD?TW990X
            CODE    FFADH     000AH     UNIT         ?PR?_CHECKCHMASK?TUNER
            CODE    FFB7H     000AH     UNIT         ?PR?_IDELAY5M?TUNER
            CODE    FFC1H     0009H     UNIT         ?PR?_OSD230DATASENDHIGH?INT_EXTOSD
            CODE    FFCAH     0009H     UNIT         ?PR?_TW990XWRITE?TW990X
            CODE    FFD3H     0009H     UNIT         ?PR?DELAYNOP12?TOOLS
            CODE    FFDCH     0008H     UNIT         ?PR?ASPECTRATIOSERVICE?KEYMENU
            CODE    FFE4H     0007H     UNIT         ?PR?CHEDIT_WINDOWON?BTC_OSDMENU
            CODE    FFEBH     0007H     UNIT         ?PR?_CHECKCHCATV?TUNER
            CODE    FFF2H     0007H     UNIT         ?PR?DELAYNOP10?TOOLS
            CODE    FFF9H     0003H     UNIT         ?PR?DELAYNOP6?TOOLS



OVERLAY MAP OF MODULE:   ..\objfiles\CT2_v_3_1 (EEPROMVAL)


SEGMENT                                             BIT_GROUP          DATA_GROUP          IDATA_GROUP         XDATA_GRO
>> UP
  +--> CALLED SEGMENT                            START    LENGTH     START    LENGTH     START    LENGTH     START    LE
>> NGTH
------------------------------------------------------------------------------------------------------------------------
>> ----
?PR?EX1_INT?MTV230_INTERRUPT                     -----    -----      -----    -----      -----    -----      -----    --
>> ---
  +--> ?CO?MTV230_INTERRUPT

*** NEW ROOT ***************************************************
BL51 BANKED LINKER/LOCATER V5.02                                                      09/21/2004  09:17:58  PAGE 10



?C_C51STARTUP                                    -----    -----      -----    -----      -----    -----      -----    --
>> ---
  +--> ?PR?MAIN?MAIN
  +--> ?C_INITSEG

?PR?MAIN?MAIN                                    -----    -----      0059H    0001H      -----    -----      -----    --
>> ---
  +--> ?PR?SOUNDFASTMUTE?SPROCESSOR
  +--> ?PR?_SCARTSWITCH?SPROCESSOR
  +--> ?PR?_SOUNDINPUTSELECTION?SPROCESSOR
  +--> ?PR?_READI2C?MTV230_I2C
  +--> ?PR?_WRITEI2C?MTV230_I2C
  +--> ?PR?_PUTEMH2?SCALER_SET
  +--> ?PR?_EEPROM_READ?PERIDEVICE_SET
  +--> ?PR?CHECKTEMMINSAVE?PERIDEVICE_SET
  +--> ?PR?SYSTEMINITIALIZE?KEYMENU
  +--> ?PR?TVPARAMETERINIT?TUNER
  +--> ?PR?ARRANGEFUNCTIONTABLE?GENERALRAM
  +--> ?PR?INITDDC?MAIN
  +--> ?PR?INPUTDETECT?INPUTDETECT
  +--> ?PR?KEYDETECT?KEYDETECT
  +--> ?PR?MENUPAN?KEYMENU
  +--> ?PR?PERIDEVICE_SET?PERIDEVICE_SET
  +--> ?PR?POWERSEQUENCE?POWER
  +--> ?PR?BUNRNINGPROCESS?KEYMENU
  +--> ?PR?OSDSERVICE?BTC_OSDMENU
  +--> ?PR?AUTODISPLAYADJUST?AUTODISPLAYADJUST
  +--> ?PR?VIDEOPROCESS?TW990X
  +--> ?PR?TUNERPROCESS?TUNER
  +--> ?PR?REMOCONPROCESS?REMOCON
  +--> ?PR?SOUNDPROCESS?SPROCESSOR
  +--> ?PR?CHECKTENMIN?MAIN

?PR?SOUNDFASTMUTE?SPROCESSOR                     -----    -----      -----    -----      -----    -----      -----    --
>> ---
  +--> ?PR?_MSP34XYDSPWRITE?SPROCESSOR

?PR?_MSP34XYDSPWRITE?SPROCESSOR                  -----    -----      005DH    0005H      -----    -----      0ABFH    00
>> 01H
  +--> ?PR?_START_I2C?MTV230_I2C
  +--> ?PR?_WRITEDATA?MTV230_I2C
  +--> ?PR?STOP_I2C?MTV230_I2C

?PR?_START_I2C?MTV230_I2C                        -----    -----      0066H    0001H      -----    -----      -----    --
>> ---
  +--> ?PR?DELAYNOP12?TOOLS
  +--> ?PR?_WRITEDATA?MTV230_I2C

?PR?_WRITEDATA?MTV230_I2C                        -----    -----      0067H    0002H      -----    -----      -----    --
>> ---
  +--> ?PR?DELAYNOP6?TOOLS
  +--> ?PR?DELAYNOP12?TOOLS

?PR?STOP_I2C?MTV230_I2C                          -----    -----      -----    -----      -----    -----      -----    --
>> ---
  +--> ?PR?DELAYNOP12?TOOLS
BL51 BANKED LINKER/LOCATER V5.02                                                      09/21/2004  09:17:58  PAGE 11



?PR?_SCARTSWITCH?SPROCESSOR                      -----    -----      -----    -----      -----    -----      -----    --
>> ---
  +--> ?PR?_MSP34XYDSPWRITE?SPROCESSOR

?PR?_SOUNDINPUTSELECTION?SPROCESSOR              -----    -----      -----    -----      -----    -----      -----    --
>> ---
  +--> ?PR?_MSP34XYDSPWRITE?SPROCESSOR

?PR?_READI2C?MTV230_I2C                          -----    -----      0060H    0006H      -----    -----      -----    --
>> ---
  +--> ?PR?_START_I2C?MTV230_I2C
  +--> ?PR?_WRITEDATA?MTV230_I2C
  +--> ?PR?READDATANAK?MTV230_I2C

?PR?READDATANAK?MTV230_I2C                       -----    -----      0066H    0001H      00BDH    0001H      -----    --
>> ---
  +--> ?PR?DELAYNOP6?TOOLS
  +--> ?PR?DELAYNOP12?TOOLS
  +--> ?PR?STOP_I2C?MTV230_I2C

?PR?_WRITEI2C?MTV230_I2C                         -----    -----      005FH    0004H      -----    -----      -----    --
>> ---
  +--> ?PR?_START_I2C?MTV230_I2C
  +--> ?PR?_WRITEDATA?MTV230_I2C
  +--> ?PR?STOP_I2C?MTV230_I2C

?PR?_EEPROM_READ?PERIDEVICE_SET                  -----    -----      -----    -----      -----    -----      -----    --
>> ---
  +--> ?PR?_READI2C?MTV230_I2C

?PR?CHECKTEMMINSAVE?PERIDEVICE_SET               -----    -----      -----    -----      -----    -----      -----    --
>> ---
  +--> ?PR?_EEPROM_READ?PERIDEVICE_SET
  +--> ?PR?_START_I2C?MTV230_I2C
  +--> ?PR?_WRITEDATA?MTV230_I2C
  +--> ?PR?STOP_I2C?MTV230_I2C

?PR?SYSTEMINITIALIZE?KEYMENU                     -----    -----      -----    -----      00BAH    0001H      0AB9H    00
>> 13H
  +--> ?CO?EEPROMVAL
  +--> ?PR?_WRITE24C16PAGE?TUNER
  +--> ?PR?TVCOUNTRYSET?TUNER

?PR?_WRITE24C16PAGE?TUNER                        -----    -----      005AH    0007H      -----    -----      -----    --
>> ---
  +--> ?PR?_START_I2C?MTV230_I2C
  +--> ?PR?_WRITEDATA?MTV230_I2C
  +--> ?PR?STOP_I2C?MTV230_I2C
  +--> ?PR?_IDELAY5M?TUNER

?PR?TVCOUNTRYSET?TUNER                           -----    -----      -----    -----      -----    -----      0ACCH    00
>> 17H
  +--> ?CO?TUNER
  +--> ?PR?_WRITE24C16PAGE?TUNER
  +--> ?PR?TVPARAMETERINIT?TUNER

BL51 BANKED LINKER/LOCATER V5.02                                                      09/21/2004  09:17:58  PAGE 12


?PR?TVPARAMETERINIT?TUNER                        -----    -----      -----    -----      -----    -----      -----    --
>> ---
  +--> ?CO?TUNER

?PR?INPUTDETECT?INPUTDETECT                      002AH.3  0000H.2    005AH    0001H      -----    -----      -----    --
>> ---
  +--> ?PR?_WRITEREG1BIT?SCALER_SET
  +--> ?PR?OSDSERVICE?BTC_OSDMENU
  +--> ?PR?OSD_ONOFF?BTC_OSDMENU
  +--> ?PR?SOUNDFASTMUTE?SPROCESSOR
  +--> ?PR?_EEPROMSETQUE?PERIDEVICE_SET
  +--> ?PR?_ABS?ABS
  +--> ?PR?MODETOTALCOUNT?MODETABLE
  +--> ?CO?MODETABLE
  +--> ?PR?SETADCCONTROLREG?AD9883
  +--> ?PR?_EEPROM_READ?PERIDEVICE_SET
  +--> ?PR?_SETADCPHASEREG?AD9883
  +--> ?PR?_SETADCHTOTAL?AD9883

?PR?_WRITEREG1BIT?SCALER_SET                     -----    -----      006AH    0002H      -----    -----      -----    --
>> ---
  +--> ?PR?DELAYNOP20?TOOLS
  +--> ?PR?_WRITESCALERSERIAL?SCALER_SET
  +--> ?PR?_PUTEMH2?SCALER_SET

?PR?OSDSERVICE?BTC_OSDMENU                       -----    -----      -----    -----      -----    -----      -----    --
>> ---
  +--> ?PR?OSD_ONOFF?BTC_OSDMENU
  +--> ?PR?DISPLAYWINDOW?BTC_OSDMENU
  +--> ?PR?_OSDSEQSEND?INT_EXTOSD
  +--> ?PR?DISPLAY_TOPMENUICON?BTC_OSDMENU
  +--> ?PR?DISPLAY_TVTOPMENUICON?BTC_OSDMENU
  +--> ?PR?DISPLAYINFORMATION?BTC_OSDMENU
  +--> ?PR?DISPLAYMENUWINDOW?BTC_OSDMENU
  +--> ?PR?ICONSEL?BTC_OSDMENU
  +--> ?PR?DISPLAY_MENUBARPERCENT?BTC_OSDMENU
  +--> ?PR?GETTOPMENU?BTC_OSDMENU
  +--> ?PR?MENUBARVALUE?BTC_OSDMENU
  +--> ?PR?TVMENUBARVALUE?BTC_OSDMENU
  +--> ?PR?_OSD230SEQSEND?INT_EXTOSD
  +--> ?PR?PUTDATA?BTC_OSDMENU
  +--> ?PR?SSCSELFUNC?BTC_OSDMENU
  +--> ?PR?INITOSDRAM?BTC_OSDMENU
  +--> ?PR?ARRANGEFUNCTIONTABLE?GENERALRAM
  +--> ?PR?MUTEFUNC?BTC_OSDMENU
  +--> ?PR?DELAYNOP10?TOOLS

?PR?OSD_ONOFF?BTC_OSDMENU                        -----    -----      -----    -----      -----    -----      -----    --
>> ---
  +--> ?PR?_WRITEREG1BIT?SCALER_SET
  +--> ?PR?INTOSDOFF?BTC_OSDMENU
  +--> ?PR?INITOSDRAM?BTC_OSDMENU
  +--> ?PR?CLEAROSD?BTC_OSDMENU
  +--> ?PR?INTOSDON?BTC_OSDMENU
  +--> ?PR?_IDELAY5M?TUNER

?PR?INTOSDOFF?BTC_OSDMENU                        -----    -----      -----    -----      -----    -----      -----    --
BL51 BANKED LINKER/LOCATER V5.02                                                      09/21/2004  09:17:58  PAGE 13


>> ---
  +--> ?PR?DELAYNOP20?TOOLS
  +--> ?PR?_WRITEOSDADR1BIT?SCALER_SET
  +--> ?PR?_WRITEOSDDAT1BIT?SCALER_SET

?PR?_WRITEOSDADR1BIT?SCALER_SET                  -----    -----      -----    -----      -----    -----      -----    --
>> ---
  +--> ?PR?_WRITESCALERSERIAL?SCALER_SET

?PR?_WRITEOSDDAT1BIT?SCALER_SET                  -----    -----      -----    -----      -----    -----      -----    --
>> ---
  +--> ?PR?_WRITESCALERSERIAL?SCALER_SET

?PR?INITOSDRAM?BTC_OSDMENU                       -----    -----      -----    -----      00BDH    0001H      -----    --
>> ---
  +--> ?PR?_OSD230SEQSEND?INT_EXTOSD

?PR?_OSD230SEQSEND?INT_EXTOSD                    -----    -----      0067H    0004H      -----    -----      -----    --
>> ---
  +--> ?PR?_OSD230ROWSEND?INT_EXTOSD
  +--> ?PR?_OSD230COLSEND?INT_EXTOSD
  +--> ?PR?_OSD230DATASEND?INT_EXTOSD

?PR?_OSD230ROWSEND?INT_EXTOSD                    -----    -----      -----    -----      00C2H    0001H      -----    --
>> ---

?PR?_OSD230COLSEND?INT_EXTOSD                    -----    -----      -----    -----      00C2H    0001H      -----    --
>> ---

?PR?_OSD230DATASEND?INT_EXTOSD                   -----    -----      -----    -----      00C2H    0001H      -----    --
>> ---

?PR?CLEAROSD?BTC_OSDMENU                         -----    -----      005BH    0002H      -----    -----      -----    --
>> ---
  +--> ?PR?DELAYNOP20?TOOLS
  +--> ?PR?_WRITEOSDADR1BIT?SCALER_SET
  +--> ?PR?_WRITEOSDDAT1BIT?SCALER_SET

?PR?INTOSDON?BTC_OSDMENU                         -----    -----      -----    -----      -----    -----      -----    --
>> ---
  +--> ?PR?DELAYNOP20?TOOLS
  +--> ?PR?_WRITEOSDADR1BIT?SCALER_SET
  +--> ?PR?_WRITEOSDDAT1BIT?SCALER_SET

?PR?DISPLAYWINDOW?BTC_OSDMENU                    -----    -----      -----    -----      -----    -----      -----    --
>> ---
  +--> ?CO?BTC_OSDMENU
  +--> ?PR?_OSDWINDOW_OPTION?INT_EXTOSD
  +--> ?PR?_OSDWINDOW?INT_EXTOSD

?PR?_OSDWINDOW_OPTION?INT_EXTOSD                 -----    -----      005BH    0003H      00BAH    0002H      -----    --
>> ---

?PR?_OSDWINDOW?INT_EXTOSD                        -----    -----      005BH    0006H      -----    -----      -----    --
>> ---
  +--> ?PR?_WRITEOSDADR1BIT?SCALER_SET
  +--> ?PR?_WRITEOSDDAT1BIT?SCALER_SET
BL51 BANKED LINKER/LOCATER V5.02                                                      09/21/2004  09:17:58  PAGE 14


  +--> ?PR?DELAYNOP20?TOOLS

?PR?_OSDSEQSEND?INT_EXTOSD                       -----    -----      005DH    0004H      -----    -----      -----    --
>> ---
  +--> ?PR?DELAYNOP20?TOOLS
  +--> ?PR?_WRITEOSDADR1BIT?SCALER_SET
  +--> ?PR?_WRITEOSDDAT1BIT?SCALER_SET

?PR?DISPLAY_TOPMENUICON?BTC_OSDMENU              -----    -----      -----    -----      -----    -----      -----    --
>> ---
  +--> ?CO?BTC_OSDMENU
  +--> ?PR?_OSD230SEQSEND?INT_EXTOSD
  +--> ?PR?_OSD230PTRSEND?INT_EXTOSD

?PR?_OSD230PTRSEND?INT_EXTOSD                    -----    -----      0060H    0006H      00C1H    0001H      -----    --
>> ---
  +--> ?PR?_OSD230ROWSEND?INT_EXTOSD
  +--> ?PR?_OSD230COLSEND?INT_EXTOSD
  +--> ?PR?_OSD230DATASEND?INT_EXTOSD

?PR?DISPLAY_TVTOPMENUICON?BTC_OSDMENU            -----    -----      -----    -----      -----    -----      -----    --
>> ---
  +--> ?CO?BTC_OSDMENU
  +--> ?PR?_OSD230SEQSEND?INT_EXTOSD
  +--> ?PR?_OSD230PTRSEND?INT_EXTOSD

?PR?DISPLAYINFORMATION?BTC_OSDMENU               -----    -----      -----    -----      -----    -----      -----    --
>> ---
  +--> ?PR?OSDDATAWINDOWCLEAR?BTC_OSDMENU
  +--> ?PR?DISPLAY_ADJUSTINFO?BTC_OSDMENU
  +--> ?PR?DISPLAY_BOTTOMCURRENTINFO?BTC_OSD...

?PR?OSDDATAWINDOWCLEAR?BTC_OSDMENU               -----    -----      005BH    0001H      -----    -----      -----    --
>> ---
  +--> ?PR?_OSD230SEQSEND?INT_EXTOSD

?PR?DISPLAY_BOTTOMCURRENTINFO?BTC_OSD...         -----    -----      -----    -----      00BAH    0004H      -----    --
>> ---
  +--> ?PR?_OSD230SEQSEND?INT_EXTOSD
  +--> ?PR?_OSD230ROWSEND?INT_EXTOSD
  +--> ?PR?_OSD230COLSEND?INT_EXTOSD
  +--> ?PR?_CALTOCHAR?INT_EXTOSD
  +--> ?PR?_DISPLAYINFO?BTC_OSDMENU
  +--> ?PR?_OSD230DATASEND?INT_EXTOSD
  +--> ?CO?BTC_OSDMENU
  +--> ?PR?_OSD230PTRSEND?INT_EXTOSD

?PR?_CALTOCHAR?INT_EXTOSD                        -----    -----      0067H    0005H      -----    -----      -----    --
>> ---

?PR?_DISPLAYINFO?BTC_OSDMENU                     -----    -----      005CH    0002H      -----    -----      -----    --
>> ---
  +--> ?PR?_OSD230DATASEND?INT_EXTOSD

?PR?DISPLAYMENUWINDOW?BTC_OSDMENU                -----    -----      -----    -----      00BAH    0003H      -----    --
>> ---
  +--> ?PR?OSDDATAWINDOWCLEAR?BTC_OSDMENU
BL51 BANKED LINKER/LOCATER V5.02                                                      09/21/2004  09:17:58  PAGE 15


  +--> ?PR?OSDATTRCLEAR?BTC_OSDMENU
  +--> ?PR?MENUCHARACTER?BTC_OSDMENU
  +--> ?PR?MENUBARVALUE?BTC_OSDMENU
  +--> ?PR?TVMENUCHARACTER?BTC_OSDMENU
  +--> ?PR?TVMENUBARVALUE?BTC_OSDMENU
  +--> ?CO?BTC_OSDMENU
  +--> ?PR?_OSD230SEQSEND?INT_EXTOSD
  +--> ?PR?_OSD230PTRSEND?INT_EXTOSD
  +--> ?PR?PIPCHANNELOSD?BTC_OSDMENU
  +--> ?PR?_CHANNELOSD?BTC_OSDMENU
  +--> ?PR?_CALTOCHAR?INT_EXTOSD
  +--> ?PR?_OSD230ROWSEND?INT_EXTOSD
  +--> ?PR?_OSD230COLSEND?INT_EXTOSD
  +--> ?PR?_OSD230DATASEND?INT_EXTOSD
  +--> ?PR?_OSD230DATPTRSEND?INT_EXTOSD

?PR?OSDATTRCLEAR?BTC_OSDMENU                     -----    -----      005BH    0001H      -----    -----      -----    --
>> ---
  +--> ?PR?_OSDSEQSEND?INT_EXTOSD
  +--> ?PR?_OSD230SEQSEND?INT_EXTOSD

?PR?MENUCHARACTER?BTC_OSDMENU                    -----    -----      -----    -----      -----    -----      -----    --
>> ---
  +--> ?PR?GETTOPMENU?BTC_OSDMENU
  +--> ?PR?_WRITECHARACTOR?BTC_OSDMENU
  +--> ?PR?_OSD230SEQSEND?INT_EXTOSD
  +--> ?PR?_OSD230ROWSEND?INT_EXTOSD
  +--> ?PR?_OSD230COLSEND?INT_EXTOSD
  +--> ?PR?_OSD230DATA2SENDHIGH?INT_EXTOSD
  +--> ?PR?_OSD230SEQSEND2?INT_EXTOSD
  +--> ?CO?BTC_OSDMENU
  +--> ?PR?_OSD230PTRSEND?INT_EXTOSD

?PR?_WRITECHARACTOR?BTC_OSDMENU                  -----    -----      005BH    0003H      -----    -----      -----    --
>> ---
  +--> ?PR?_OSD230SEQSEND?INT_EXTOSD
  +--> ?PR?_OSD230SEQSEND2?INT_EXTOSD

?PR?_OSD230SEQSEND2?INT_EXTOSD                   -----    -----      005FH    0004H      -----    -----      -----    --
>> ---
  +--> ?PR?_OSD230ROWSEND?INT_EXTOSD
  +--> ?PR?_OSD230COLSEND?INT_EXTOSD
  +--> ?PR?_OSD230DATASEND?INT_EXTOSD

?PR?_OSD230DATA2SENDHIGH?INT_EXTOSD              -----    -----      -----    -----      -----    -----      -----    --
>> ---
  +--> ?PR?_OSD230DATASENDHIGH?INT_EXTOSD

?PR?_OSD230DATASENDHIGH?INT_EXTOSD               -----    -----      005BH    0001H      -----    -----      -----    --
>> ---

?PR?MENUBARVALUE?BTC_OSDMENU                     -----    -----      -----    -----      -----    -----      -----    --
>> ---
  +--> ?PR?GETTOPMENU?BTC_OSDMENU
  +--> ?PR?_BARANDPERSENT2?BTC_OSDMENU
  +--> ?PR?COLORTEMPFUNC?BTC_OSDMENU
  +--> ?PR?LANGUAGEFUNC?BTC_OSDMENU
BL51 BANKED LINKER/LOCATER V5.02                                                      09/21/2004  09:17:58  PAGE 16


  +--> ?PR?_DISPLAYPERCENT2?BTC_OSDMENU
  +--> ?PR?_DISPLAYBAR2?BTC_OSDMENU
  +--> ?PR?_OSDSEQSEND?INT_EXTOSD
  +--> ?PR?OSDTIMEOUT?BTC_OSDMENU
  +--> ?PR?_ONOFFDISPLAYFUNC?BTC_OSDMENU
  +--> ?PR?_PIPONOFFFUNC?BTC_OSDMENU
  +--> ?PR?PIPSOURCESELFUNC?BTC_OSDMENU
  +--> ?PR?PIPSOURCESELSERVICE?KEYMENU
  +--> ?PR?PIPSIZESELFUNC?BTC_OSDMENU
  +--> ?PR?PIPSIZESELSERVICE?KEYMENU
  +--> ?PR?PIPHPOSSELFUNC?BTC_OSDMENU
  +--> ?PR?PIPVPOSSELFUNC?BTC_OSDMENU
  +--> ?PR?PIPASPECTSELFUNC?BTC_OSDMENU
  +--> ?PR?PIPBLENDSELFUNC?BTC_OSDMENU
  +--> ?PR?_DOSMODEDISPLAY?BTC_OSDMENU
  +--> ?PR?_ASPECTRATIOFUNC?BTC_OSDMENU
  +--> ?PR?SMARTSOUNDCTRFUNC?BTC_OSDMENU

?PR?_BARANDPERSENT2?BTC_OSDMENU                  -----    -----      005DH    0002H      -----    -----      -----    --
>> ---
  +--> ?CO?BTC_OSDMENU
  +--> ?PR?_DISPLAYPERCENT2?BTC_OSDMENU
  +--> ?PR?_DISPLAYBAR2?BTC_OSDMENU

?PR?_DISPLAYPERCENT2?BTC_OSDMENU                 -----    -----      005FH    0008H      00BDH    0002H      -----    --
>> ---
  +--> ?PR?_OSD230SEQSEND?INT_EXTOSD
  +--> ?PR?_OSD230ROWSEND?INT_EXTOSD
  +--> ?PR?_OSD230COLSEND?INT_EXTOSD
  +--> ?PR?_CALTOCHAR?INT_EXTOSD
  +--> ?PR?_OSD230DATASEND?INT_EXTOSD

?PR?_DISPLAYBAR2?BTC_OSDMENU                     -----    -----      005FH    0008H      -----    -----      -----    --
>> ---
  +--> ?PR?_OSD230ROWSEND?INT_EXTOSD
  +--> ?PR?_OSD230COLSEND?INT_EXTOSD
  +--> ?PR?_OSD230SEQSEND?INT_EXTOSD
  +--> ?PR?_OSD230DATASEND?INT_EXTOSD

?PR?COLORTEMPFUNC?BTC_OSDMENU                    -----    -----      -----    -----      00BDH    0002H      -----    --
>> ---
  +--> ?PR?_OSDANGLEDRAW?BTC_OSDMENU
  +--> ?CO?BTC_OSDMENU
  +--> ?PR?_OSD230PTRSEND?INT_EXTOSD

?PR?_OSDANGLEDRAW?BTC_OSDMENU                    -----    -----      0060H    0003H      -----    -----      -----    --
>> ---
  +--> ?PR?_OSD230SEQSEND?INT_EXTOSD

?PR?LANGUAGEFUNC?BTC_OSDMENU                     -----    -----      -----    -----      00BDH    0002H      -----    --
>> ---
  +--> ?PR?_OSDANGLEDRAW?BTC_OSDMENU
  +--> ?CO?BTC_OSDMENU
  +--> ?PR?_OSD230PTRSEND?INT_EXTOSD
  +--> ?PR?DISPLAY_ADJUSTINFO?BTC_OSDMENU

?PR?OSDTIMEOUT?BTC_OSDMENU                       -----    -----      -----    -----      00BDH    0002H      -----    --
BL51 BANKED LINKER/LOCATER V5.02                                                      09/21/2004  09:17:58  PAGE 17


>> ---
  +--> ?PR?_OSD230SEQSEND?INT_EXTOSD
  +--> ?PR?_OSD230COLSEND?INT_EXTOSD
  +--> ?PR?_OSD230DATASEND?INT_EXTOSD
  +--> ?PR?_CALTOCHAR?INT_EXTOSD
  +--> ?CO?BTC_OSDMENU
  +--> ?PR?_OSD230PTRSEND?INT_EXTOSD

?PR?_ONOFFDISPLAYFUNC?BTC_OSDMENU                -----    -----      005DH    0003H      00BDH    0002H      -----    --
>> ---
  +--> ?CO?BTC_OSDMENU
  +--> ?PR?_OSD230PTRSEND?INT_EXTOSD
  +--> ?PR?_OSDANGLEDRAW?BTC_OSDMENU

?PR?_PIPONOFFFUNC?BTC_OSDMENU                    -----    -----      005DH    0003H      00BDH    0002H      -----    --
>> ---
  +--> ?PR?_OSDANGLEDRAW?BTC_OSDMENU
  +--> ?CO?BTC_OSDMENU
  +--> ?PR?_OSD230PTRSEND?INT_EXTOSD

?PR?PIPSOURCESELFUNC?BTC_OSDMENU                 -----    -----      -----    -----      00BDH    0004H      -----    --
>> ---
  +--> ?PR?_OSDANGLEDRAW?BTC_OSDMENU
  +--> ?CO?BTC_OSDMENU
  +--> ?PR?_OSD230PTRSEND?INT_EXTOSD

?PR?PIPSOURCESELSERVICE?KEYMENU                  -----    -----      -----    -----      -----    -----      -----    --
>> ---
  +--> ?PR?CHANGETOPIPRGBCOMPOSITEFAST?SCALE...
  +--> ?PR?CHANGETOPIPRGBSVIDEOFAST?SCALER_SET
  +--> ?PR?_SCARTSWITCH?SPROCESSOR
  +--> ?PR?CHANGETOPIPRGBTUNERFAST?SCALER_SET
  +--> ?PR?_SOUNDINPUTSELECTION?SPROCESSOR

?PR?CHANGETOPIPRGBCOMPOSITEFAST?SCALE...         -----    -----      -----    -----      -----    -----      -----    --
>> ---
  +--> ?PR?SOUNDFASTMUTE?SPROCESSOR
  +--> ?PR?_BITWRITESCALER?SCALER_SET
  +--> ?PR?_EEPROMSETQUE?PERIDEVICE_SET
  +--> ?PR?PIPSUBREGISTERSET?SCALER_SET
  +--> ?PR?_SCARTSWITCH?SPROCESSOR
  +--> ?PR?_SOUNDINPUTSELECTION?SPROCESSOR
  +--> ?PR?PUTVOLUMEPWM?KEYMENU

?PR?_BITWRITESCALER?SCALER_SET                   -----    -----      -----    -----      -----    -----      -----    --
>> ---
  +--> ?PR?_GETEMH1A?SCALER_SET
  +--> ?PR?_WRITEREG1BIT?SCALER_SET

?PR?PIPSUBREGISTERSET?SCALER_SET                 -----    -----      -----    -----      -----    -----      -----    --
>> ---
  +--> ?PR?_EXTRACTCLK?SCALER_SET
  +--> ?PR?_SETSCALERINPUTIBRQS?SCALER_SET
  +--> ?PR?_SETSCALERINPUTCONDITION?SCALER_SET
  +--> ?PR?_SETSCALERHPOSTION?SCALER_SET
  +--> ?PR?_SETSCALERVPOSTION?SCALER_SET
  +--> ?PR?_SETSCALERINPUTACTIVE?SCALER_SET
BL51 BANKED LINKER/LOCATER V5.02                                                      09/21/2004  09:17:58  PAGE 18


  +--> ?PR?_SETSCALEROUTPUTHVTOTAL?SCALER_SET
  +--> ?PR?_SETSCALERFMOTHERS?SCALER_SET
  +--> ?PR?_SETSCALEROUTPUTOREQSTART?SCALER_SET
  +--> ?PR?_SETSCALERFMUSE?SCALER_SET
  +--> ?PR?_WRITEREG1BIT?SCALER_SET

?PR?_EXTRACTCLK?SCALER_SET                       -----    -----      005DH    0008H      00BDH    000CH      -----    --
>> ---
  +--> ?PR?_READSCALERSERIAL?SCALER_SET
  +--> ?PR?_GETDVTOTAL?SCALER_SET

?PR?_READSCALERSERIAL?SCALER_SET                 -----    -----      0067H    0001H      -----    -----      -----    --
>> ---
  +--> ?PR?DELAYNOP20?TOOLS
  +--> ?PR?_WRITESCALERSERIAL?SCALER_SET

?PR?_GETDVTOTAL?SCALER_SET                       -----    -----      0067H    0002H      -----    -----      -----    --
>> ---

?PR?_SETSCALERINPUTIBRQS?SCALER_SET              -----    -----      005DH    0001H      -----    -----      -----    --
>> ---
  +--> ?PR?_WRITEREG1BIT?SCALER_SET

?PR?_SETSCALERINPUTCONDITION?SCALER_SET          -----    -----      -----    -----      -----    -----      -----    --
>> ---
  +--> ?PR?_BITWRITESCALER?SCALER_SET
  +--> ?CO?MODETABLE
  +--> ?PR?_WRITEREG1BIT?SCALER_SET

?PR?_SETSCALERHPOSTION?SCALER_SET                -----    -----      -----    -----      -----    -----      -----    --
>> ---
  +--> ?PR?_EEPROM_READ?PERIDEVICE_SET
  +--> ?CO?MODETABLE
  +--> ?PR?_WORDWRITESCALER?SCALER_SET

?PR?_WORDWRITESCALER?SCALER_SET                  -----    -----      0067H    0003H      -----    -----      -----    --
>> ---
  +--> ?PR?_WRITEREG1BIT?SCALER_SET

?PR?_SETSCALERVPOSTION?SCALER_SET                -----    -----      005DH    0001H      -----    -----      -----    --
>> ---
  +--> ?PR?_WORDWRITESCALER?SCALER_SET
  +--> ?PR?_EEPROM_READ?PERIDEVICE_SET

?PR?_SETSCALERINPUTACTIVE?SCALER_SET             -----    -----      -----    -----      -----    -----      -----    --
>> ---
  +--> ?PR?_WORDWRITESCALER?SCALER_SET

?PR?_SETSCALEROUTPUTHVTOTAL?SCALER_SET           -----    -----      005DH    000AH      -----    -----      -----    --
>> ---
  +--> ?PR?_READSCALERSERIAL?SCALER_SET
  +--> ?PR?_GETDVTOTAL?SCALER_SET
  +--> ?PR?_WORDWRITESCALER?SCALER_SET

?PR?_SETSCALERFMOTHERS?SCALER_SET                -----    -----      -----    -----      -----    -----      -----    --
>> ---
  +--> ?PR?_WRITEREG1BIT?SCALER_SET
BL51 BANKED LINKER/LOCATER V5.02                                                      09/21/2004  09:17:58  PAGE 19


  +--> ?PR?_WORDWRITESCALER?SCALER_SET

?PR?_SETSCALEROUTPUTOREQSTART?SCALER_SET         -----    -----      -----    -----      -----    -----      -----    --
>> ---
  +--> ?PR?_WRITEREG1BIT?SCALER_SET

?PR?_SETSCALERFMUSE?SCALER_SET                   -----    -----      -----    -----      -----    -----      -----    --
>> ---
  +--> ?PR?_WRITEREG1BIT?SCALER_SET
  +--> ?PR?_BITWRITESCALER?SCALER_SET

?PR?PUTVOLUMEPWM?KEYMENU                         -----    -----      -----    -----      -----    -----      -----    --
>> ---
  +--> ?PR?SOUNDSETVOLUME?SPROCESSOR

?PR?SOUNDSETVOLUME?SPROCESSOR                    -----    -----      -----    -----      -----    -----      -----    --
>> ---
  +--> ?CO?SPROCESSOR
  +--> ?PR?_MSP34XYDSPWRITE?SPROCESSOR
  +--> ?PR?_EEPROMSETQUE?PERIDEVICE_SET

?PR?CHANGETOPIPRGBSVIDEOFAST?SCALER_SET          -----    -----      -----    -----      -----    -----      -----    --
>> ---
  +--> ?PR?SOUNDFASTMUTE?SPROCESSOR
  +--> ?PR?_BITWRITESCALER?SCALER_SET
  +--> ?PR?_EEPROMSETQUE?PERIDEVICE_SET
  +--> ?PR?PIPSUBREGISTERSET?SCALER_SET
  +--> ?PR?_SCARTSWITCH?SPROCESSOR
  +--> ?PR?_SOUNDINPUTSELECTION?SPROCESSOR
  +--> ?PR?PUTVOLUMEPWM?KEYMENU

?PR?CHANGETOPIPRGBTUNERFAST?SCALER_SET           -----    -----      -----    -----      -----    -----      -----    --
>> ---
  +--> ?PR?SOUNDFASTMUTE?SPROCESSOR
  +--> ?PR?_BITWRITESCALER?SCALER_SET
  +--> ?PR?_EEPROMSETQUE?PERIDEVICE_SET
  +--> ?PR?PIPSUBREGISTERSET?SCALER_SET
  +--> ?PR?_SOUNDINPUTSELECTION?SPROCESSOR

?PR?PIPSIZESELFUNC?BTC_OSDMENU                   -----    -----      -----    -----      00BDH    0004H      -----    --
>> ---
  +--> ?PR?_OSDANGLEDRAW?BTC_OSDMENU
  +--> ?CO?BTC_OSDMENU
  +--> ?PR?_OSD230PTRSEND?INT_EXTOSD

?PR?PIPSIZESELSERVICE?KEYMENU                    -----    -----      -----    -----      -----    -----      -----    --
>> ---
  +--> ?PR?_EEPROMSETQUE?PERIDEVICE_SET
  +--> ?PR?_BITWRITESCALER?SCALER_SET
  +--> ?PR?_SETSCALERZOOMFACTOR?SCALER_SET
  +--> ?PR?_SETSCALERPIPOUTPUTCONDITION?SCAL...

?PR?_SETSCALERZOOMFACTOR?SCALER_SET              -----    -----      005DH    0008H      -----    -----      -----    --
>> ---
  +--> ?PR?_WRITEREG1BIT?SCALER_SET
  +--> ?PR?_WORDWRITESCALER?SCALER_SET

BL51 BANKED LINKER/LOCATER V5.02                                                      09/21/2004  09:17:58  PAGE 20


?PR?_SETSCALERPIPOUTPUTCONDITION?SCAL...         -----    -----      -----    -----      -----    -----      0ABDH    00
>> 01H
  +--> ?PR?_WORDWRITESCALER?SCALER_SET
  +--> ?PR?PIPPOSITIONSERVICE?BTC_OSDMENU
  +--> ?PR?_IDELAY5M?TUNER
  +--> ?PR?PIPENABLEFUNC?SCALER_SET
  +--> ?PR?_WRITEREG1BIT?SCALER_SET
  +--> ?PR?_BITWRITESCALER?SCALER_SET
  +--> ?PR?PIPBLENDFUNC?SCALER_SET

?PR?PIPPOSITIONSERVICE?BTC_OSDMENU               -----    -----      -----    -----      -----    -----      -----    --
>> ---
  +--> ?PR?PIPHVPOSITION?BTC_OSDMENU

?PR?PIPHVPOSITION?BTC_OSDMENU                    -----    -----      -----    -----      -----    -----      0ABEH    00
>> 01H
  +--> ?CO?MODETABLE
  +--> ?PR?_WORDWRITESCALER?SCALER_SET

?PR?PIPENABLEFUNC?SCALER_SET                     -----    -----      -----    -----      -----    -----      -----    --
>> ---
  +--> ?PR?_WRITEREG1BIT?SCALER_SET

?PR?PIPBLENDFUNC?SCALER_SET                      -----    -----      -----    -----      -----    -----      -----    --
>> ---
  +--> ?PR?_WRITEREG1BIT?SCALER_SET

?PR?PIPHPOSSELFUNC?BTC_OSDMENU                   -----    -----      -----    -----      00BDH    0004H      -----    --
>> ---
  +--> ?PR?_OSDANGLEDRAW?BTC_OSDMENU
  +--> ?CO?BTC_OSDMENU
  +--> ?PR?_OSD230PTRSEND?INT_EXTOSD

?PR?PIPVPOSSELFUNC?BTC_OSDMENU                   -----    -----      -----    -----      00BDH    0004H      -----    --
>> ---
  +--> ?PR?_OSDANGLEDRAW?BTC_OSDMENU
  +--> ?CO?BTC_OSDMENU
  +--> ?PR?_OSD230PTRSEND?INT_EXTOSD

?PR?PIPASPECTSELFUNC?BTC_OSDMENU                 -----    -----      -----    -----      00BDH    0004H      -----    --
>> ---
  +--> ?PR?_OSDANGLEDRAW?BTC_OSDMENU
  +--> ?CO?BTC_OSDMENU
  +--> ?PR?_OSD230PTRSEND?INT_EXTOSD

?PR?PIPBLENDSELFUNC?BTC_OSDMENU                  -----    -----      -----    -----      -----    -----      -----    --
>> ---
  +--> ?PR?_DISPLAYPERCENT2?BTC_OSDMENU
  +--> ?PR?_DISPLAYBAR2?BTC_OSDMENU

?PR?_DOSMODEDISPLAY?BTC_OSDMENU                  -----    -----      005DH    0003H      00BDH    0002H      -----    --
>> ---
  +--> ?PR?_OSDANGLEDRAW?BTC_OSDMENU
  +--> ?CO?BTC_OSDMENU
  +--> ?PR?_OSD230PTRSEND?INT_EXTOSD

?PR?_ASPECTRATIOFUNC?BTC_OSDMENU                 -----    -----      005DH    0003H      00BDH    0002H      -----    --
BL51 BANKED LINKER/LOCATER V5.02                                                      09/21/2004  09:17:58  PAGE 21


>> ---
  +--> ?PR?_OSDANGLEDRAW?BTC_OSDMENU
  +--> ?CO?BTC_OSDMENU
  +--> ?PR?_OSD230PTRSEND?INT_EXTOSD

?PR?SMARTSOUNDCTRFUNC?BTC_OSDMENU                -----    -----      -----    -----      00BDH    0002H      -----    --
>> ---
  +--> ?PR?_OSDANGLEDRAW?BTC_OSDMENU
  +--> ?CO?BTC_OSDMENU
  +--> ?PR?_OSD230PTRSEND?INT_EXTOSD

?PR?TVMENUCHARACTER?BTC_OSDMENU                  -----    -----      -----    -----      -----    -----      -----    --
>> ---
  +--> ?PR?GETTVTOPMENU?BTC_OSDMENU
  +--> ?PR?_WRITECHARACTOR?BTC_OSDMENU
  +--> ?PR?_OSD230SEQSEND?INT_EXTOSD
  +--> ?PR?_OSD230ROWSEND?INT_EXTOSD
  +--> ?PR?_OSD230COLSEND?INT_EXTOSD
  +--> ?PR?_OSD230DATA2SENDHIGH?INT_EXTOSD
  +--> ?PR?_OSD230SEQSEND2?INT_EXTOSD
  +--> ?CO?BTC_OSDMENU
  +--> ?PR?_OSD230PTRSEND?INT_EXTOSD

?PR?TVMENUBARVALUE?BTC_OSDMENU                   -----    -----      -----    -----      -----    -----      -----    --
>> ---
  +--> ?PR?GETTVTOPMENU?BTC_OSDMENU
  +--> ?PR?_BARANDPERSENT2?BTC_OSDMENU
  +--> ?PR?_DISPLAYBAR3?BTC_OSDMENU
  +--> ?PR?_DISPLAYPERCENT2?BTC_OSDMENU
  +--> ?PR?SMARTPICCTRFUNC?BTC_OSDMENU
  +--> ?PR?_STARTCHARDISPLAYFUNC?BTC_OSDMENU
  +--> ?PR?_DISPLAYPERCENT?BTC_OSDMENU
  +--> ?PR?LANGUAGEFUNC?BTC_OSDMENU
  +--> ?PR?_ONOFFDISPLAYFUNC?BTC_OSDMENU
  +--> ?PR?TVASPECTRATIOSELFUNC?BTC_OSDMENU
  +--> ?PR?TVASPECTRATIOSERVICE?KEYMENU
  +--> ?PR?SLEEPFUNC?BTC_OSDMENU
  +--> ?PR?SMARTSOUNDCTRFUNC?BTC_OSDMENU

?PR?_DISPLAYBAR3?BTC_OSDMENU                     -----    -----      005DH    0008H      -----    -----      -----    --
>> ---
  +--> ?PR?_OSD230ROWSEND?INT_EXTOSD
  +--> ?PR?_OSD230COLSEND?INT_EXTOSD
  +--> ?PR?_OSD230SEQSEND?INT_EXTOSD

?PR?SMARTPICCTRFUNC?BTC_OSDMENU                  -----    -----      -----    -----      00BDH    0002H      -----    --
>> ---
  +--> ?PR?_OSDANGLEDRAW?BTC_OSDMENU
  +--> ?CO?BTC_OSDMENU
  +--> ?PR?_OSD230PTRSEND?INT_EXTOSD

?PR?_STARTCHARDISPLAYFUNC?BTC_OSDMENU            -----    -----      005DH    0002H      -----    -----      -----    --
>> ---
  +--> ?PR?_OSD230SEQSEND?INT_EXTOSD
  +--> ?CO?BTC_OSDMENU
  +--> ?PR?_OSD230PTRSEND?INT_EXTOSD

BL51 BANKED LINKER/LOCATER V5.02                                                      09/21/2004  09:17:58  PAGE 22


?PR?_DISPLAYPERCENT?BTC_OSDMENU                  -----    -----      005DH    0009H      -----    -----      -----    --
>> ---
  +--> ?PR?_OSD230ROWSEND?INT_EXTOSD
  +--> ?PR?_OSD230COLSEND?INT_EXTOSD
  +--> ?PR?_CALTOCHAR?INT_EXTOSD
  +--> ?PR?_OSD230SEQSEND?INT_EXTOSD
  +--> ?PR?_OSD230DATASEND?INT_EXTOSD

?PR?TVASPECTRATIOSELFUNC?BTC_OSDMENU             -----    -----      -----    -----      00BDH    0004H      -----    --
>> ---
  +--> ?PR?_OSDANGLEDRAW?BTC_OSDMENU
  +--> ?CO?BTC_OSDMENU
  +--> ?PR?_OSD230PTRSEND?INT_EXTOSD

?PR?TVASPECTRATIOSERVICE?KEYMENU                 -----    -----      -----    -----      -----    -----      -----    --
>> ---
  +--> ?PR?_EEPROMSETQUE?PERIDEVICE_SET
  +--> ?PR?_SETSCALERZOOMFACTOR?SCALER_SET
  +--> ?PR?_IDELAY5M?TUNER

?PR?SLEEPFUNC?BTC_OSDMENU                        -----    -----      005DH    0002H      -----    -----      -----    --
>> ---
  +--> ?PR?_OSDANGLEDRAW?BTC_OSDMENU
  +--> ?PR?_OSD230COLSEND?INT_EXTOSD
  +--> ?PR?_OSD230DATASEND?INT_EXTOSD
  +--> ?PR?_CALTOCHAR?INT_EXTOSD
  +--> ?PR?_OSD230SEQSEND2?INT_EXTOSD
  +--> ?PR?_OSD230SEQSEND?INT_EXTOSD
  +--> ?CO?BTC_OSDMENU
  +--> ?PR?_OSD230PTRSEND?INT_EXTOSD

?PR?PIPCHANNELOSD?BTC_OSDMENU                    -----    -----      -----    -----      -----    -----      0ABFH    00
>> 02H
  +--> ?PR?_CHANNELOSD?BTC_OSDMENU

?PR?_CHANNELOSD?BTC_OSDMENU                      -----    -----      005BH    0004H      -----    -----      -----    --
>> ---
  +--> ?PR?INITOSDRAM?BTC_OSDMENU
  +--> ?PR?_CHECKCHMASK?TUNER
  +--> ?PR?_OSD230SEQSEND?INT_EXTOSD
  +--> ?CO?BTC_OSDMENU
  +--> ?PR?_OSD230PTRSEND?INT_EXTOSD
  +--> ?PR?CALDISPCHANNEL?TUNER
  +--> ?PR?_CALTOCHAR?INT_EXTOSD
  +--> ?PR?_OSD230DATASEND?INT_EXTOSD

?PR?_CHECKCHMASK?TUNER                           -----    -----      -----    -----      -----    -----      0AC1H    00
>> 01H
  +--> ?PR?_GETCHANNELSTATUS?TUNER

?PR?_GETCHANNELSTATUS?TUNER                      -----    -----      -----    -----      -----    -----      -----    --
>> ---
  +--> ?PR?_EEPROM_READ?PERIDEVICE_SET

?PR?_OSD230DATPTRSEND?INT_EXTOSD                 -----    -----      005BH    0003H      00BDH    0001H      -----    --
>> ---
  +--> ?PR?_OSD230DATASEND?INT_EXTOSD
BL51 BANKED LINKER/LOCATER V5.02                                                      09/21/2004  09:17:58  PAGE 23



?PR?ICONSEL?BTC_OSDMENU                          -----    -----      -----    -----      -----    -----      -----    --
>> ---
  +--> ?PR?GETTOPMENU?BTC_OSDMENU
  +--> ?PR?GETTVTOPMENU?BTC_OSDMENU
  +--> ?PR?_OSD230SEQSEND?INT_EXTOSD

?PR?DISPLAY_MENUBARPERCENT?BTC_OSDMENU           -----    -----      -----    -----      -----    -----      0ABDH    00
>> 02H
  +--> ?PR?COLORTEMPFUNC?BTC_OSDMENU
  +--> ?PR?LANGUAGEFUNC?BTC_OSDMENU
  +--> ?PR?DISPLAY_MENUDESCRIPTION?BTC_OSDMENU
  +--> ?PR?_DISPLAYPERCENT?BTC_OSDMENU
  +--> ?PR?_DISPLAYBAR2?BTC_OSDMENU
  +--> ?PR?_OSDSEQSEND?INT_EXTOSD
  +--> ?PR?_BARANDPERSENT?BTC_OSDMENU
  +--> ?PR?_OSD230SEQSEND?INT_EXTOSD
  +--> ?PR?_OSD230COLSEND?INT_EXTOSD
  +--> ?PR?_OSD230DATASEND?INT_EXTOSD
  +--> ?PR?_CALTOCHAR?INT_EXTOSD
  +--> ?CO?BTC_OSDMENU
  +--> ?PR?_OSD230PTRSEND?INT_EXTOSD
  +--> ?PR?_ONOFFDISPLAYFUNC?BTC_OSDMENU
  +--> ?PR?_WRITEREG1BIT?SCALER_SET
  +--> ?PR?_PIPONOFFFUNC?BTC_OSDMENU
  +--> ?PR?PIPSOURCESELFUNC?BTC_OSDMENU
  +--> ?PR?DISPLAY_BOTTOMCURRENTINFO?BTC_OSD...
  +--> ?PR?PIPSIZESELFUNC?BTC_OSDMENU
  +--> ?PR?PIPASPECTSELFUNC?BTC_OSDMENU
  +--> ?PR?PIPBLENDSELFUNC?BTC_OSDMENU
  +--> ?PR?PIPHPOSSELFUNC?BTC_OSDMENU
  +--> ?PR?PIPVPOSSELFUNC?BTC_OSDMENU
  +--> ?PR?_DOSMODEDISPLAY?BTC_OSDMENU
  +--> ?PR?_ASPECTRATIOFUNC?BTC_OSDMENU
  +--> ?PR?_DISPLAYBAR3?BTC_OSDMENU
  +--> ?PR?DISPLAY_TVMENUDESCRIPTION?BTC_OSD...
  +--> ?PR?DISPLAY_ADJUSTINFO?BTC_OSDMENU
  +--> ?PR?TVASPECTRATIOSELFUNC?BTC_OSDMENU
  +--> ?PR?SMARTPICCTRFUNC?BTC_OSDMENU
  +--> ?PR?SLEEPFUNC?BTC_OSDMENU
  +--> ?PR?SMARTSOUNDCTRFUNC?BTC_OSDMENU
  +--> ?PR?_DISPLAYPERCENT2?BTC_OSDMENU
  +--> ?PR?_DISPLAYBAR?BTC_OSDMENU

?PR?DISPLAY_MENUDESCRIPTION?BTC_OSDMENU          -----    -----      -----    -----      -----    -----      0ABFH    00
>> 01H
  +--> ?PR?_OSD230SEQSEND?INT_EXTOSD
  +--> ?CO?BTC_OSDMENU
  +--> ?PR?_WRITEMENU?BTC_OSDMENU

?PR?_WRITEMENU?BTC_OSDMENU                       -----    -----      005BH    0004H      -----    -----      0AC0H    00
>> 01H
  +--> ?PR?_OSD230SEQSEND?INT_EXTOSD
  +--> ?PR?_OSD230PTRSEND?INT_EXTOSD

?PR?_BARANDPERSENT?BTC_OSDMENU                   -----    -----      005BH    0002H      -----    -----      -----    --
>> ---
BL51 BANKED LINKER/LOCATER V5.02                                                      09/21/2004  09:17:58  PAGE 24


  +--> ?CO?BTC_OSDMENU
  +--> ?PR?_DISPLAYPERCENT?BTC_OSDMENU
  +--> ?PR?_DISPLAYBAR2?BTC_OSDMENU

?PR?_DISPLAYBAR?BTC_OSDMENU                      -----    -----      005BH    0007H      00BAH    0002H      -----    --
>> ---
  +--> ?PR?_OSD230SEQSEND?INT_EXTOSD
  +--> ?PR?_OSD230ROWSEND?INT_EXTOSD
  +--> ?PR?_OSD230COLSEND?INT_EXTOSD
  +--> ?PR?_OSD230DATASEND?INT_EXTOSD

?PR?PUTDATA?BTC_OSDMENU                          -----    -----      005CH    0001H      -----    -----      -----    --
>> ---
  +--> ?PR?_WRITEREG1BIT?SCALER_SET
  +--> ?PR?_SETADCPHASEREG?AD9883
  +--> ?CO?MODETABLE
  +--> ?PR?_SETADCHTOTAL?AD9883
  +--> ?PR?_WORDWRITESCALER?SCALER_SET
  +--> ?PR?_SETADCBIAS?AD9883
  +--> ?PR?_WRITEI2C?MTV230_I2C
  +--> ?PR?SAVECOLORTEMP?BTC_OSDMENU
  +--> ?PR?COLORTEMPFUNC?BTC_OSDMENU
  +--> ?PR?_EEPROM_READ?PERIDEVICE_SET
  +--> ?PR?_EEPROMSETQUE?PERIDEVICE_SET
  +--> ?PR?_OSDSEQSEND?INT_EXTOSD
  +--> ?PR?PIPPOSITIONSERVICE?BTC_OSDMENU
  +--> ?PR?SOUNDSETTREBLE?SPROCESSOR
  +--> ?PR?SOUNDSETBASS?SPROCESSOR
  +--> ?PR?SOUNDSETLOUDNESS?SPROCESSOR
  +--> ?PR?SOUNDSET?SPROCESSOR
  +--> ?PR?MENUBARVALUE?BTC_OSDMENU
  +--> ?PR?SETAV_BRIGHTNESS?TW990X
  +--> ?PR?SETAV_CONTRAST?TW990X
  +--> ?PR?SETAV_SHARPNESS?TW990X
  +--> ?PR?SETAV_SATURATION?TW990X
  +--> ?PR?SETAV_TINT?TW990X
  +--> ?PR?SAVECURRENTCOLORTOUSER?TW990X
  +--> ?PR?SMARTPICCTRFUNC?BTC_OSDMENU
  +--> ?PR?_SETFINETUNE?TUNER
  +--> ?PR?_SETFINEPLL?TUNER
  +--> ?PR?_SETMANUALTUNE?TUNER
  +--> ?PR?_SETBLUESCRREN?TW990X
  +--> ?PR?_TW990XREAD?TW990X
  +--> ?PR?_MSP34XYDSPWRITE?SPROCESSOR
  +--> ?PR?TVCOLORSET?TW990X
  +--> ?PR?SAVECURRENTSSCTOUSER?SPROCESSOR
  +--> ?PR?SMARTSOUNDCTRFUNC?BTC_OSDMENU
  +--> ?PR?TVMENUBARVALUE?BTC_OSDMENU
  +--> ?PR?PUTVOLUMEPWM?KEYMENU

?PR?_SETADCPHASEREG?AD9883                       -----    -----      -----    -----      00BFH    0002H      -----    --
>> ---
  +--> ?PR?_WRITEI2C?MTV230_I2C
  +--> ?CO?MODETABLE

?PR?_SETADCHTOTAL?AD9883                         -----    -----      005DH    0002H      -----    -----      -----    --
>> ---
BL51 BANKED LINKER/LOCATER V5.02                                                      09/21/2004  09:17:58  PAGE 25


  +--> ?PR?_WRITEI2C?MTV230_I2C
  +--> ?PR?_SETLINERATE?AD9883

?PR?_SETLINERATE?AD9883                          -----    -----      005FH    0008H      -----    -----      -----    --
>> ---
  +--> ?PR?_READSCALERSERIAL?SCALER_SET
  +--> ?PR?_WRITEREG1BIT?SCALER_SET

?PR?_SETADCBIAS?AD9883                           -----    -----      005DH    0002H      -----    -----      -----    --
>> ---
  +--> ?PR?_WRITEI2C?MTV230_I2C

?PR?SAVECOLORTEMP?BTC_OSDMENU                    -----    -----      -----    -----      -----    -----      -----    --
>> ---
  +--> ?PR?_EEPROMSETQUE?PERIDEVICE_SET

?PR?SOUNDSETTREBLE?SPROCESSOR                    -----    -----      -----    -----      -----    -----      -----    --
>> ---
  +--> ?CO?SPROCESSOR
  +--> ?PR?_MSP34XYDSPWRITE?SPROCESSOR

?PR?SOUNDSETBASS?SPROCESSOR                      -----    -----      -----    -----      -----    -----      -----    --
>> ---
  +--> ?CO?SPROCESSOR
  +--> ?PR?_MSP34XYDSPWRITE?SPROCESSOR

?PR?SOUNDSETLOUDNESS?SPROCESSOR                  -----    -----      -----    -----      -----    -----      -----    --
>> ---
  +--> ?CO?SPROCESSOR
  +--> ?PR?_MSP34XYDSPWRITE?SPROCESSOR

?PR?SOUNDSET?SPROCESSOR                          -----    -----      -----    -----      -----    -----      -----    --
>> ---
  +--> ?PR?_EEPROM_READ?PERIDEVICE_SET
  +--> ?PR?SOUNDSETBASS?SPROCESSOR
  +--> ?PR?SOUNDSETTREBLE?SPROCESSOR
  +--> ?PR?SOUNDSETLOUDNESS?SPROCESSOR

?PR?SETAV_BRIGHTNESS?TW990X                      -----    -----      -----    -----      -----    -----      -----    --
>> ---
  +--> ?PR?_TW990XWRITE?TW990X

?PR?_TW990XWRITE?TW990X                          -----    -----      -----    -----      -----    -----      -----    --
>> ---
  +--> ?PR?_WRITEI2C?MTV230_I2C

?PR?SETAV_CONTRAST?TW990X                        -----    -----      -----    -----      -----    -----      -----    --
>> ---
  +--> ?PR?_TW990XWRITE?TW990X

?PR?SETAV_SHARPNESS?TW990X                       -----    -----      -----    -----      -----    -----      0ABDH    00
>> 01H
  +--> ?PR?_TW990XREAD?TW990X
  +--> ?PR?_TW990XWRITE?TW990X

?PR?_TW990XREAD?TW990X                           -----    -----      -----    -----      -----    -----      -----    --
>> ---
BL51 BANKED LINKER/LOCATER V5.02                                                      09/21/2004  09:17:58  PAGE 26


  +--> ?PR?_READI2C?MTV230_I2C

?PR?SETAV_SATURATION?TW990X                      -----    -----      -----    -----      -----    -----      0ABDH    00
>> 02H
  +--> ?PR?_TW990XWRITE?TW990X

?PR?SETAV_TINT?TW990X                            -----    -----      -----    -----      -----    -----      -----    --
>> ---
  +--> ?PR?_TW990XWRITE?TW990X

?PR?SAVECURRENTCOLORTOUSER?TW990X                -----    -----      -----    -----      -----    -----      -----    --
>> ---
  +--> ?PR?_EEPROMSETQUE?PERIDEVICE_SET

?PR?_SETFINETUNE?TUNER                           -----    -----      -----    -----      -----    -----      -----    --
>> ---
  +--> ?PR?_EEPROMSETQUE?PERIDEVICE_SET

?PR?_SETFINEPLL?TUNER                            -----    -----      005DH    0002H      -----    -----      0ABFH    00
>> 05H
  +--> ?PR?_CHECKCHCATV?TUNER
  +--> ?PR?_GETREALCHANNEL?TUNER
  +--> ?CO?TUNER
  +--> ?PR?_TVPLLOK?TUNER
  +--> ?PR?_IDELAY5M?TUNER
  +--> ?PR?_CHECKTVSIGNAL?TW990X

?PR?_TVPLLOK?TUNER                               -----    -----      -----    -----      -----    -----      0AC7H    00
>> 02H
  +--> ?PR?_SETTUNER?TUNER
  +--> ?PR?READTUNER?TUNER

?PR?_SETTUNER?TUNER                              -----    -----      005FH    0002H      -----    -----      0AC9H    00
>> 03H
  +--> ?PR?_WRITETUNER?TUNER
  +--> ?PR?_WRITETUN1?TUNER

?PR?_WRITETUNER?TUNER                            -----    -----      0061H    0003H      -----    -----      0ACCH    00
>> 01H
  +--> ?PR?_START_I2C?MTV230_I2C
  +--> ?PR?_WRITEDATA?MTV230_I2C
  +--> ?PR?STOP_I2C?MTV230_I2C

?PR?_WRITETUN1?TUNER                             -----    -----      0061H    0003H      -----    -----      0ACCH    00
>> 01H
  +--> ?PR?_START_I2C?MTV230_I2C
  +--> ?PR?_WRITEDATA?MTV230_I2C
  +--> ?PR?STOP_I2C?MTV230_I2C

?PR?READTUNER?TUNER                              -----    -----      -----    -----      -----    -----      0AC9H    00
>> 04H
  +--> ?PR?TUNERDATACATCH?TUNER

?PR?TUNERDATACATCH?TUNER                         -----    -----      -----    -----      -----    -----      0ACDH    00
>> 02H
  +--> ?PR?_START_I2C?MTV230_I2C
  +--> ?PR?READDATANAK?MTV230_I2C
BL51 BANKED LINKER/LOCATER V5.02                                                      09/21/2004  09:17:58  PAGE 27


  +--> ?PR?STOP_I2C?MTV230_I2C

?PR?_CHECKTVSIGNAL?TW990X                        -----    -----      005FH    0001H      -----    -----      0AC6H    00
>> 02H
  +--> ?PR?_TW990XREAD?TW990X

?PR?_SETMANUALTUNE?TUNER                         -----    -----      005DH    0001H      -----    -----      0ABDH    00
>> 01H
  +--> ?PR?_GETCHANNELSTATUS?TUNER
  +--> ?PR?_SETCHANNELSTATUS?TUNER

?PR?_SETCHANNELSTATUS?TUNER                      -----    -----      -----    -----      -----    -----      -----    --
>> ---
  +--> ?PR?_EEPROMSETQUE?PERIDEVICE_SET

?PR?_SETBLUESCRREN?TW990X                        -----    -----      -----    -----      -----    -----      -----    --
>> ---
  +--> ?PR?_TW990XWRITE?TW990X

?PR?TVCOLORSET?TW990X                            -----    -----      -----    -----      -----    -----      -----    --
>> ---
  +--> ?PR?TVCOLORLOAD?TW990X
  +--> ?PR?SETAV_BRIGHTNESS?TW990X
  +--> ?PR?SETAV_CONTRAST?TW990X
  +--> ?PR?SETAV_SATURATION?TW990X
  +--> ?PR?SETAV_TINT?TW990X
  +--> ?PR?SETAV_SHARPNESS?TW990X

?PR?TVCOLORLOAD?TW990X                           -----    -----      -----    -----      -----    -----      -----    --
>> ---
  +--> ?PR?_EEPROM_READ?PERIDEVICE_SET

?PR?SAVECURRENTSSCTOUSER?SPROCESSOR              -----    -----      -----    -----      -----    -----      -----    --
>> ---
  +--> ?PR?_EEPROMSETQUE?PERIDEVICE_SET

?PR?SSCSELFUNC?BTC_OSDMENU                       -----    -----      -----    -----      -----    -----      -----    --
>> ---
  +--> ?PR?_OSD230SEQSEND?INT_EXTOSD
  +--> ?CO?BTC_OSDMENU
  +--> ?PR?_OSD230PTRSEND?INT_EXTOSD

?PR?MUTEFUNC?BTC_OSDMENU                         -----    -----      -----    -----      -----    -----      -----    --
>> ---
  +--> ?PR?_OSD230SEQSEND?INT_EXTOSD
  +--> ?PR?DISPLAYMENUWINDOW?BTC_OSDMENU

?PR?SETADCCONTROLREG?AD9883                      -----    -----      -----    -----      -----    -----      -----    --
>> ---
  +--> ?PR?_WRITEI2C?MTV230_I2C

?PR?KEYDETECT?KEYDETECT                          -----    -----      -----    -----      00BAH    0001H      -----    --
>> ---
  +--> ?CO?KEYDETECT

?PR?MENUPAN?KEYMENU                              -----    -----      -----    -----      -----    -----      -----    --
>> ---
BL51 BANKED LINKER/LOCATER V5.02                                                      09/21/2004  09:17:58  PAGE 28


  +--> ?PR?OSDSERVICE?BTC_OSDMENU
  +--> ?PR?OSDONOFF?KEYMENU
  +--> ?PR?OSDATTRCLEAR?BTC_OSDMENU
  +--> ?PR?MENUSEL?BTC_OSDMENU
  +--> ?PR?GETTOPMENU?BTC_OSDMENU
  +--> ?PR?CLEARMENUDESCRIPTION?BTC_OSDMENU
  +--> ?PR?_EEPROM_READ?PERIDEVICE_SET
  +--> ?PR?_EEPROMSETQUE?PERIDEVICE_SET
  +--> ?CO?BTC_OSDMENU
  +--> ?PR?_OSD230SEQSEND?INT_EXTOSD
  +--> ?PR?_OSD230PTRSEND?INT_EXTOSD
  +--> ?PR?TVPARAMETERINIT?TUNER
  +--> ?PR?TVCOUNTRYSET?TUNER
  +--> ?PR?OSDDATAWINDOWCLEAR?BTC_OSDMENU
  +--> ?PR?DISPLAY_ADJUSTINFO?BTC_OSDMENU
  +--> ?PR?GETTVTOPMENU?BTC_OSDMENU
  +--> ?PR?CHEDIT_WINDOWOFF?BTC_OSDMENU
  +--> ?PR?DISPLAY_TVTOPMENUICON?BTC_OSDMENU
  +--> ?PR?ICONSEL?BTC_OSDMENU
  +--> ?PR?DISPLAYMENUWINDOW?BTC_OSDMENU
  +--> ?PR?SOUNDFASTMUTE?SPROCESSOR
  +--> ?PR?_IDELAY5M?TUNER
  +--> ?PR?OSD_ONOFF?BTC_OSDMENU
  +--> ?PR?TUNERTEST?TUNER
  +--> ?PR?PIPSOURCESELSERVICE?KEYMENU
  +--> ?PR?CHANGETOTUNERONLY?SCALER_SET
  +--> ?PR?CHANGETOSVIDEOONLY?SCALER_SET
  +--> ?PR?CHANGETOCOMPOSITEONLY?SCALER_SET
  +--> ?PR?CHANGETORGBONLY?SCALER_SET
  +--> ?PR?_WRITEREG1BIT?SCALER_SET
  +--> ?PR?INTOSDOFF?BTC_OSDMENU
  +--> ?PR?UPDOWN_SVC?KEYMENU
  +--> ?PR?DISPLAY_MENUDESCRIPTION?BTC_OSDMENU
  +--> ?PR?DISPLAY_TVMENUDESCRIPTION?BTC_OSD...
  +--> ?PR?DISPLAY_MENUBARPERCENT?BTC_OSDMENU
  +--> ?PR?LEFTRIGHT_SVC?KEYMENU
  +--> ?PR?TVLEFTRIGHT_SVC?KEYMENU
  +--> ?PR?MUTEEXE?BTC_OSDMENU
  +--> ?PR?POWER_ONOFF?KEYMENU
  +--> ?PR?_CHECKCHMASK?TUNER
  +--> ?PR?_ONOFFDISPLAYFUNC?BTC_OSDMENU
  +--> ?PR?TOGGLECHMASK?TUNER
  +--> ?PR?TVCHANNELADD?BTC_OSDMENU

?PR?OSDONOFF?KEYMENU                             -----    -----      -----    -----      -----    -----      -----    --
>> ---
  +--> ?PR?OSD_MENU_ON?KEYMENU

?PR?MENUSEL?BTC_OSDMENU                          -----    -----      005AH    0001H      -----    -----      -----    --
>> ---
  +--> ?PR?OSDATTRCLEAR?BTC_OSDMENU
  +--> ?PR?OSDATTR_ROW10_CLEAR?BTC_OSDMENU
  +--> ?PR?GETTOPMENU?BTC_OSDMENU
[...]
TOGGLECHMASK . . . . . . . . . . . . CODE;    TUNER  BTC_OSDMENU  KEYMENU  
TOP. . . . . . . . . . . . . . . . . CODE;    BTC_OSDMENU  
TOPWINDOW. . . . . . . . . . . . . . CODE;    BTC_OSDMENU  
TOPWINDOW_OPTION . . . . . . . . . . CODE;    BTC_OSDMENU  
TOP_CHI. . . . . . . . . . . . . . . CODE;    BTC_OSDMENU  
TOP_ENG. . . . . . . . . . . . . . . CODE;    BTC_OSDMENU  
TOP_SIZEOF . . . . . . . . . . . . . CODE;    BTC_OSDMENU  
TOTALEEPROM. . . . . . . . . . . . . XDATA;   EEPROMVAL  KEYMENU  MAIN  
TRABLELEVELTABLE . . . . . . . . . . CODE;    SPROCESSOR  
TRANSPARENCYONFFLAG. . . . . . . . . BIT;     GENERALRAM  BTC_OSDMENU  KEYDETECT  KEYMENU  
TREBLE . . . . . . . . . . . . . . . CODE;    BTC_OSDMENU  
TREBLE_ENG . . . . . . . . . . . . . CODE;    BTC_OSDMENU  
TREBLE_KOR . . . . . . . . . . . . . CODE;    BTC_OSDMENU  
TREBLE_SIZEOF. . . . . . . . . . . . CODE;    BTC_OSDMENU  
TUNER. . . . . . . . . . . . . . . . CODE;    BTC_OSDMENU  
TUNERDATACATCH . . . . . . . . . . . CODE;    TUNER  
TUNERFINEVALUEPROCESS. . . . . . . . CODE;    TUNER  
TUNERPROCESS . . . . . . . . . . . . CODE;    TUNER  MAIN  
TUNERPROCESSING. . . . . . . . . . . DATA;    GENERALRAM  BTC_OSDMENU  KEYMENU  MTV230_INTERRUPT  POWER  REMOCON  SCALER
                                              _SET  TUNER  TW990X  
TUNERPROCESSTIMER. . . . . . . . . . XDATA;   GENERALRAM  MAIN  TUNER  
TUNERTEST. . . . . . . . . . . . . . CODE;    TUNER  KEYMENU  
TUNERWINDOW. . . . . . . . . . . . . CODE;    BTC_OSDMENU  
TUNER_ENG. . . . . . . . . . . . . . CODE;    BTC_OSDMENU  
TUNER_KOR. . . . . . . . . . . . . . CODE;    BTC_OSDMENU  
TUNER_SIZEOF . . . . . . . . . . . . CODE;    BTC_OSDMENU  
TUNNERINITIALIZE . . . . . . . . . . CODE;    TUNER  POWER  
TV . . . . . . . . . . . . . . . . . CODE;    BTC_OSDMENU  
TVASPECTRATIOSELFUNC . . . . . . . . CODE;    BTC_OSDMENU  
TVASPECTRATIOSERVICE . . . . . . . . CODE;    KEYMENU  BTC_OSDMENU  REMOCON  
TVCHANNELADD . . . . . . . . . . . . CODE;    BTC_OSDMENU  KEYMENU  
TVCOLOR. . . . . . . . . . . . . . . CODE;    BTC_OSDMENU  
TVCOLORLOAD. . . . . . . . . . . . . CODE;    TW990X  
TVCOLORSET . . . . . . . . . . . . . CODE;    TW990X  BTC_OSDMENU  
TVCOLOR_ENG. . . . . . . . . . . . . CODE;    BTC_OSDMENU  
TVCOLOR_KOR. . . . . . . . . . . . . CODE;    BTC_OSDMENU  
TVCOLOR_SIZEOF . . . . . . . . . . . CODE;    BTC_OSDMENU  
TVCOUNTRYSET . . . . . . . . . . . . CODE;    TUNER  KEYMENU  
TVLEFTRIGHT_SVC. . . . . . . . . . . CODE;    KEYMENU  
TVLIMITTABLE . . . . . . . . . . . . CODE;    TUNER  
TVMAINICONMENU . . . . . . . . . . . CODE;    BTC_OSDMENU  
TVMAINICONMENU_ENG . . . . . . . . . CODE;    BTC_OSDMENU  
TVMAINICONMENU_SIZEOF. . . . . . . . CODE;    BTC_OSDMENU  
TVMAINMENU . . . . . . . . . . . . . CODE;    BTC_OSDMENU  
TVMAINMENU_ENG . . . . . . . . . . . CODE;    BTC_OSDMENU  
TVMAINMENU_SIZEOF. . . . . . . . . . CODE;    BTC_OSDMENU  
TVMENUBARVALUE . . . . . . . . . . . CODE;    BTC_OSDMENU  
TVMENUCHARACTER. . . . . . . . . . . CODE;    BTC_OSDMENU  
TVMENUNUM. . . . . . . . . . . . . . IDATA;   GENERALRAM  BTC_OSDMENU  KEYMENU  TUNER  
TVPARAMETERINIT. . . . . . . . . . . CODE;    TUNER  KEYMENU  MAIN  REMOCON  
TVTOPWINDOW. . . . . . . . . . . . . CODE;    BTC_OSDMENU  
TVWINDOW_OPTION. . . . . . . . . . . CODE;    BTC_OSDMENU  
TW990X_RESETTABLE. . . . . . . . . . CODE;    TW990X  
TW990X_TABLE_INIT. . . . . . . . . . CODE;    TW990X  
BL51 BANKED LINKER/LOCATER V5.02                                                      09/21/2004  09:17:58  PAGE 108


UPDOWNCHANNEL. . . . . . . . . . . . BIT;     GENERALRAM  TUNER  
UPDOWNCHANNEL2 . . . . . . . . . . . BIT;     GENERALRAM  
UPDOWN_SVC . . . . . . . . . . . . . CODE;    KEYMENU  
USER . . . . . . . . . . . . . . . . CODE;    BTC_OSDMENU  
USER2. . . . . . . . . . . . . . . . CODE;    BTC_OSDMENU  
USER2_ENG. . . . . . . . . . . . . . CODE;    BTC_OSDMENU  
USER2_SIZEOF . . . . . . . . . . . . CODE;    BTC_OSDMENU  
USER_CHI . . . . . . . . . . . . . . CODE;    BTC_OSDMENU  
USER_ENG . . . . . . . . . . . . . . CODE;    BTC_OSDMENU  
USER_SIZEOF. . . . . . . . . . . . . CODE;    BTC_OSDMENU  
VERTICAL . . . . . . . . . . . . . . CODE;    BTC_OSDMENU  
VERTICALVALUE. . . . . . . . . . . . XDATA;   GENERALRAM  AUTODISPLAYADJUST  BTC_OSDMENU  POWER  
VERTICAL_CHI . . . . . . . . . . . . CODE;    BTC_OSDMENU  
VERTICAL_ENG . . . . . . . . . . . . CODE;    BTC_OSDMENU  
VERTICAL_SIZEOF. . . . . . . . . . . CODE;    BTC_OSDMENU  
VFREQ. . . . . . . . . . . . . . . . CODE;    BTC_OSDMENU  
VFREQ_ENG. . . . . . . . . . . . . . CODE;    BTC_OSDMENU  
VFREQ_SIZEOF . . . . . . . . . . . . CODE;    BTC_OSDMENU  
VIDEOACTIVECOMPLETED . . . . . . . . BIT;     GENERALRAM  INPUTDETECT  KEYMENU  SCALER_SET  TW990X  
VIDEODECODERINIT . . . . . . . . . . CODE;    TW990X  POWER  
VIDEOINITUNIT. . . . . . . . . . . . BIT;     GENERALRAM  INPUTDETECT  TW990X  
VIDEOPROCESS . . . . . . . . . . . . CODE;    TW990X  MAIN  
VIEWCURRENTCHANNEL . . . . . . . . . CODE;    TUNER  
VOLUMETABLE. . . . . . . . . . . . . CODE;    SPROCESSOR  
VOLUMEWINDOW . . . . . . . . . . . . CODE;    BTC_OSDMENU  
VOLUMEWINDOW_OPTION. . . . . . . . . CODE;    BTC_OSDMENU  
VOLUME_SVC . . . . . . . . . . . . . CODE;    KEYMENU  
WAIT . . . . . . . . . . . . . . . . CODE;    BTC_OSDMENU  KEYMENU  
WAIT_ENG . . . . . . . . . . . . . . CODE;    BTC_OSDMENU  
WAIT_KOR . . . . . . . . . . . . . . CODE;    BTC_OSDMENU  
WAIT_SIZEOF. . . . . . . . . . . . . CODE;    BTC_OSDMENU  KEYMENU  
WHITEBALANCE . . . . . . . . . . . . CODE;    BTC_OSDMENU  
WHITEBALANCE_ENG . . . . . . . . . . CODE;    BTC_OSDMENU  
WHITEBALANCE_KOR . . . . . . . . . . CODE;    BTC_OSDMENU  
WHITEBALANCE_SIZEOF. . . . . . . . . CODE;    BTC_OSDMENU  
WIDE_ENG . . . . . . . . . . . . . . CODE;    BTC_OSDMENU  
XADC . . . . . . . . . . . . . . . . XDATA;   MTV230XFR  KEYDETECT  MAIN  
XDAC . . . . . . . . . . . . . . . . XDATA;   MTV230XFR  BTC_OSDMENU  INPUTDETECT  KEYMENU  MAIN  POWER  REMOCON  SCALER
                                              _SET  
XEEPROMBUFFER. . . . . . . . . . . . XDATA;   GENERALRAM  AD9883  BTC_OSDMENU  INPUTDETECT  KEYMENU  MAIN  POWER  REMOCO
                                              N  SCALER_SET  SPROCESSOR  TUNER  TW990X  
XEEPROM_ADDR . . . . . . . . . . . . XDATA;   GENERALRAM  PERIDEVICE_SET  
XEEPROM_DATA . . . . . . . . . . . . XDATA;   GENERALRAM  PERIDEVICE_SET  
XHCNTH . . . . . . . . . . . . . . . XDATA;   MTV230XFR  INPUTDETECT  
XHCNTL . . . . . . . . . . . . . . . XDATA;   MTV230XFR  INPUTDETECT  MAIN  
XHVSTUS. . . . . . . . . . . . . . . XDATA;   MTV230XFR  INPUTDETECT  MAIN  
XIICCTR. . . . . . . . . . . . . . . XDATA;   MTV230XFR  
XIICSTUS . . . . . . . . . . . . . . XDATA;   MTV230XFR  
XIICSTUS1ST. . . . . . . . . . . . . XDATA;   MTV230XFR  MTV230_INTERRUPT  
XINTEN . . . . . . . . . . . . . . . XDATA;   MTV230XFR  
XINTENI2C. . . . . . . . . . . . . . XDATA;   MTV230XFR  MAIN  
XINTFLG. . . . . . . . . . . . . . . XDATA;   MTV230XFR  MTV230_INTERRUPT  
XINTFLGI2C . . . . . . . . . . . . . XDATA;   MTV230XFR  MTV230_INTERRUPT  
XISPEN . . . . . . . . . . . . . . . XDATA;   MTV230XFR  MTV230_INTERRUPT  
XISPSLV. . . . . . . . . . . . . . . XDATA;   MTV230XFR  MTV230_INTERRUPT  
XMBUF. . . . . . . . . . . . . . . . XDATA;   MTV230XFR  
XOPTION1 . . . . . . . . . . . . . . XDATA;   MTV230XFR  MAIN  
BL51 BANKED LINKER/LOCATER V5.02                                                      09/21/2004  09:17:58  PAGE 109


XOSDCA . . . . . . . . . . . . . . . XDATA;   MTV230XFR  BTC_OSDMENU  INT_EXTOSD  
XOSDDT0. . . . . . . . . . . . . . . XDATA;   MTV230XFR  BTC_OSDMENU  INT_EXTOSD  
XOSDDT1. . . . . . . . . . . . . . . XDATA;   MTV230XFR  INT_EXTOSD  
XOSDRA . . . . . . . . . . . . . . . XDATA;   MTV230XFR  BTC_OSDMENU  INT_EXTOSD  
XOSDW_OPTION . . . . . . . . . . . . XDATA;   MTV230XFR  BTC_OSDMENU  INPUTDETECT  INT_EXTOSD  KEYMENU  
XOSD_WIN_REG . . . . . . . . . . . . XDATA;   MTV230XFR  BTC_OSDMENU  INT_EXTOSD  
XP40 . . . . . . . . . . . . . . . . XDATA;   MTV230XFR  MAIN  
XP41 . . . . . . . . . . . . . . . . XDATA;   MTV230XFR  MAIN  
XP42 . . . . . . . . . . . . . . . . XDATA;   MTV230XFR  INPUTDETECT  KEYMENU  MAIN  POWER  REMOCON  
XP43 . . . . . . . . . . . . . . . . XDATA;   MTV230XFR  MAIN  POWER  
XP44 . . . . . . . . . . . . . . . . XDATA;   MTV230XFR  MAIN  POWER  
XP45 . . . . . . . . . . . . . . . . XDATA;   MTV230XFR  BTC_OSDMENU  KEYMENU  MAIN  POWER  REMOCON  SCALER_SET  
XP46 . . . . . . . . . . . . . . . . XDATA;   MTV230XFR  MAIN  
XP47 . . . . . . . . . . . . . . . . XDATA;   MTV230XFR  KEYMENU  MAIN  
XP50 . . . . . . . . . . . . . . . . XDATA;   MTV230XFR  MAIN  
XP51 . . . . . . . . . . . . . . . . XDATA;   MTV230XFR  MAIN  
XP52 . . . . . . . . . . . . . . . . XDATA;   MTV230XFR  MAIN  
XP53 . . . . . . . . . . . . . . . . XDATA;   MTV230XFR  MAIN  
XP54 . . . . . . . . . . . . . . . . XDATA;   MTV230XFR  KEYDETECT  MTV230_INTERRUPT  
XP55 . . . . . . . . . . . . . . . . XDATA;   MTV230XFR  
XP56 . . . . . . . . . . . . . . . . XDATA;   MTV230XFR  INPUTDETECT  KEYMENU  MAIN  POWER  REMOCON  SCALER_SET  TUNER  
                                              
XP57 . . . . . . . . . . . . . . . . XDATA;   MTV230XFR  MAIN  
XP60 . . . . . . . . . . . . . . . . XDATA;   MTV230XFR  
XP61 . . . . . . . . . . . . . . . . XDATA;   MTV230XFR  BTC_OSDMENU  INPUTDETECT  KEYMENU  MAIN  POWER  REMOCON  SCALER
                                              _SET  TUNER  TW990X  
XP62 . . . . . . . . . . . . . . . . XDATA;   MTV230XFR  MAIN  POWER  
XPADMOD1 . . . . . . . . . . . . . . XDATA;   MTV230XFR  MAIN  
XPADMOD2 . . . . . . . . . . . . . . XDATA;   MTV230XFR  MAIN  
XPADMOD3 . . . . . . . . . . . . . . XDATA;   MTV230XFR  MAIN  
XPADMOD4 . . . . . . . . . . . . . . XDATA;   MTV230XFR  MAIN  
XRAM . . . . . . . . . . . . . . . . XDATA;   GENERALRAM  SCALER_SET  
XRXABUF. . . . . . . . . . . . . . . XDATA;   MTV230XFR  MTV230_INTERRUPT  
XRXBBUF. . . . . . . . . . . . . . . XDATA;   MTV230XFR  MTV230_INTERRUPT  
XSLVAADR . . . . . . . . . . . . . . XDATA;   MTV230XFR  MAIN  
XSLVBADR . . . . . . . . . . . . . . XDATA;   MTV230XFR  MAIN  
XVCNTH . . . . . . . . . . . . . . . XDATA;   MTV230XFR  INPUTDETECT  MAIN  
XVCNTL . . . . . . . . . . . . . . . XDATA;   MTV230XFR  INPUTDETECT  
XWDT . . . . . . . . . . . . . . . . XDATA;   MTV230XFR  MAIN  MTV230_INTERRUPT  
YES. . . . . . . . . . . . . . . . . CODE;    BTC_OSDMENU  
YES_ENG. . . . . . . . . . . . . . . CODE;    BTC_OSDMENU  
YES_KOR. . . . . . . . . . . . . . . CODE;    BTC_OSDMENU  
YES_SIZEOF . . . . . . . . . . . . . CODE;    BTC_OSDMENU  
YOUGOINGINITIALIZE . . . . . . . . . BIT;     GENERALRAM  KEYDETECT  KEYMENU  POWER  
YOUHAVETOINITMODE. . . . . . . . . . BIT;     GENERALRAM  KEYMENU  MAIN  PERIDEVICE_SET  POWER  
YOUHAVETOINITTVCHANNEL . . . . . . . BIT;     GENERALRAM  KEYMENU  MAIN  PERIDEVICE_SET  POWER  
_ABS . . . . . . . . . . . . . . . . CODE;    ABS  AUTODISPLAYADJUST  INPUTDETECT  
_AD9884_READ . . . . . . . . . . . . CODE;    PERIDEVICE_SET  
_ASPECTRATIOFUNC . . . . . . . . . . CODE;    BTC_OSDMENU  
_BARANDPERSENT . . . . . . . . . . . CODE;    BTC_OSDMENU  
_BARANDPERSENT2. . . . . . . . . . . CODE;    BTC_OSDMENU  
_BITWRITESCALER. . . . . . . . . . . CODE;    SCALER_SET  KEYMENU  POWER  TUNER  TW990X  
_CALTOCHAR . . . . . . . . . . . . . CODE;    INT_EXTOSD  BTC_OSDMENU  
_CALTOCHARCHANNEL. . . . . . . . . . CODE;    BTC_OSDMENU  
_CHANNELOSD. . . . . . . . . . . . . CODE;    BTC_OSDMENU  TUNER  
_CHANNELSEL. . . . . . . . . . . . . CODE;    TUNER  
_CHECKCHCATV . . . . . . . . . . . . CODE;    TUNER  
BL51 BANKED LINKER/LOCATER V5.02                                                      09/21/2004  09:17:58  PAGE 110


_CHECKCHFINETUNE . . . . . . . . . . CODE;    TUNER  
_CHECKCHMASK . . . . . . . . . . . . CODE;    TUNER  BTC_OSDMENU  KEYMENU  
_CHECKTVSIGNAL . . . . . . . . . . . CODE;    TW990X  TUNER  
_DISPLAYBAR. . . . . . . . . . . . . CODE;    BTC_OSDMENU  
_DISPLAYBAR2 . . . . . . . . . . . . CODE;    BTC_OSDMENU  
_DISPLAYBAR3 . . . . . . . . . . . . CODE;    BTC_OSDMENU  
_DISPLAYINFO . . . . . . . . . . . . CODE;    BTC_OSDMENU  
_DISPLAYPERCENT. . . . . . . . . . . CODE;    BTC_OSDMENU  
_DISPLAYPERCENT2 . . . . . . . . . . CODE;    BTC_OSDMENU  
_DOSMODEDISPLAY. . . . . . . . . . . CODE;    BTC_OSDMENU  
_EEPROMSETQUE. . . . . . . . . . . . CODE;    PERIDEVICE_SET  AUTODISPLAYADJUST  BTC_OSDMENU  INPUTDETECT  KEYMENU  MAIN
                                                POWER  REMOCON  SCALER_SET  SPROCESSOR  TUNER  TW990X  
_EEPROM_READ . . . . . . . . . . . . CODE;    PERIDEVICE_SET  BTC_OSDMENU  INPUTDETECT  KEYMENU  MAIN  POWER  SCALER_SET
                                                SPROCESSOR  TUNER  TW990X  
_EXTRACTCLK. . . . . . . . . . . . . CODE;    SCALER_SET  
_GETCHANNELSTATUS. . . . . . . . . . CODE;    TUNER  
_GETDVTOTAL. . . . . . . . . . . . . CODE;    SCALER_SET  
_GETEMH1A. . . . . . . . . . . . . . CODE;    SCALER_SET  
_GETFINETUNE . . . . . . . . . . . . CODE;    TUNER  
_GETREALCHANNEL. . . . . . . . . . . CODE;    TUNER  
_IDELAY5M. . . . . . . . . . . . . . CODE;    TUNER  BTC_OSDMENU  KEYMENU  POWER  SCALER_SET  
_LABS. . . . . . . . . . . . . . . . CODE;    LABS  AUTODISPLAYADJUST  
_MSP34XYCONTROLEWRITE. . . . . . . . CODE;    SPROCESSOR  
_MSP34XYDSPREAD. . . . . . . . . . . CODE;    SPROCESSOR  
_MSP34XYDSPWRITE . . . . . . . . . . CODE;    SPROCESSOR  BTC_OSDMENU  
_ONOFFDISPLAYFUNC. . . . . . . . . . CODE;    BTC_OSDMENU  KEYMENU  
_OSD230COLSEND . . . . . . . . . . . CODE;    INT_EXTOSD  BTC_OSDMENU  
_OSD230DATA2SENDHIGH . . . . . . . . CODE;    INT_EXTOSD  BTC_OSDMENU  
_OSD230DATASEND. . . . . . . . . . . CODE;    INT_EXTOSD  BTC_OSDMENU  
_OSD230DATASENDHIGH. . . . . . . . . CODE;    INT_EXTOSD  
_OSD230DATPTRSEND. . . . . . . . . . CODE;    INT_EXTOSD  BTC_OSDMENU  
_OSD230PTRSEND . . . . . . . . . . . CODE;    INT_EXTOSD  BTC_OSDMENU  KEYMENU  
_OSD230ROWSEND . . . . . . . . . . . CODE;    INT_EXTOSD  BTC_OSDMENU  
_OSD230SEQSEND . . . . . . . . . . . CODE;    INT_EXTOSD  BTC_OSDMENU  KEYMENU  
_OSD230SEQSEND2. . . . . . . . . . . CODE;    INT_EXTOSD  BTC_OSDMENU  
_OSDANGLEDRAW. . . . . . . . . . . . CODE;    BTC_OSDMENU  
_OSDSEQSEND. . . . . . . . . . . . . CODE;    INT_EXTOSD  BTC_OSDMENU  
_OSDWINDOW . . . . . . . . . . . . . CODE;    INT_EXTOSD  BTC_OSDMENU  
_OSDWINDOW_OPTION. . . . . . . . . . CODE;    INT_EXTOSD  BTC_OSDMENU  
_PIPONOFFFUNC. . . . . . . . . . . . CODE;    BTC_OSDMENU  
_PRE_CHANNELSEL. . . . . . . . . . . CODE;    TUNER  
_PUTEMH2 . . . . . . . . . . . . . . CODE;    SCALER_SET  MAIN  
_READI2C . . . . . . . . . . . . . . CODE;    MTV230_I2C  MAIN  PERIDEVICE_SET  POWER  SCALER_SET  TW990X  
_READSCALERSERIAL. . . . . . . . . . CODE;    SCALER_SET  AD9883  AUTODISPLAYADJUST  
_SCARTSWITCH . . . . . . . . . . . . CODE;    SPROCESSOR  BTC_OSDMENU  KEYMENU  MAIN  POWER  REMOCON  SCALER_SET  
_SETADCBIAS. . . . . . . . . . . . . CODE;    AD9883  BTC_OSDMENU  POWER  
_SETADCGAIN. . . . . . . . . . . . . CODE;    AD9883  POWER  
_SETADCHTOTAL. . . . . . . . . . . . CODE;    AD9883  AUTODISPLAYADJUST  BTC_OSDMENU  INPUTDETECT  
_SETADCPHASEREG. . . . . . . . . . . CODE;    AD9883  AUTODISPLAYADJUST  BTC_OSDMENU  INPUTDETECT  
_SETBLUESCRREN . . . . . . . . . . . CODE;    TW990X  BTC_OSDMENU  
_SETCHANNELSTATUS. . . . . . . . . . CODE;    TUNER  
_SETFINEPLL. . . . . . . . . . . . . CODE;    TUNER  BTC_OSDMENU  
_SETFINETUNE . . . . . . . . . . . . CODE;    TUNER  BTC_OSDMENU  
_SETFMMATRIX . . . . . . . . . . . . CODE;    SPROCESSOR  
_SETLINERATE . . . . . . . . . . . . CODE;    AD9883  SCALER_SET  
_SETMANUALTUNE . . . . . . . . . . . CODE;    TUNER  BTC_OSDMENU  
_SETSCALERDCLKPLL. . . . . . . . . . CODE;    SCALER_SET  
BL51 BANKED LINKER/LOCATER V5.02                                                      09/21/2004  09:17:58  PAGE 111


_SETSCALERFMOTHERS . . . . . . . . . CODE;    SCALER_SET  
_SETSCALERFMUSE. . . . . . . . . . . CODE;    SCALER_SET  
_SETSCALERHPOSTION . . . . . . . . . CODE;    SCALER_SET  
_SETSCALERINPUTACTIVE. . . . . . . . CODE;    SCALER_SET  
_SETSCALERINPUTCONDITION . . . . . . CODE;    SCALER_SET  
_SETSCALERINPUTHVLOCK. . . . . . . . CODE;    SCALER_SET  
_SETSCALERINPUTIBRQS . . . . . . . . CODE;    SCALER_SET  
_SETSCALERINPUTOUTPUTCOLORCONDITION. CODE;    SCALER_SET  
_SETSCALERMCLKPLL. . . . . . . . . . CODE;    SCALER_SET  
_SETSCALEROUTPUTHVLOCKLOAD . . . . . CODE;    SCALER_SET  
_SETSCALEROUTPUTHVTOTAL. . . . . . . CODE;    SCALER_SET  TW990X  
_SETSCALEROUTPUTOREQSTART. . . . . . CODE;    SCALER_SET  
_SETSCALERPIPOUTPUTCONDITION . . . . CODE;    SCALER_SET  KEYMENU  REMOCON  TW990X  
_SETSCALERVPOSTION . . . . . . . . . CODE;    SCALER_SET  
_SETSCALERZOOMFACTOR . . . . . . . . CODE;    SCALER_SET  KEYMENU  REMOCON  TW990X  
_SETTUNER. . . . . . . . . . . . . . CODE;    TUNER  
_SHOWCHANNELSTATUS . . . . . . . . . CODE;    BTC_OSDMENU  SPROCESSOR  
_SOUNDINPUTSELECTION . . . . . . . . CODE;    SPROCESSOR  BTC_OSDMENU  KEYMENU  MAIN  POWER  REMOCON  SCALER_SET  
_STARTCHARDISPLAYFUNC. . . . . . . . CODE;    BTC_OSDMENU  
_START_I2C . . . . . . . . . . . . . CODE;    MTV230_I2C  PERIDEVICE_SET  SPROCESSOR  TUNER  
_TVPLLOK . . . . . . . . . . . . . . CODE;    TUNER  
_TW990XREAD. . . . . . . . . . . . . CODE;    TW990X  BTC_OSDMENU  SPROCESSOR  
_TW990XWRITE . . . . . . . . . . . . CODE;    TW990X  
_TW990X_REGINIT. . . . . . . . . . . CODE;    TW990X  
_UPDOWNMENU. . . . . . . . . . . . . CODE;    KEYMENU  
_WORDWRITESCALER . . . . . . . . . . CODE;    SCALER_SET  AUTODISPLAYADJUST  BTC_OSDMENU  
_WRITE24C16PAGE. . . . . . . . . . . CODE;    TUNER  KEYMENU  
_WRITECHARACTOR. . . . . . . . . . . CODE;    BTC_OSDMENU  
_WRITEDATA . . . . . . . . . . . . . CODE;    MTV230_I2C  PERIDEVICE_SET  SPROCESSOR  TUNER  
_WRITEI2C. . . . . . . . . . . . . . CODE;    MTV230_I2C  AD9883  AUTODISPLAYADJUST  BTC_OSDMENU  MAIN  PERIDEVICE_SET  
                                              POWER  SCALER_SET  TW990X  
_WRITEMENU . . . . . . . . . . . . . CODE;    BTC_OSDMENU  
_WRITEOSDADR1BIT . . . . . . . . . . CODE;    SCALER_SET  BTC_OSDMENU  INT_EXTOSD  
_WRITEOSDDAT1BIT . . . . . . . . . . CODE;    SCALER_SET  BTC_OSDMENU  INT_EXTOSD  
_WRITEREG1BIT. . . . . . . . . . . . CODE;    SCALER_SET  AD9883  AUTODISPLAYADJUST  BTC_OSDMENU  INPUTDETECT  KEYMENU  
                                              POWER  REMOCON  SCALERVAL  TUNER  TW990X  
_WRITERGBMUTE. . . . . . . . . . . . CODE;    KEYMENU  
_WRITESCALERSERIAL . . . . . . . . . CODE;    SCALER_SET  
_WRITETUN1 . . . . . . . . . . . . . CODE;    TUNER  
_WRITETUNER. . . . . . . . . . . . . CODE;    TUNER  

*** WARNING L16: UNCALLED SEGMENT, IGNORED FOR OVERLAY PROCESS
    SEGMENT: ?PR?_AD9884_READ?PERIDEVICE_SET

*** WARNING L16: UNCALLED SEGMENT, IGNORED FOR OVERLAY PROCESS
    SEGMENT: ?PR?OSDDATACLEAR?BTC_OSDMENU

*** WARNING L16: UNCALLED SEGMENT, IGNORED FOR OVERLAY PROCESS
    SEGMENT: ?PR?OSDALLATTRCLEAR?BTC_OSDMENU

*** WARNING L16: UNCALLED SEGMENT, IGNORED FOR OVERLAY PROCESS
    SEGMENT: ?PR?DISPLAY_COUNTYRBOTTOMINFO?BTC_OSDMENU

*** WARNING L16: UNCALLED SEGMENT, IGNORED FOR OVERLAY PROCESS
    SEGMENT: ?PR?CHEDIT_CURSORFUNC?BTC_OSDMENU

*** WARNING L16: UNCALLED SEGMENT, IGNORED FOR OVERLAY PROCESS
BL51 BANKED LINKER/LOCATER V5.02                                                      09/21/2004  09:17:58  PAGE 112


    SEGMENT: ?PR?CHEDIT_CHARFUNC?BTC_OSDMENU

*** WARNING L16: UNCALLED SEGMENT, IGNORED FOR OVERLAY PROCESS
    SEGMENT: ?PR?CATVAIRSELECTION?TUNER

*** WARNING L16: UNCALLED SEGMENT, IGNORED FOR OVERLAY PROCESS
    SEGMENT: ?PR?_CHECKCHFINETUNE?TUNER

*** WARNING L16: UNCALLED SEGMENT, IGNORED FOR OVERLAY PROCESS
    SEGMENT: ?PR?MSPSET?SPROCESSOR

Program Size: data=199.2 xdata=760 code=65529
LINK/LOCATE RUN COMPLETE.  9 WARNING(S),  0 ERROR(S)
