BL51 BANKED LINKER/LOCATER V6.11                                                        04/16/2014  18:12:35  PAGE 1


BL51 BANKED LINKER/LOCATER V6.11, INVOKED BY:
C:\KEIL\C51\BIN\BL51.EXE COMMON {.\BIN\STARTUP.obj}, COMMON {.\BIN\INT.obj}, COMMON {.\BIN\MAIN.obj}, COMMON {.\BIN\NT68
>> 6xx_BANK.obj}, COMMON {.\BIN\NT686xx_MCU_REG.obj}, COMMON {.\SRC\DebugModeEn.LIB}, COMMON {.\SRC\fe2p_nt68667_large.L
>> IB}, BANK0 {.\BIN\Gamma.obj}, BANK0 {.\BIN\OD.obj}, BANK0 {.\BIN\SmartBright.obj}, BANK0 {.\BIN\OSD_TAB.obj}, BANK0 {
>> .\BIN\Factory.obj}, BANK0 {.\BIN\OSD_LF.obj}, BANK0 {.\BIN\OSD.obj}, BANK1 {.\BIN\DDC_CI.obj}, BANK1 {.\BIN\KeyPad.ob
>> j}, BANK1 {.\BIN\RAM.obj}, BANK1 {.\BIN\OSD_Key.obj}, BANK1 {.\BIN\BFControl.obj}, BANK1 {.\BIN\Mis.obj}, BANK1 {.\BI
>> N\HDCP.obj}, BANK1 {.\BIN\MCU.obj}, BANK1 {.\BIN\sRGB.obj}, BANK1 {.\BIN\IIC.obj}, BANK1 {.\BIN\AutoAdj.obj}, BANK1 {
>> .\BIN\UserAdj.obj}, BANK1 {.\BIN\Board.obj}, BANK1 {.\BIN\ModeHandle.obj}, BANK1 {.\BIN\NVRAM.obj}, BANK1 {.\BIN\NVTD
>> ebug.obj}, BANK1 {.\BIN\Rom_map.obj}, BANK1 {.\BIN\Scaler.obj}, BANK1 {.\BIN\FactoryAlignment.obj} TO .\BIN\NT68667_D
>> NP BANKAREA (0X0000, 0XFFFF) PRINT (.\LST\NT68667_DNP.m51) RAMSIZE (256) B0 (?CO?OSD_TAB, ?CO?OSD, ?CO?FACTORY) CODE 
>> (0X0000-0XFFFF) XDATA (0XF400-0XF6FF)


MEMORY MODEL: LARGE WITH FLOATING POINT ARITHMETIC


INPUT MODULES INCLUDED:
  .\BIN\STARTUP.obj (?C_STARTUP)
  .\BIN\INT.obj (INT)
  .\BIN\MAIN.obj (MAIN)
  .\BIN\NT686xx_BANK.obj (?BANK?SWITCHING)
  .\BIN\NT686xx_MCU_REG.obj (NT686XX_MCU_REG)
  .\BIN\Gamma.obj (GAMMA)
  .\BIN\OD.obj (OD)
  .\BIN\SmartBright.obj (SMARTBRIGHT)
  .\BIN\OSD_TAB.obj (OSD_TAB)
  .\BIN\Factory.obj (FACTORY)
  .\BIN\OSD_LF.obj (OSD_LF)
  .\BIN\OSD.obj (OSD)
  .\BIN\DDC_CI.obj (DDC_CI)
  .\BIN\KeyPad.obj (KEYPAD)
  .\BIN\RAM.obj (RAM)
  .\BIN\OSD_Key.obj (OSD_KEY)
  .\BIN\BFControl.obj (BFCONTROL)
  .\BIN\Mis.obj (MIS)
  .\BIN\HDCP.obj (HDCP)
  .\BIN\MCU.obj (MCU)
  .\BIN\sRGB.obj (SRGB)
  .\BIN\IIC.obj (IIC)
  .\BIN\AutoAdj.obj (AUTOADJ)
  .\BIN\UserAdj.obj (USERADJ)
  .\BIN\Board.obj (BOARD)
  .\BIN\ModeHandle.obj (MODEHANDLE)
  .\BIN\NVRAM.obj (NVRAM)
  .\BIN\NVTDebug.obj (NVTDEBUG)
  .\BIN\Rom_map.obj (ROM_MAP)
  .\BIN\Scaler.obj (SCALER)
  .\BIN\FactoryAlignment.obj (FACTORYALIGNMENT)
  .\SRC\DebugModeEn.LIB (SAVEPLL)
  C:\KEIL\C51\LIB\C51FPL.LIB (?C?FPADD)
  C:\KEIL\C51\LIB\C51FPL.LIB (?C?FPMUL)
  C:\KEIL\C51\LIB\C51FPL.LIB (?C?FPDIV)
  C:\KEIL\C51\LIB\C51FPL.LIB (?C?FPCMP)
  C:\KEIL\C51\LIB\C51FPL.LIB (?C?FCAST)
  C:\KEIL\C51\LIB\C51FPL.LIB (?C?CASTF)
  C:\KEIL\C51\LIB\C51FPL.LIB (PRINTF)
  C:\KEIL\C51\LIB\C51FPL.LIB (?C?FPGETOPN)
  C:\KEIL\C51\LIB\C51FPL.LIB (?C?FPROUND)
BL51 BANKED LINKER/LOCATER V6.11                                                      04/16/2014  18:12:35  PAGE 2


  C:\KEIL\C51\LIB\C51FPL.LIB (?C?FPCONVERT)
  C:\KEIL\C51\LIB\C51FPL.LIB (?C?FTNPWR)
  C:\KEIL\C51\LIB\C51L.LIB (?C_INIT)
  C:\KEIL\C51\LIB\C51L.LIB (?C?COPY)
  C:\KEIL\C51\LIB\C51L.LIB (?C?CLDPTR)
  C:\KEIL\C51\LIB\C51L.LIB (?C?CLDOPTR)
  C:\KEIL\C51\LIB\C51L.LIB (?C?CILDPTR)
  C:\KEIL\C51\LIB\C51L.LIB (?C?CSTPTR)
  C:\KEIL\C51\LIB\C51L.LIB (?C?CSTOPTR)
  C:\KEIL\C51\LIB\C51L.LIB (?C?IMUL)
  C:\KEIL\C51\LIB\C51L.LIB (?C?UIDIV)
  C:\KEIL\C51\LIB\C51L.LIB (?C?IILDX)
  C:\KEIL\C51\LIB\C51L.LIB (?C?IILDPTR)
  C:\KEIL\C51\LIB\C51L.LIB (?C?ISTPTR)
  C:\KEIL\C51\LIB\C51L.LIB (?C?LMUL)
  C:\KEIL\C51\LIB\C51L.LIB (?C?ULDIV)
  C:\KEIL\C51\LIB\C51L.LIB (?C?SLDIV)
  C:\KEIL\C51\LIB\C51L.LIB (?C?LNEG)
  C:\KEIL\C51\LIB\C51L.LIB (?C?ULCMP)
  C:\KEIL\C51\LIB\C51L.LIB (?C?ULSHR)
  C:\KEIL\C51\LIB\C51L.LIB (?C?LSHL)
  C:\KEIL\C51\LIB\C51L.LIB (?C?LLDIDATA)
  C:\KEIL\C51\LIB\C51L.LIB (?C?LLDIDATA0)
  C:\KEIL\C51\LIB\C51L.LIB (?C?LILDIDATA)
  C:\KEIL\C51\LIB\C51L.LIB (?C?LSTIDATA)
  C:\KEIL\C51\LIB\C51L.LIB (?C?LSTXDATA)
  C:\KEIL\C51\LIB\C51L.LIB (?C?LSTKIDATA)
  C:\KEIL\C51\LIB\C51L.LIB (?C?LSTKXDATA)
  C:\KEIL\C51\LIB\C51L.LIB (?C?OFFXADD)
  C:\KEIL\C51\LIB\C51L.LIB (?C?PLDIXDATA)
  C:\KEIL\C51\LIB\C51L.LIB (?C?PSTXDATA)
  C:\KEIL\C51\LIB\C51L.LIB (?C?CCASE)
  C:\KEIL\C51\LIB\C51L.LIB (ABS)


LINK MAP OF MODULE:  .\BIN\NT68667_DNP (?C_STARTUP)


            TYPE    BASE      LENGTH    RELOCATION   SEGMENT NAME
            -----------------------------------------------------

            * * * * * * *   D A T A   M E M O R Y   * * * * * * *
            REG     0000H     0008H     ABSOLUTE     "REG BANK 0"
            REG     0008H     0008H     ABSOLUTE     "REG BANK 1"
            REG     0010H     0008H     ABSOLUTE     "REG BANK 2"
            REG     0018H     0008H     ABSOLUTE     "REG BANK 3"
            BIT     0020H.0   0006H.5   UNIT         ?BI?RAM
            BIT     0026H.5   0001H.2   UNIT         _BIT_GROUP_
                    0027H.7   0000H.1                *** GAP ***
            DATA    0028H     0005H     UNIT         _DATA_GROUP_
            IDATA   002DH     007DH     UNIT         ?ID?RAM
            IDATA   00AAH     0002H     UNIT         ?ID?FACTORY
            IDATA   00ACH     0001H     UNIT         ?ID?BFCONTROL
            IDATA   00ADH     0001H     UNIT         ?ID?AUTOADJ
            IDATA   00AEH     0001H     UNIT         ?STACK

            * * * * * * *  X D A T A   M E M O R Y  * * * * * * *
BL51 BANKED LINKER/LOCATER V6.11                                                      04/16/2014  18:12:35  PAGE 3


                    0000H     8000H                  *** GAP ***
            XDATA   8000H     0001H     ABSOLUTE     
                    8001H     00AAH                  *** GAP ***
            XDATA   80ABH     0001H     ABSOLUTE     
                    80ACH     0006H                  *** GAP ***
            XDATA   80B2H     0001H     ABSOLUTE     
                    80B3H     002DH                  *** GAP ***
            XDATA   80E0H     0001H     ABSOLUTE     
            XDATA   80E1H     0001H     ABSOLUTE     
            XDATA   80E2H     0001H     ABSOLUTE     
            XDATA   80E3H     0001H     ABSOLUTE     
                    80E4H     001BH                  *** GAP ***
            XDATA   80FFH     0001H     ABSOLUTE     
                    8100H     6F00H                  *** GAP ***
            XDATA   F000H     0001H     ABSOLUTE     
            XDATA   F001H     0001H     ABSOLUTE     
            XDATA   F002H     0001H     ABSOLUTE     
            XDATA   F003H     0001H     ABSOLUTE     
            XDATA   F004H     0001H     ABSOLUTE     
            XDATA   F005H     0001H     ABSOLUTE     
            XDATA   F006H     0001H     ABSOLUTE     
            XDATA   F007H     0001H     ABSOLUTE     
            XDATA   F008H     0001H     ABSOLUTE     
            XDATA   F009H     0001H     ABSOLUTE     
            XDATA   F00AH     0001H     ABSOLUTE     
            XDATA   F00BH     0001H     ABSOLUTE     
            XDATA   F00CH     0004H     ABSOLUTE     
            XDATA   F010H     0001H     ABSOLUTE     
            XDATA   F011H     0001H     ABSOLUTE     
            XDATA   F012H     000AH     ABSOLUTE     
            XDATA   F01CH     0001H     ABSOLUTE     
            XDATA   F01DH     0001H     ABSOLUTE     
            XDATA   F01EH     0001H     ABSOLUTE     
            XDATA   F01FH     0001H     ABSOLUTE     
            XDATA   F020H     0001H     ABSOLUTE     
            XDATA   F021H     0001H     ABSOLUTE     
            XDATA   F022H     0001H     ABSOLUTE     
                    F023H     0001H                  *** GAP ***
            XDATA   F024H     0001H     ABSOLUTE     
                    F025H     0014H                  *** GAP ***
            XDATA   F039H     0001H     ABSOLUTE     
            XDATA   F03AH     0001H     ABSOLUTE     
            XDATA   F03BH     0001H     ABSOLUTE     
            XDATA   F03CH     0001H     ABSOLUTE     
            XDATA   F03DH     0001H     ABSOLUTE     
            XDATA   F03EH     0001H     ABSOLUTE     
            XDATA   F03FH     0001H     ABSOLUTE     
            XDATA   F040H     0001H     ABSOLUTE     
            XDATA   F041H     0001H     ABSOLUTE     
            XDATA   F042H     0001H     ABSOLUTE     
            XDATA   F043H     0001H     ABSOLUTE     
            XDATA   F044H     0001H     ABSOLUTE     
            XDATA   F045H     0001H     ABSOLUTE     
            XDATA   F046H     0001H     ABSOLUTE     
            XDATA   F047H     0001H     ABSOLUTE     
            XDATA   F048H     0001H     ABSOLUTE     
            XDATA   F049H     0001H     ABSOLUTE     
BL51 BANKED LINKER/LOCATER V6.11                                                      04/16/2014  18:12:35  PAGE 4


            XDATA   F04AH     0001H     ABSOLUTE     
                    F04BH     0001H                  *** GAP ***
            XDATA   F04CH     0001H     ABSOLUTE     
            XDATA   F04DH     0001H     ABSOLUTE     
            XDATA   F04EH     0001H     ABSOLUTE     
            XDATA   F04FH     0001H     ABSOLUTE     
            XDATA   F050H     0001H     ABSOLUTE     
                    F051H     0004H                  *** GAP ***
            XDATA   F055H     0001H     ABSOLUTE     
            XDATA   F056H     0001H     ABSOLUTE     
                    F057H     0009H                  *** GAP ***
            XDATA   F060H     0001H     ABSOLUTE     
            XDATA   F061H     0001H     ABSOLUTE     
            XDATA   F062H     0001H     ABSOLUTE     
                    F063H     039DH                  *** GAP ***
            XDATA   F400H     0001H     ABSOLUTE     
            XDATA   F401H     0179H     UNIT         ?XD?RAM
            XDATA   F57AH     0056H     UNIT         _XDATA_GROUP_
            XDATA   F5D0H     0018H     UNIT         ?XD?OSD
            XDATA   F5E8H     0007H     UNIT         ?XD?HDCP
            XDATA   F5EFH     0003H     UNIT         ?XD?FACTORY
            XDATA   F5F2H     0002H     UNIT         ?XD?OD
            XDATA   F5F4H     0001H     UNIT         ?XD?SELECTLANGUAGE?OSD
            XDATA   F5F5H     0001H     UNIT         ?XD?_SHOWOSD_DEBUG?OSD
            XDATA   F5F6H     0001H     UNIT         ?XD?_SHOWMONSELMSG?OSD
            XDATA   F5F7H     0001H     UNIT         ?XD?DDC_CI
            XDATA   F5F8H     0001H     UNIT         ?XD?MODEHANDLE
            XDATA   F5F9H     0001H     UNIT         ?XD?NVTDEBUG
                    F5FAH     0006H                  *** GAP ***
            XDATA   F600H     0001H     ABSOLUTE     
            XDATA   F601H     0042H     UNIT         ?XD?BFCONTROL
                    F643H     01BDH                  *** GAP ***
            XDATA   F800H     0001H     ABSOLUTE     
                    F801H     00FFH                  *** GAP ***
            XDATA   F900H     0001H     ABSOLUTE     

            * * * * * * *   C O D E   M E M O R Y   * * * * * * *
            CODE    0000H     0003H     ABSOLUTE     
            CODE    0003H     0003H     ABSOLUTE     
                    0006H     0005H                  *** GAP ***
            CODE    000BH     0003H     ABSOLUTE     
                    000EH     0005H                  *** GAP ***
            CODE    0013H     0003H     ABSOLUTE     
            CODE    0016H     000CH     UNIT         ?CO?MODEHANDLE
                    0022H     0001H                  *** GAP ***
            CODE    0023H     0003H     ABSOLUTE     
                    0026H     5A5AH                  *** GAP ***
            CODE    5A80H     0A31H     UNIT         ?C?LIB_CODE
            CODE    64B1H     05C9H     UNIT         ?CO?ROM_MAP
            CODE    6A7AH     0483H     UNIT         ?PR?PRINTF?PRINTF
            CODE    6EFDH     02F9H     UNIT         ?CO?BFCONTROL
            CODE    71F6H     02F4H     UNIT         ?CO?DDC_CI
            CODE    74EAH     022CH     INBLOCK      ?BANK?SELECT
            CODE    7716H     01EFH     UNIT         ?CO?SCALER
            CODE    7905H     0129H     UNIT         ?PR?TIMER0?INT
            CODE    7A2EH     0126H     UNIT         ?PR?INTGROUP0?INT
            CODE    7B54H     00F0H     UNIT         ?PR?INTGROUP1?INT
BL51 BANKED LINKER/LOCATER V6.11                                                      04/16/2014  18:12:35  PAGE 5


            CODE    7C44H     009AH     UNIT         ?C_C51STARTUP
            CODE    7CDEH     0087H     UNIT         ?PR?MAIN?MAIN
            CODE    7D65H     006AH     UNIT         ?PR?DEBUGMODEEN?SAVEPLL
            CODE    7DCFH     0060H     UNIT         ?PR?INTUART?INT
            CODE    7E2FH     005EH     UNIT         ?C_INITSEG
            CODE    7E8DH     004CH     UNIT         ?PR?INT
            CODE    7ED9H     0044H     UNIT         ?C?LDIV
            CODE    7F1DH     003EH     UNIT         ?CO?AUTOADJ
            CODE    7F5BH     0037H     UNIT         ?PR?_UART_PUTCHAR?INT
            CODE    7F92H     002EH     UNIT         ?CO?MCU
            CODE    7FC0H     002DH     UNIT         ?CO?KEYPAD
            CODE    7FEDH     002BH     UNIT         ?CO?OSD_KEY
            CODE    8018H     002BH     UNIT         ?CO?HDCP
            CODE    8043H     0026H     UNIT         ?CO?USERADJ
            CODE    8069H     0025H     UNIT         ?CO?MAIN
            CODE    808EH     0020H     UNIT         ?PR?_PUTCHAR?INT
            CODE    80AEH     0010H     UNIT         ?CO?NVRAM
            CODE    80BEH     000CH     UNIT         ?PR?_ABS?ABS
                    80CAH     0036H                  *** GAP ***
            CODE    8100H     000CH     PAGE         ?BANK?SWITCH

            * * * * * * *   C O D E   B A N K   0   * * * * * * *
                    0000H     0006H                  *** GAP ***
            BANK0   0006H     0005H     UNIT         ?PR?FACTORYENTERMODE?FACTORY
                    000BH     0003H                  *** GAP ***
            BANK0   000EH     0005H     UNIT         ?PR?_REGINC?FACTORY
                    0013H     000FH                  *** GAP ***
            BANK0   0022H     0001H     UNIT         ?PR?SHOWLANGUAGEMENU?OSD
                    0023H     0003H                  *** GAP ***
            BANK0   0026H     57C6H     UNIT         ?CO?OSD_TAB
            BANK0   57ECH     014BH     UNIT         ?CO?OSD
            BANK0   5937H     0149H     UNIT         ?CO?FACTORY
                    5A80H     264AH                  *** GAP ***
            BANK0   80CAH     0034H     UNIT         ?PR?CHANGEINPUTSOURCE?OSD
                    80FEH     000EH                  *** GAP ***
            BANK0   810CH     0507H     UNIT         ?PR?FACTORYSHOWMENU?FACTORY
            BANK0   8613H     03C9H     UNIT         ?PR?FACTORYENTER?FACTORY
            BANK0   89DCH     0337H     UNIT         ?PR?SHOWADJUSTMENU?OSD
            BANK0   8D13H     0312H     UNIT         ?PR?OSD
            BANK0   9025H     0292H     UNIT         ?PR?SHOWSUBMENU?OSD
            BANK0   92B7H     027DH     UNIT         ?PR?FACTORYVALUEUP?FACTORY
            BANK0   9534H     0279H     UNIT         ?PR?FACTORYVALUEDOWN?FACTORY
            BANK0   97ADH     021FH     UNIT         ?PR?SAVEDATA?OSD
            BANK0   99CCH     01E5H     UNIT         ?PR?_WRITEARIALFONT?OSD
            BANK0   9BB1H     0184H     UNIT         ?PR?MAINOSD?OSD
            BANK0   9D35H     017AH     UNIT         ?PR?FACTORY
            BANK0   9EAFH     012AH     UNIT         ?PR?_SHOWSLIDERBAR?OSD
            BANK0   9FD9H     00FAH     UNIT         ?PR?_OSDINIT?OSD
            BANK0   A0D3H     00E9H     UNIT         ?PR?_SHOWAGING?OSD
            BANK0   A1BCH     00C6H     UNIT         ?PR?SHOWLFDEMOOSD?OSD_LF
            BANK0   A282H     00C2H     UNIT         ?PR?_FACTORYSHOWVALUE?FACTORY
            BANK0   A344H     00B9H     UNIT         ?PR?SETMOVEPOSITION?OSD
            BANK0   A3FDH     00B2H     UNIT         ?PR?WRITECHARFONT?OSD
            BANK0   A4AFH     00ABH     UNIT         ?PR?_WRITEXY_STRING?OSD
            BANK0   A55AH     009FH     UNIT         ?PR?SELECTMAINICON?OSD
            BANK0   A5F9H     0098H     UNIT         ?PR?SHOWSOURCEMSG?OSD
            BANK0   A691H     0095H     UNIT         ?PR?_WRITESEQUENCESCALER?OSD
BL51 BANKED LINKER/LOCATER V6.11                                                      04/16/2014  18:12:35  PAGE 6


            BANK0   A726H     0091H     UNIT         ?PR?SOURCEMENU?OSD
            BANK0   A7B7H     008CH     UNIT         ?PR?SHOWLFMAINMENU?OSD_LF
            BANK0   A843H     008BH     UNIT         ?PR?_SHOWRESOLUTION?OSD
            BANK0   A8CEH     008AH     UNIT         ?PR?SELECTSUBITEM?OSD
            BANK0   A958H     0089H     UNIT         ?PR?SHOWOUTOFRANGEOVER?OSD
            BANK0   A9E1H     0084H     UNIT         ?PR?SHOWDIRECTBRIGHTNESSMENU?OSD
            BANK0   AA65H     0083H     UNIT         ?PR?FACTORYMOVEUP?FACTORY
            BANK0   AAE8H     0083H     UNIT         ?PR?FACTORYMOVEDOWN?FACTORY
            BANK0   AB6BH     007FH     UNIT         ?PR?_WRITECOLORICON?OSD
            BANK0   ABEAH     007FH     UNIT         ?PR?SHOWOUTOFRANGE85HZ?OSD
            BANK0   AC69H     007EH     UNIT         ?PR?SHOWTITLEGRADIENT?OSD
            BANK0   ACE7H     007AH     UNIT         ?PR?_SHOWMONSELMSG?OSD
            BANK0   AD61H     0077H     UNIT         ?PR?_SHOWNUM?OSD
            BANK0   ADD8H     0076H     UNIT         ?PR?_SETPOSITION?OSD
            BANK0   AE4EH     0073H     UNIT         ?PR?SELECTLFMITM?OSD
            BANK0   AEC1H     006EH     UNIT         ?PR?SHOWNOVIDEO?OSD
            BANK0   AF2FH     006CH     UNIT         ?PR?SHOWOSD_LOCK?OSD
            BANK0   AF9BH     006AH     UNIT         ?PR?SHOWCOLORMENU?OSD
            BANK0   B005H     006AH     UNIT         ?PR?SHOWINPUTMENU?OSD
            BANK0   B06FH     0065H     UNIT         ?PR?SHOWDIRECTVOLUMEMENU?OSD
            BANK0   B0D4H     0065H     UNIT         ?PR?SELECTLANGUAGE?OSD
            BANK0   B139H     005FH     UNIT         ?PR?FACTORYSELECTVALUE?FACTORY
            BANK0   B198H     005EH     UNIT         ?PR?FACTORYUNSELECTVALUE?FACTORY
            BANK0   B1F6H     005DH     UNIT         ?PR?_SHOWSERIALNO?OSD
            BANK0   B253H     005AH     UNIT         ?PR?SHOWDISCONNECTED?OSD
            BANK0   B2ADH     0057H     UNIT         ?PR?SELECTCOLORTEMP?OSD
            BANK0   B304H     004BH     UNIT         ?PR?LOADFONT?OSD
            BANK0   B34FH     004AH     UNIT         ?PR?SHOWCLOCK?OSD
            BANK0   B399H     0049H     UNIT         ?PR?SELECTINPUT?OSD
            BANK0   B3E2H     0043H     UNIT         ?PR?SELECTYESNO?OSD
            BANK0   B425H     0040H     UNIT         ?PR?SHOWAUTOADJ?OSD
            BANK0   B465H     0040H     UNIT         ?PR?SHOWRGBSTATUS?OSD
            BANK0   B4A5H     003FH     UNIT         ?PR?SHOWBRIGHTNESS?OSD
            BANK0   B4E4H     003EH     UNIT         ?PR?SHOWHP?OSD
            BANK0   B522H     003EH     UNIT         ?PR?SHOWDDCCIONOFF?OSD
            BANK0   B560H     003DH     UNIT         ?PR?SHOWYESNOMENU?OSD
            BANK0   B59DH     003BH     UNIT         ?PR?SHOWVP?OSD
            BANK0   B5D8H     0038H     UNIT         ?PR?SHOWONOFFMENU?OSD
            BANK0   B610H     0037H     UNIT         ?PR?_FILLLINEATTR?OSD
            BANK0   B647H     0033H     UNIT         ?PR?SHOWTRANSPARENCY?OSD
            BANK0   B67AH     0033H     UNIT         ?PR?SHOWNOSYNC?OSD
            BANK0   B6ADH     0030H     UNIT         ?PR?_WRITEXY_CHAR?OSD
            BANK0   B6DDH     002FH     UNIT         ?PR?_WRITEXY_LINE?OSD
            BANK0   B70CH     002DH     UNIT         ?PR?CLEAROSD?OSD
            BANK0   B739H     002DH     UNIT         ?PR?OSD_OFF?OSD
            BANK0   B766H     002AH     UNIT         ?PR?SHOWOSD_TIMER?OSD
            BANK0   B790H     0028H     UNIT         ?PR?HDCPPOWERDET?OSD
            BANK0   B7B8H     0025H     UNIT         ?PR?REGWRITE?FACTORY
            BANK0   B7DDH     0023H     UNIT         ?PR?SHOWRED?OSD
            BANK0   B800H     0023H     UNIT         ?PR?SHOWGREEN?OSD
            BANK0   B823H     0023H     UNIT         ?PR?SHOWBLUE?OSD
            BANK0   B846H     0020H     UNIT         ?PR?FACTORYSHOWAUTOCOLOR?FACTORY
            BANK0   B866H     0020H     UNIT         ?PR?FACTORYSHOWBURNIN?FACTORY
            BANK0   B886H     001BH     UNIT         ?PR?SHOWVOLUME?OSD
            BANK0   B8A1H     001BH     UNIT         ?PR?SETOSDATCENTER?OSD
            BANK0   B8BCH     001BH     UNIT         ?PR?_SHOWOSD_DEBUG?OSD
            BANK0   B8D7H     001BH     UNIT         ?PR?CHECKCOLORTEMPERATURE?OSD
BL51 BANKED LINKER/LOCATER V6.11                                                      04/16/2014  18:12:35  PAGE 7


            BANK0   B8F2H     0019H     UNIT         ?PR?_REGADDRDEC?FACTORY
            BANK0   B90BH     0018H     UNIT         ?PR?SHOWCONTRAST?OSD
            BANK0   B923H     0018H     UNIT         ?PR?SHOWSATURATION?OSD
            BANK0   B93BH     0018H     UNIT         ?PR?SHOWTINT?OSD
            BANK0   B953H     0018H     UNIT         ?PR?SHOWPHASE?OSD
            BANK0   B96BH     0018H     UNIT         ?PR?SHOWOSD_X?OSD
            BANK0   B983H     0018H     UNIT         ?PR?SHOWOSD_Y?OSD
            BANK0   B99BH     0017H     UNIT         ?PR?_REGADDRINC?FACTORY
            BANK0   B9B2H     0016H     UNIT         ?PR?FACTORYUNSELECT?FACTORY
            BANK0   B9C8H     0014H     UNIT         ?PR?FACTORYSELECT?FACTORY
            BANK0   B9DCH     0014H     UNIT         ?PR?SELECTSUBICONWIN?OSD
            BANK0   B9F0H     0013H     UNIT         ?PR?ADC_R_UP?FACTORY
            BANK0   BA03H     0013H     UNIT         ?PR?ADC_R_DOWN?FACTORY
            BANK0   BA16H     0013H     UNIT         ?PR?ADC_G_UP?FACTORY
            BANK0   BA29H     0013H     UNIT         ?PR?ADC_G_DOWN?FACTORY
            BANK0   BA3CH     0013H     UNIT         ?PR?ADC_B_UP?FACTORY
            BANK0   BA4FH     0013H     UNIT         ?PR?ADC_B_DOWN?FACTORY
            BANK0   BA62H     0013H     UNIT         ?PR?ADC_R_OFFSETUP?FACTORY
            BANK0   BA75H     0013H     UNIT         ?PR?ADC_R_OFFSETDOWN?FACTORY
            BANK0   BA88H     0013H     UNIT         ?PR?ADC_G_OFFSETUP?FACTORY
            BANK0   BA9BH     0013H     UNIT         ?PR?ADC_G_OFFSETDOWN?FACTORY
            BANK0   BAAEH     0013H     UNIT         ?PR?ADC_B_OFFSETUP?FACTORY
            BANK0   BAC1H     0013H     UNIT         ?PR?ADC_B_OFFSETDOWN?FACTORY
            BANK0   BAD4H     0012H     UNIT         ?PR?MAINICONWINOFF?OSD
            BANK0   BAE6H     0012H     UNIT         ?PR?SELECTMAINICONWIN?OSD
            BANK0   BAF8H     0012H     UNIT         ?PR?MAINICONWINON?OSD
            BANK0   BB0AH     0012H     UNIT         ?PR?SUBICONWINOFF?OSD
            BANK0   BB1CH     0012H     UNIT         ?PR?SUBICONWINON?OSD
            BANK0   BB2EH     0012H     UNIT         ?PR?OSD_ON?OSD
            BANK0   BB40H     0011H     UNIT         ?PR?REGREAD?FACTORY
            BANK0   BB51H     0010H     UNIT         ?PR?_FACTORYCOLORUP?FACTORY
            BANK0   BB61H     0010H     UNIT         ?PR?_FACTORYCOLORDOWN?FACTORY
            BANK0   BB71H     000CH     UNIT         ?PR?FACTORYITEMUP?FACTORY
            BANK0   BB7DH     000CH     UNIT         ?PR?FACTORYITEMDOWN?FACTORY
            BANK0   BB89H     000CH     UNIT         ?PR?OSD_LF
            BANK0   BB95H     0009H     UNIT         ?PR?CLEAREEPROM?FACTORY
            BANK0   BB9EH     0005H     UNIT         ?PR?_REGDEC?FACTORY

            * * * * * * *   C O D E   B A N K   1   * * * * * * *
                    0000H     0006H                  *** GAP ***
            BANK1   0006H     0004H     UNIT         ?PR?_SET_USOSDTIMER_10MS?MIS
            BANK1   000AH     0001H     UNIT         ?PR?LED_REDON?BOARD
                    000BH     0003H                  *** GAP ***
            BANK1   000EH     0004H     UNIT         ?PR?_SET_USOSD2TIMER_10MS?MIS
            BANK1   0012H     0001H     UNIT         ?PR?LED_REDOFF?BOARD
                    0013H     000FH                  *** GAP ***
            BANK1   0022H     0001H     UNIT         ?PR?TCONINIT?SCALER
                    0023H     0003H                  *** GAP ***
            BANK1   0026H     06DBH     UNIT         ?PR?SETVCP_FEATURE?DDC_CI
            BANK1   0701H     05E6H     UNIT         ?PR?SETSCALER?SCALER
            BANK1   0CE7H     0512H     UNIT         ?PR?GETMODE?MODEHANDLE
            BANK1   11F9H     0403H     UNIT         ?PR?GETVCP_FEATURE?DDC_CI
            BANK1   15FCH     0380H     UNIT         ?PR?_BF_SETDYMACEMODE?BFCONTROL
            BANK1   197CH     0373H     UNIT         ?PR?SETADC_PLL?SCALER
            BANK1   1CEFH     033CH     UNIT         ?PR?LOADMODEINDEPENDENTSETTINGS?USERADJ
            BANK1   202BH     033BH     UNIT         ?PR?CHECKKEY?KEYPAD
            BANK1   2366H     02ECH     UNIT         ?PR?ITEMDOWN?OSD_KEY
BL51 BANKED LINKER/LOCATER V6.11                                                      04/16/2014  18:12:35  PAGE 8


            BANK1   2652H     0286H     UNIT         ?PR?CHECKRESOLUTION?AUTOADJ
            BANK1   28D8H     0261H     UNIT         ?PR?ITEMUP?OSD_KEY
            BANK1   2B39H     025AH     UNIT         ?PR?_SETADC_GAIN?AUTOADJ
            BANK1   2D93H     0245H     UNIT         ?PR?SCANKEYPAD?KEYPAD
            BANK1   2FD8H     023AH     UNIT         ?PR?AUTOADJ
            BANK1   3212H     020BH     UNIT         ?PR?_SETADC_OFFSET?AUTOADJ
            BANK1   341DH     0207H     UNIT         ?PR?MODEHANDLE
            BANK1   3624H     0206H     UNIT         ?PR?CHECKFREQ?MODEHANDLE
            BANK1   382AH     0205H     UNIT         ?PR?BF_SETDYMBACKLIGHT?BFCONTROL
            BANK1   3A2FH     01FEH     UNIT         ?PR?CHECKTIMER?MIS
            BANK1   3C2DH     01FCH     UNIT         ?PR?CHECKCLOCK?AUTOADJ
            BANK1   3E29H     01F0H     UNIT         ?PR?AUTOPOSITION?AUTOADJ
            BANK1   4019H     01D5H     UNIT         ?PR?AUTOPHASEFINETUNE?AUTOADJ
            BANK1   41EEH     01CBH     UNIT         ?PR?SYNCSOURCE?MODEHANDLE
            BANK1   43B9H     01C9H     UNIT         ?PR?SETCONTRASTRGB?SRGB
            BANK1   4582H     01C6H     UNIT         ?PR?BFCONTROL
            BANK1   4748H     01B1H     UNIT         ?PR?INITMCU?MCU
            BANK1   48F9H     01A8H     UNIT         ?PR?GETCOUNTER?MODEHANDLE
            BANK1   4AA1H     019FH     UNIT         ?PR?_SETUSERMODE?MODEHANDLE
            BANK1   4C40H     0197H     UNIT         ?PR?DVIPRESENTDETECTION?MODEHANDLE
            BANK1   4DD7H     0195H     UNIT         ?PR?SCALER
            BANK1   4F6CH     0193H     UNIT         ?PR?CHECKSYNCMODE?MODEHANDLE
            BANK1   50FFH     0191H     UNIT         ?PR?INITEEPROM?NVRAM
            BANK1   5290H     018DH     UNIT         ?PR?LFRESETDATA?BFCONTROL
            BANK1   541DH     018BH     UNIT         ?PR?RECALL?USERADJ
            BANK1   55A8H     0189H     UNIT         ?PR?AUTOCLOCKBYPHASE?AUTOADJ
            BANK1   5731H     016FH     UNIT         ?PR?AUTOCLOCK?AUTOADJ
            BANK1   58A0H     015FH     UNIT         ?PR?_GETSPECIALMODE?MODEHANDLE
            BANK1   59FFH     007EH     UNIT         ?PR?UPDATEPRESETDATA?SCALER
            BANK1   5A7DH     0003H     UNIT         ?PR?SETPANELIDX?SCALER
                    5A80H     264AH                  *** GAP ***
            BANK1   80CAH     0035H     UNIT         ?PR?LFSETACEMODE?BFCONTROL
                    80FFH     000DH                  *** GAP ***
            BANK1   810CH     015FH     UNIT         ?PR?INITSCALER?SCALER
            BANK1   826BH     0156H     UNIT         ?PR?DDC_CI
            BANK1   83C1H     0153H     UNIT         ?PR?CHECKSOG?MODEHANDLE
            BANK1   8514H     013CH     UNIT         ?PR?_SETCOLORTEMP?USERADJ
            BANK1   8650H     0136H     UNIT         ?PR?GETHMASK?AUTOADJ
            BANK1   8786H     012CH     UNIT         ?PR?_NVTHWDEBUG?NVTDEBUG
            BANK1   88B2H     0115H     UNIT         ?PR?SETADC_GAIN_C?AUTOADJ
            BANK1   89C7H     0114H     UNIT         ?PR?MAINMENU?OSD_KEY
            BANK1   8ADBH     0107H     UNIT         ?PR?_SAVEDDCDATA?NVRAM
            BANK1   8BE2H     0100H     UNIT         ?PR?AUTOTUNE?AUTOADJ
            BANK1   8CE2H     00FAH     UNIT         ?PR?SETADC_OFFSET_C?AUTOADJ
            BANK1   8DDCH     00F3H     UNIT         ?PR?CHECKPHASEDATA?AUTOADJ
            BANK1   8ECFH     00F2H     UNIT         ?PR?_STOREHDCP?HDCP
            BANK1   8FC1H     00F1H     UNIT         ?PR?NVRAM
            BANK1   90B2H     00F0H     UNIT         ?PR?INITMODEDATA16?NVRAM
            BANK1   91A2H     00EFH     UNIT         ?PR?BF_GETHISTOGRAM?BFCONTROL
            BANK1   9291H     00EFH     UNIT         ?PR?NVRAM_INIT?NVRAM
            BANK1   9380H     00DCH     UNIT         ?PR?SETMINMAX?MODEHANDLE
            BANK1   945CH     00D4H     UNIT         ?PR?WRITEHDCPKEY?HDCP
            BANK1   9530H     00D1H     UNIT         ?PR?SETVCP_CAPABILITIES?DDC_CI
            BANK1   9601H     00CAH     UNIT         ?PR?USERADJ
            BANK1   96CBH     00C8H     UNIT         ?PR?_LOADDDCDATA?NVRAM
            BANK1   9793H     00C3H     UNIT         ?PR?_BF_SETWINDOWSIZE?BFCONTROL
            BANK1   9856H     00B9H     UNIT         ?PR?DVIBANDWIDTHDETECTION?SCALER
BL51 BANKED LINKER/LOCATER V6.11                                                      04/16/2014  18:12:35  PAGE 9


            BANK1   990FH     00B5H     UNIT         ?PR?_LFSETMINMAX?BFCONTROL
            BANK1   99C4H     00B0H     UNIT         ?PR?NOSYNC?MODEHANDLE
            BANK1   9A74H     00AAH     UNIT         ?PR?CHECKDVI?MODEHANDLE
            BANK1   9B1EH     00A4H     UNIT         ?PR?BFCORRECTFLESHTONE?BFCONTROL
            BANK1   9BC2H     00A2H     UNIT         ?PR?_LFENTERDEMOMODE?BFCONTROL
            BANK1   9C64H     0097H     UNIT         ?PR?LFLOADINITSTATE?BFCONTROL
            BANK1   9CFBH     0096H     UNIT         ?PR?SAVEMODEDEPENDENTSETTINGS?USERADJ
            BANK1   9D91H     0091H     UNIT         ?PR?SETDISPLAYNORMAL?SCALER
            BANK1   9E22H     0090H     UNIT         ?PR?LOADADC_GAIN?SCALER
            BANK1   9EB2H     008FH     UNIT         ?PR?_LFMENUCONTROL?BFCONTROL
            BANK1   9F41H     008DH     UNIT         ?PR?_WRITEPAGE24C16?NVRAM
            BANK1   9FCEH     008CH     UNIT         ?PR?CHECKDDC2BI?DDC_CI
            BANK1   A05AH     0088H     UNIT         ?PR?LOADMODEDEPENDENTSETTINGS?USERADJ
            BANK1   A0E2H     0082H     UNIT         ?PR?SETBRIGHTNESS?SCALER
            BANK1   A164H     007DH     UNIT         ?PR?SETINTERFACE?SCALER
            BANK1   A1E1H     007BH     UNIT         ?PR?SRGB
            BANK1   A25CH     007AH     UNIT         ?PR?SETDPLL?SCALER
            BANK1   A2D6H     007AH     UNIT         ?PR?SETFREERUN?SCALER
            BANK1   A350H     007AH     UNIT         ?PR?SCALERPOWERDOWN?SCALER
            BANK1   A3CAH     0079H     UNIT         ?PR?_WRITEBYTE?IIC
            BANK1   A443H     0078H     UNIT         ?PR?_BF_SETPREACEMODE?BFCONTROL
            BANK1   A4BBH     0075H     UNIT         ?PR?RECALLSRGBOFFSET?USERADJ
            BANK1   A530H     0070H     UNIT         ?PR?_LFLEAVEDEMOMODE?BFCONTROL
            BANK1   A5A0H     006EH     UNIT         ?PR?BFENHANCECOLOR?BFCONTROL
            BANK1   A60EH     0069H     UNIT         ?PR?LFENABLESETTINGS?BFCONTROL
            BANK1   A677H     0065H     UNIT         ?PR?FACTORYRESET?USERADJ
            BANK1   A6DCH     0062H     UNIT         ?PR?CHECKMODECHANGE?MODEHANDLE
            BANK1   A73EH     0061H     UNIT         ?PR?BF_MOVINGWINDOW?BFCONTROL
            BANK1   A79FH     005FH     UNIT         ?PR?BFENHANCEBLUE?BFCONTROL
            BANK1   A7FEH     005EH     UNIT         ?PR?POWERSAVING?SCALER
            BANK1   A85CH     005DH     UNIT         ?PR?HDCP
            BANK1   A8B9H     005CH     UNIT         ?PR?BFENHANCEGREEN?BFCONTROL
            BANK1   A915H     005CH     UNIT         ?PR?CHECKPHASE?AUTOADJ
            BANK1   A971H     0059H     UNIT         ?PR?_BF_ENABLEWINDOW?BFCONTROL
            BANK1   A9CAH     0059H     UNIT         ?PR?AUTOCOLOR?AUTOADJ
            BANK1   AA23H     0059H     UNIT         ?PR?_FORCETOBACKGROUND?SCALER
            BANK1   AA7CH     0050H     UNIT         ?PR?_READ24C16_SHORT?NVRAM
            BANK1   AACCH     004BH     UNIT         ?PR?CHECK2BICMD?DDC_CI
            BANK1   AB17H     004BH     UNIT         ?PR?UPDATEADCOFFSET?AUTOADJ
            BANK1   AB62H     0048H     UNIT         ?PR?OSD_KEY
            BANK1   ABAAH     0047H     UNIT         ?PR?SAVECURRENTSETTING?DDC_CI
            BANK1   ABF1H     0047H     UNIT         ?PR?_READIIC?IIC
            BANK1   AC38H     0047H     UNIT         ?PR?AUTOTUNEEXIT?AUTOADJ
            BANK1   AC7FH     0045H     UNIT         ?PR?CHECKHDCPSYNCMODE?HDCP
            BANK1   ACC4H     0043H     UNIT         ?PR?CHECKHDCPCHKSUM?HDCP
            BANK1   AD07H     0043H     UNIT         ?PR?_WRITEIIC_WAITV?IIC
            BANK1   AD4AH     0042H     UNIT         ?PR?SETVOLUME?SCALER
            BANK1   AD8CH     0040H     UNIT         ?PR?_BF_SETACTIVEWINDOW?BFCONTROL
            BANK1   ADCCH     003FH     UNIT         ?PR?EXITKEY?OSD_KEY
            BANK1   AE0BH     003FH     UNIT         ?PR?HP_DOWN?USERADJ
            BANK1   AE4AH     003EH     UNIT         ?PR?VP_DOWN?USERADJ
            BANK1   AE88H     003CH     UNIT         ?PR?CHECKHDCP?HDCP
            BANK1   AEC4H     003BH     UNIT         ?PR?GETTIMING?DDC_CI
            BANK1   AEFFH     003BH     UNIT         ?PR?RECALLPOT?USERADJ
            BANK1   AF3AH     003AH     UNIT         ?PR?BF_INIT?BFCONTROL
            BANK1   AF74H     003AH     UNIT         ?PR?NVTDEBUG
            BANK1   AFAEH     0038H     UNIT         ?PR?DIRECTVOLUMEUP?USERADJ
BL51 BANKED LINKER/LOCATER V6.11                                                      04/16/2014  18:12:35  PAGE 10


            BANK1   AFE6H     0038H     UNIT         ?PR?DIRECTVOLUMEDOWN?USERADJ
            BANK1   B01EH     0037H     UNIT         ?PR?GET_ULPOTTIMERH?MIS
            BANK1   B055H     0037H     UNIT         ?PR?MUTESCREEN?MODEHANDLE
            BANK1   B08CH     0037H     UNIT         ?PR?SCALERPOWERUP?SCALER
            BANK1   B0C3H     0034H     UNIT         ?PR?INPUTSOURCESELECT?SCALER
            BANK1   B0F7H     0033H     UNIT         ?PR?WAITVSYNC?DDC_CI
            BANK1   B12AH     0033H     UNIT         ?PR?_WRITE24C16?NVRAM
            BANK1   B15DH     0033H     UNIT         ?PR?SCALERON?SCALER
            BANK1   B190H     0032H     UNIT         ?PR?CLEARNEWMODE?USERADJ
            BANK1   B1C2H     0031H     UNIT         ?PR?CLOCKDOWN?USERADJ
            BANK1   B1F3H     0030H     UNIT         ?PR?_WRITE24C16_SHORT?NVRAM
            BANK1   B223H     0030H     UNIT         ?PR?SETVP?SCALER
            BANK1   B253H     002FH     UNIT         ?PR?_BF_SETSHARPNESS?BFCONTROL
            BANK1   B282H     002FH     UNIT         ?PR?_NONHDCPDETECTION?MODEHANDLE
            BANK1   B2B1H     002DH     UNIT         ?PR?_BF_DISABLEWINDOW?BFCONTROL
            BANK1   B2DEH     002CH     UNIT         ?PR?BF_UPDATEHISTOGRAM?BFCONTROL
            BANK1   B30AH     002CH     UNIT         ?PR?SETTRANSPARENCY?USERADJ
            BANK1   B336H     002BH     UNIT         ?PR?CLOCKUP?USERADJ
            BANK1   B361H     002BH     UNIT         ?PR?HP_UP?USERADJ
            BANK1   B38CH     002AH     UNIT         ?PR?CHECK_DDC_UPDATE?NVRAM
            BANK1   B3B6H     0029H     UNIT         ?PR?_BF_SETYPEAKING?BFCONTROL
            BANK1   B3DFH     0029H     UNIT         ?PR?STARTDDCCI?MCU
            BANK1   B408H     0029H     UNIT         ?PR?_WRITEIIC?IIC
            BANK1   B431H     0028H     UNIT         ?PR?SETADC_PHASE?SCALER
            BANK1   B459H     0028H     UNIT         ?PR?_WRITEWORDIIC560?SCALER
            BANK1   B481H     0027H     UNIT         ?PR?FINDOFFSET?AUTOADJ
            BANK1   B4A8H     0027H     UNIT         ?PR?VP_UP?USERADJ
            BANK1   B4CFH     0025H     UNIT         ?PR?COLORTEMPUP?USERADJ
            BANK1   B4F4H     0024H     UNIT         ?PR?READBYTE?IIC
            BANK1   B518H     0024H     UNIT         ?PR?COLORTEMPDOWN?USERADJ
            BANK1   B53CH     0022H     UNIT         ?PR?BF_ENABLEACEMODE?BFCONTROL
            BANK1   B55EH     0021H     UNIT         ?PR?GOTOSEPARATESYNC?MODEHANDLE
            BANK1   B57FH     0021H     UNIT         ?PR?GOTOCOMPOSITESYNC?MODEHANDLE
            BANK1   B5A0H     0021H     UNIT         ?PR?MUTESCREEN_1?MODEHANDLE
            BANK1   B5C1H     0020H     UNIT         ?PR?BF_DISABLEACEMODE?BFCONTROL
            BANK1   B5E1H     0020H     UNIT         ?PR?BACKLIGHTOFF?BOARD
            BANK1   B601H     001EH     UNIT         ?PR?OSD_X_DOWN?USERADJ
            BANK1   B61FH     001EH     UNIT         ?PR?OSD_Y_DOWN?USERADJ
            BANK1   B63DH     001DH     UNIT         ?PR?MIS
            BANK1   B65AH     001DH     UNIT         ?PR?IIC_ACK?IIC
            BANK1   B677H     001DH     UNIT         ?PR?COLORGREENDOWN?USERADJ
            BANK1   B694H     001DH     UNIT         ?PR?_WRITEIIC560?SCALER
            BANK1   B6B1H     001CH     UNIT         ?PR?PHASEUP?USERADJ
            BANK1   B6CDH     001CH     UNIT         ?PR?OSD_X_UP?USERADJ
            BANK1   B6E9H     001CH     UNIT         ?PR?OSD_Y_UP?USERADJ
            BANK1   B705H     001CH     UNIT         ?PR?TRANSPARENCYUP?USERADJ
            BANK1   B721H     001CH     UNIT         ?PR?OSD_TIMERUP?USERADJ
            BANK1   B73DH     001CH     UNIT         ?PR?OSD_TIMERDOWN?USERADJ
            BANK1   B759H     001BH     UNIT         ?PR?RELEASEFACTORYMODE?DDC_CI
            BANK1   B774H     001BH     UNIT         ?PR?INITHDCP?HDCP
            BANK1   B78FH     001BH     UNIT         ?PR?TRANSPARENCYDOWN?USERADJ
            BANK1   B7AAH     001BH     UNIT         ?PR?MODE_CHECK?MODEHANDLE
            BANK1   B7C5H     001AH     UNIT         ?PR?GRNLEDFLICK?MIS
            BANK1   B7DFH     001AH     UNIT         ?PR?_SCALINGCOLORGAIN?USERADJ
            BANK1   B7F9H     001AH     UNIT         ?PR?COLORREDDOWN?USERADJ
            BANK1   B813H     001AH     UNIT         ?PR?COLORBLUEDOWN?USERADJ
            BANK1   B82DH     0019H     UNIT         ?PR?CHECKPOWERSTATUS?MIS
BL51 BANKED LINKER/LOCATER V6.11                                                      04/16/2014  18:12:35  PAGE 11


            BANK1   B846H     0019H     UNIT         ?PR?BRIGHTNESSDOWN?USERADJ
            BANK1   B85FH     0019H     UNIT         ?PR?CONTRASTUP?USERADJ
            BANK1   B878H     0019H     UNIT         ?PR?CONTRASTDOWN?USERADJ
            BANK1   B891H     0019H     UNIT         ?PR?SATURATIONUP?USERADJ
            BANK1   B8AAH     0019H     UNIT         ?PR?SATURATIONDOWN?USERADJ
            BANK1   B8C3H     0019H     UNIT         ?PR?TINTUP?USERADJ
            BANK1   B8DCH     0019H     UNIT         ?PR?TINTDOWN?USERADJ
            BANK1   B8F5H     0019H     UNIT         ?PR?PHASEDOWN?USERADJ
            BANK1   B90EH     0019H     UNIT         ?PR?DIRECTBRIGHTNESSDOWN?USERADJ
            BANK1   B927H     0019H     UNIT         ?PR?COLORREDUP?USERADJ
            BANK1   B940H     0019H     UNIT         ?PR?COLORGREENUP?USERADJ
            BANK1   B959H     0019H     UNIT         ?PR?COLORBLUEUP?USERADJ
            BANK1   B972H     0019H     UNIT         ?PR?_READ24C16?NVRAM
            BANK1   B98BH     0018H     UNIT         ?PR?KEYPAD
            BANK1   B9A3H     0018H     UNIT         ?PR?LANGUAGEDOWN?USERADJ
            BANK1   B9BBH     0018H     UNIT         ?PR?_COLORGAINRETURNTONORMAL?USERADJ
            BANK1   B9D3H     0017H     UNIT         ?PR?LANGUAGEUP?USERADJ
            BANK1   B9EAH     0017H     UNIT         ?PR?GOTODVI?MODEHANDLE
            BANK1   BA01H     0016H     UNIT         ?PR?_SET_ULPOTTIMERH?MIS
            BANK1   BA17H     0016H     UNIT         ?PR?BRIGHTNESSUP?USERADJ
            BANK1   BA2DH     0016H     UNIT         ?PR?DIRECTBRIGHTNESSUP?USERADJ
            BANK1   BA43H     0016H     UNIT         ?PR?BOARD
            BANK1   BA59H     0015H     UNIT         ?PR?STARTHDCPSTORING?HDCP
            BANK1   BA6EH     0015H     UNIT         ?PR?INPUTSOURCEUP?USERADJ
            BANK1   BA83H     0015H     UNIT         ?PR?INPUTSOURCEDOWN?USERADJ
            BANK1   BA98H     0014H     UNIT         ?PR?WAITDDCTXOUT?DDC_CI
            BANK1   BAACH     0011H     UNIT         ?PR?LEDFLASH?MIS
            BANK1   BABDH     0010H     UNIT         ?PR?_ENDEXIT?AUTOADJ
            BANK1   BACDH     0010H     UNIT         ?PR?_READWORDIIC560?SCALER
            BANK1   BADDH     000FH     UNIT         ?PR?_SENDNULLCMD?DDC_CI
            BANK1   BAECH     000FH     UNIT         ?PR?BACKLIGHTON?BOARD
            BANK1   BAFBH     000FH     UNIT         ?PR?_WAITSETUP?MODEHANDLE
            BANK1   BB0AH     000FH     UNIT         ?PR?SETHP?SCALER
            BANK1   BB19H     000EH     UNIT         ?PR?EEP_WP_OFF?BOARD
            BANK1   BB27H     000DH     UNIT         ?PR?IIC_STOP?IIC
            BANK1   BB34H     000DH     UNIT         ?PR?CHECKGREENPOWER?MODEHANDLE
            BANK1   BB41H     000CH     UNIT         ?PR?REPLYNA?DDC_CI
            BANK1   BB4DH     000BH     UNIT         ?PR?_SLEEP?MIS
            BANK1   BB58H     000BH     UNIT         ?PR?ISPANELPOWERON?BOARD
            BANK1   BB63H     000BH     UNIT         ?PR?ISBACKLIGHTON?BOARD
            BANK1   BB6EH     000BH     UNIT         ?PR?ISVGACONNECTED?BOARD
            BANK1   BB79H     000BH     UNIT         ?PR?ISDVICONNECTED?BOARD
            BANK1   BB84H     000AH     UNIT         ?PR?STOPDDCCI?MCU
            BANK1   BB8EH     000AH     UNIT         ?PR?MASTERACK?IIC
            BANK1   BB98H     000AH     UNIT         ?PR?MASTERNACK?IIC
            BANK1   BBA2H     000AH     UNIT         ?PR?LED_GRNON?BOARD
            BANK1   BBACH     000AH     UNIT         ?PR?LED_GRNOFF?BOARD
            BANK1   BBB6H     000AH     UNIT         ?PR?PANELPOWERON?BOARD
            BANK1   BBC0H     000AH     UNIT         ?PR?PANELPOWEROFF?BOARD
            BANK1   BBCAH     000AH     UNIT         ?PR?RGB_SW1_RGB1?BOARD
            BANK1   BBD4H     000AH     UNIT         ?PR?RGB_SW1_RGB2?BOARD
            BANK1   BBDEH     000AH     UNIT         ?PR?COPYLED_GRNON?BOARD
            BANK1   BBE8H     000AH     UNIT         ?PR?COPYLED_GRNOFF?BOARD
            BANK1   BBF2H     000AH     UNIT         ?PR?AUDIO_MUTE?BOARD
            BANK1   BBFCH     000AH     UNIT         ?PR?AUDIO_ON?BOARD
            BANK1   BC06H     000AH     UNIT         ?PR?AMP_STBY?BOARD
            BANK1   BC10H     000AH     UNIT         ?PR?AMP_ON?BOARD
BL51 BANKED LINKER/LOCATER V6.11                                                      04/16/2014  18:12:35  PAGE 12


            BANK1   BC1AH     000AH     UNIT         ?PR?EEP_WP_ON?BOARD
            BANK1   BC24H     0009H     UNIT         ?PR?_BF_SETSATURATION?BFCONTROL
            BANK1   BC2DH     0009H     UNIT         ?PR?_BF_SETHUE?BFCONTROL
            BANK1   BC36H     0008H     UNIT         ?PR?LFSETSATURATION?BFCONTROL
            BANK1   BC3EH     0008H     UNIT         ?PR?LFSETHUE?BFCONTROL
            BANK1   BC46H     0008H     UNIT         ?PR?LFSETSHARPNESS?BFCONTROL
            BANK1   BC4EH     0008H     UNIT         ?PR?LFSETYPEAK?BFCONTROL
            BANK1   BC56H     0008H     UNIT         ?PR?GET_USTIMER1_1MS?MIS
            BANK1   BC5EH     0008H     UNIT         ?PR?GET_USPOSVTIMER?MIS
            BANK1   BC66H     0008H     UNIT         ?PR?GET_USWARNINGMSGTIMER_1S?MIS
            BANK1   BC6EH     0008H     UNIT         ?PR?GET_USOSDTIMER_10MS?MIS
            BANK1   BC76H     0008H     UNIT         ?PR?GET_USOSD2TIMER_10MS?MIS
            BANK1   BC7EH     0008H     UNIT         ?PR?GET_USBFTIMER_10MS?MIS
            BANK1   BC86H     0008H     UNIT         ?PR?IIC_START?IIC
            BANK1   BC8EH     0008H     UNIT         ?PR?_GETHACTIVE?SCALER
            BANK1   BC96H     0008H     UNIT         ?PR?_READIIC560?SCALER
            BANK1   BC9EH     0007H     UNIT         ?PR?SETISCL?IIC
            BANK1   BCA5H     0006H     UNIT         ?PR?_SET_USTIMER1_1MS?MIS
            BANK1   BCABH     0006H     UNIT         ?PR?_SET_USPOSVTIMER?MIS
            BANK1   BCB1H     0006H     UNIT         ?PR?_SET_USWARNINGMSGTIMER_1S?MIS
            BANK1   BCB7H     0006H     UNIT         ?PR?_SET_USBFTIMER_10MS?MIS
            BANK1   BCBDH     0006H     UNIT         ?PR?IIC_DELAYHIGH?IIC
            BANK1   BCC3H     0006H     UNIT         ?PR?_GETVACTIVE?SCALER



OVERLAY MAP OF MODULE:   .\BIN\NT68667_DNP (?C_STARTUP)


SEGMENT                                            BIT_GROUP          DATA_GROUP          XDATA_GROUP
  +--> CALLED SEGMENT                           START    LENGTH     START    LENGTH     START    LENGTH
-------------------------------------------------------------------------------------------------------
?C_C51STARTUP                                   -----    -----      -----    -----      -----    -----
  +--> ?PR?MAIN?MAIN
  +--> ?C_INITSEG

?PR?MAIN?MAIN                                   -----    -----      -----    -----      -----    -----
  +--> ?PR?INITMCU?MCU
  +--> ?PR?NVRAM_INIT?NVRAM
  +--> ?CO?MAIN
  +--> ?PR?PRINTF?PRINTF
  +--> ?PR?INITSCALER?SCALER
  +--> ?PR?LOADMODEINDEPENDENTSETTINGS?USERADJ
  +--> ?PR?LED_REDOFF?BOARD
  +--> ?PR?LED_GRNOFF?BOARD
  +--> ?PR?LED_GRNON?BOARD
  +--> ?PR?LOADFONT?OSD
  +--> ?PR?INPUTSOURCESELECT?SCALER
  +--> ?PR?CHECKPOWERSTATUS?MIS
  +--> ?PR?LOADADC_GAIN?SCALER
  +--> ?PR?CHECKDDC2BI?DDC_CI
  +--> ?PR?CHECKKEY?KEYPAD
  +--> ?PR?MODE_CHECK?MODEHANDLE
  +--> ?PR?CHECKTIMER?MIS
  +--> ?PR?CHECK_DDC_UPDATE?NVRAM

?PR?INITMCU?MCU                                 -----    -----      -----    -----      -----    -----
BL51 BANKED LINKER/LOCATER V6.11                                                      04/16/2014  18:12:35  PAGE 13


  +--> ?CO?MCU
  +--> ?PR?STARTDDCCI?MCU
  +--> ?PR?_SENDNULLCMD?DDC_CI
  +--> ?PR?_SET_USTIMER1_1MS?MIS
  +--> ?PR?_SET_USOSDTIMER_10MS?MIS
  +--> ?PR?_SET_USOSD2TIMER_10MS?MIS
  +--> ?PR?_SET_USWARNINGMSGTIMER_1S?MIS
  +--> ?PR?_SLEEP?MIS
  +--> ?PR?_WRITEIIC560?SCALER
  +--> ?PR?_LOADDDCDATA?NVRAM
  +--> ?PR?CHECK_DDC_UPDATE?NVRAM
  +--> ?PR?PRINTF?PRINTF
  +--> ?PR?_SET_USPOSVTIMER?MIS

?PR?_SENDNULLCMD?DDC_CI                         -----    -----      -----    -----      -----    -----
  +--> ?PR?DDC_CI

?PR?_SET_USTIMER1_1MS?MIS                       -----    -----      -----    -----      -----    -----
  +--> ?PR?MIS

?PR?_SET_USOSDTIMER_10MS?MIS                    -----    -----      -----    -----      -----    -----
  +--> ?PR?MIS

?PR?_SET_USOSD2TIMER_10MS?MIS                   -----    -----      -----    -----      -----    -----
  +--> ?PR?MIS

?PR?_SET_USWARNINGMSGTIMER_1S?MIS               -----    -----      -----    -----      -----    -----
  +--> ?PR?MIS

?PR?_SLEEP?MIS                                  -----    -----      -----    -----      -----    -----
  +--> ?PR?_SET_USTIMER1_1MS?MIS
  +--> ?PR?GET_USTIMER1_1MS?MIS

?PR?_WRITEIIC560?SCALER                         -----    -----      -----    -----      F5CDH    0002H
  +--> ?PR?SCALER

?PR?SCALER                                      -----    -----      -----    -----      -----    -----
  +--> ?CO?SCALER

?PR?_LOADDDCDATA?NVRAM                          -----    -----      -----    -----      F57AH    0009H
  +--> ?PR?NVRAM
  +--> ?PR?IIC_START?IIC
  +--> ?PR?_WRITEBYTE?IIC
  +--> ?PR?SETISCL?IIC
  +--> ?PR?READBYTE?IIC
  +--> ?PR?MASTERACK?IIC
  +--> ?PR?MASTERNACK?IIC
  +--> ?PR?IIC_STOP?IIC

?PR?NVRAM                                       -----    -----      -----    -----      -----    -----
  +--> ?CO?ROM_MAP

?PR?IIC_START?IIC                               -----    -----      -----    -----      -----    -----
  +--> ?PR?IIC_DELAYHIGH?IIC

?PR?_WRITEBYTE?IIC                              -----    -----      -----    -----      F5AEH    0001H
  +--> ?PR?SETISCL?IIC
BL51 BANKED LINKER/LOCATER V6.11                                                      04/16/2014  18:12:35  PAGE 14


  +--> ?PR?IIC_DELAYHIGH?IIC
  +--> ?PR?IIC_ACK?IIC

?PR?IIC_ACK?IIC                                 -----    -----      -----    -----      -----    -----
  +--> ?PR?SETISCL?IIC

?PR?MASTERACK?IIC                               -----    -----      -----    -----      -----    -----
  +--> ?PR?SETISCL?IIC

?PR?MASTERNACK?IIC                              -----    -----      -----    -----      -----    -----
  +--> ?PR?SETISCL?IIC

?PR?IIC_STOP?IIC                                -----    -----      -----    -----      -----    -----
  +--> ?PR?IIC_DELAYHIGH?IIC
  +--> ?PR?SETISCL?IIC

?PR?CHECK_DDC_UPDATE?NVRAM                      -----    -----      -----    -----      -----    -----
  +--> ?PR?_SAVEDDCDATA?NVRAM

?PR?_SAVEDDCDATA?NVRAM                          -----    -----      -----    -----      F57AH    0006H
  +--> ?PR?NVRAM
  +--> ?PR?_WRITEPAGE24C16?NVRAM
  +--> ?PR?_READ24C16?NVRAM
  +--> ?PR?LED_GRNON?BOARD
  +--> ?PR?LED_REDOFF?BOARD

?PR?_WRITEPAGE24C16?NVRAM                       -----    -----      -----    -----      F5A4H    000AH
  +--> ?PR?NVRAM
  +--> ?PR?EEP_WP_OFF?BOARD
  +--> ?PR?IIC_START?IIC
  +--> ?PR?_WRITEBYTE?IIC
  +--> ?PR?IIC_STOP?IIC
  +--> ?PR?_SLEEP?MIS
  +--> ?PR?EEP_WP_ON?BOARD

?PR?EEP_WP_OFF?BOARD                            -----    -----      -----    -----      -----    -----
  +--> ?PR?BOARD

?PR?EEP_WP_ON?BOARD                             -----    -----      -----    -----      -----    -----
  +--> ?PR?BOARD

?PR?_READ24C16?NVRAM                            -----    -----      -----    -----      -----    -----
  +--> ?PR?_READIIC?IIC

?PR?_READIIC?IIC                                -----    -----      -----    -----      F594H    0003H
  +--> ?PR?IIC_START?IIC
  +--> ?PR?_WRITEBYTE?IIC
  +--> ?PR?SETISCL?IIC
  +--> ?PR?IIC_DELAYHIGH?IIC
  +--> ?PR?READBYTE?IIC
  +--> ?PR?MASTERNACK?IIC
  +--> ?PR?IIC_STOP?IIC

?PR?LED_GRNON?BOARD                             -----    -----      -----    -----      -----    -----
  +--> ?PR?BOARD

?PR?PRINTF?PRINTF                               0026H.6  0001H.1    0028H    0005H      F595H    0030H
BL51 BANKED LINKER/LOCATER V6.11                                                      04/16/2014  18:12:35  PAGE 15


  +--> ?PR?_PUTCHAR?INT

?PR?_PUTCHAR?INT                                -----    -----      -----    -----      -----    -----
  +--> ?PR?_UART_PUTCHAR?INT

?PR?_SET_USPOSVTIMER?MIS                        -----    -----      -----    -----      -----    -----
  +--> ?PR?MIS

?PR?NVRAM_INIT?NVRAM                            -----    -----      -----    -----      F57AH    0005H
  +--> ?PR?_READ24C16?NVRAM
  +--> ?PR?INITEEPROM?NVRAM
  +--> ?PR?NVRAM
  +--> ?PR?_SET_ULPOTTIMERH?MIS
  +--> ?PR?STARTDDCCI?MCU
  +--> ?PR?STOPDDCCI?MCU

?PR?INITEEPROM?NVRAM                            0026H.6  0000H.1    -----    -----      F57FH    0005H
  +--> ?PR?NVRAM
  +--> ?PR?_WRITEPAGE24C16?NVRAM
  +--> ?PR?_WRITE24C16?NVRAM
  +--> ?PR?_READ24C16?NVRAM
  +--> ?CO?ROM_MAP
  +--> ?CO?NVRAM
  +--> ?PR?INITMODEDATA16?NVRAM

?PR?_WRITE24C16?NVRAM                           -----    -----      -----    -----      F5A8H    0003H
  +--> ?PR?NVRAM
  +--> ?PR?EEP_WP_OFF?BOARD
  +--> ?PR?_WRITEIIC?IIC
  +--> ?PR?_SLEEP?MIS
  +--> ?PR?EEP_WP_ON?BOARD

?PR?_WRITEIIC?IIC                               -----    -----      -----    -----      F5ABH    0003H
  +--> ?PR?IIC_START?IIC
  +--> ?PR?_WRITEBYTE?IIC
  +--> ?PR?IIC_STOP?IIC

?PR?INITMODEDATA16?NVRAM                        -----    -----      -----    -----      F584H    0020H
  +--> ?CO?ROM_MAP
  +--> ?PR?NVRAM
  +--> ?PR?_WRITE24C16_SHORT?NVRAM
  +--> ?PR?_WRITEPAGE24C16?NVRAM

?PR?_WRITE24C16_SHORT?NVRAM                     -----    -----      -----    -----      F5A4H    0004H
  +--> ?PR?NVRAM
  +--> ?PR?_WRITE24C16?NVRAM

?PR?_SET_ULPOTTIMERH?MIS                        -----    -----      -----    -----      F57FH    0004H
  +--> ?PR?MIS

?PR?INITSCALER?SCALER                           -----    -----      -----    -----      -----    -----
  +--> ?CO?SCALER
  +--> ?PR?PRINTF?PRINTF
  +--> ?PR?_WRITEIIC560?SCALER
  +--> ?PR?_SLEEP?MIS
  +--> ?PR?TCONINIT?SCALER
  +--> ?PR?INITHDCP?HDCP
BL51 BANKED LINKER/LOCATER V6.11                                                      04/16/2014  18:12:35  PAGE 16


  +--> ?PR?UPDATEPRESETDATA?SCALER
  +--> ?PR?SETFREERUN?SCALER
  +--> ?PR?SETINTERFACE?SCALER
  +--> ?PR?SCALER
  +--> ?PR?BF_INIT?BFCONTROL
  +--> ?PR?SCALERON?SCALER

?PR?INITHDCP?HDCP                               -----    -----      -----    -----      -----    -----
  +--> ?PR?WRITEHDCPKEY?HDCP
  +--> ?PR?_WRITEIIC560?SCALER
  +--> ?PR?HDCP

?PR?WRITEHDCPKEY?HDCP                           -----    -----      -----    -----      F57BH    0003H
  +--> ?PR?_WRITEIIC560?SCALER
  +--> ?PR?HDCP
  +--> ?PR?_READIIC560?SCALER
  +--> ?PR?_READ24C16?NVRAM

?PR?_READIIC560?SCALER                          -----    -----      -----    -----      -----    -----
  +--> ?PR?SCALER

?PR?UPDATEPRESETDATA?SCALER                     -----    -----      -----    -----      F57BH    0001H
  +--> ?CO?SCALER
  +--> ?PR?SCALER
  +--> ?PR?_WRITEIIC560?SCALER

?PR?SETFREERUN?SCALER                           -----    -----      -----    -----      F5ABH    0002H
  +--> ?PR?SETDPLL?SCALER
  +--> ?PR?_WRITEWORDIIC560?SCALER
  +--> ?PR?_WRITEIIC560?SCALER
  +--> ?PR?SCALER
  +--> ?PR?SETBRIGHTNESS?SCALER

?PR?SETDPLL?SCALER                              -----    -----      -----    -----      F5ADH    0004H
  +--> ?PR?_WRITEIIC560?SCALER
  +--> ?PR?SCALER

?PR?_WRITEWORDIIC560?SCALER                     -----    -----      -----    -----      F5B8H    0002H
  +--> ?PR?SCALER

?PR?SETBRIGHTNESS?SCALER                        -----    -----      -----    -----      F5ADH    0002H
  +--> ?PR?SCALER
  +--> ?PR?_WRITEIIC560?SCALER
  +--> ?PR?SETCONTRASTRGB?SRGB

?PR?SETCONTRASTRGB?SRGB                         -----    -----      -----    -----      F5AFH    0009H
  +--> ?PR?SRGB
  +--> ?PR?_WRITEWORDIIC560?SCALER
  +--> ?PR?_WRITEIIC560?SCALER
  +--> ?PR?_WRITEIIC_WAITV?IIC

?PR?_WRITEIIC_WAITV?IIC                         -----    -----      -----    -----      F5B8H    0002H

?PR?SETINTERFACE?SCALER                         -----    -----      -----    -----      F586H    0001H
  +--> ?CO?SCALER
  +--> ?PR?SCALER
  +--> ?PR?_WRITEIIC560?SCALER
BL51 BANKED LINKER/LOCATER V6.11                                                      04/16/2014  18:12:35  PAGE 17



?PR?BF_INIT?BFCONTROL                           -----    -----      -----    -----      -----    -----
  +--> ?PR?_BF_SETWINDOWSIZE?BFCONTROL
  +--> ?PR?_READIIC560?SCALER
  +--> ?PR?_WRITEIIC560?SCALER
  +--> ?PR?_BF_SETPREACEMODE?BFCONTROL

?PR?_BF_SETWINDOWSIZE?BFCONTROL                 -----    -----      -----    -----      F580H    0001H
  +--> ?PR?BFCONTROL
  +--> ?PR?_WRITEIIC560?SCALER

?PR?BFCONTROL                                   -----    -----      -----    -----      -----    -----
  +--> ?CO?SCALER
  +--> ?CO?BFCONTROL

?PR?_BF_SETPREACEMODE?BFCONTROL                 -----    -----      -----    -----      F57EH    0002H
  +--> ?PR?_READIIC560?SCALER
  +--> ?PR?BFCONTROL
  +--> ?PR?_WRITEIIC560?SCALER
  +--> ?PR?_SLEEP?MIS
  +--> ?PR?BF_ENABLEACEMODE?BFCONTROL

?PR?BF_ENABLEACEMODE?BFCONTROL                  -----    -----      -----    -----      -----    -----
  +--> ?PR?_READIIC560?SCALER
  +--> ?PR?_WRITEIIC560?SCALER

?PR?SCALERON?SCALER                             -----    -----      -----    -----      -----    -----
  +--> ?PR?PANELPOWERON?BOARD
  +--> ?PR?_SLEEP?MIS
  +--> ?PR?_WRITEIIC560?SCALER

?PR?PANELPOWERON?BOARD                          -----    -----      -----    -----      -----    -----
  +--> ?PR?BOARD

?PR?LOADMODEINDEPENDENTSETTINGS?USERADJ         -----    -----      -----    -----      -----    -----
  +--> ?CO?USERADJ
  +--> ?PR?PRINTF?PRINTF
  +--> ?PR?RGB_SW1_RGB2?BOARD
  +--> ?PR?RGB_SW1_RGB1?BOARD
  +--> ?PR?COPYLED_GRNOFF?BOARD
  +--> ?PR?COPYLED_GRNON?BOARD
  +--> ?PR?_READ24C16?NVRAM
  +--> ?PR?USERADJ
  +--> ?PR?_SET_USOSDTIMER_10MS?MIS
  +--> ?PR?_WRITE24C16?NVRAM
  +--> ?PR?SETPANELIDX?SCALER
  +--> ?PR?LFRESETDATA?BFCONTROL

?PR?RGB_SW1_RGB2?BOARD                          -----    -----      -----    -----      -----    -----
  +--> ?PR?BOARD

?PR?RGB_SW1_RGB1?BOARD                          -----    -----      -----    -----      -----    -----
  +--> ?PR?BOARD

?PR?COPYLED_GRNOFF?BOARD                        -----    -----      -----    -----      -----    -----
  +--> ?PR?BOARD

BL51 BANKED LINKER/LOCATER V6.11                                                      04/16/2014  18:12:35  PAGE 18


?PR?COPYLED_GRNON?BOARD                         -----    -----      -----    -----      -----    -----
  +--> ?PR?BOARD

?PR?USERADJ                                     -----    -----      -----    -----      -----    -----
  +--> ?PR?_SCALINGCOLORGAIN?USERADJ
  +--> ?PR?_COLORGAINRETURNTONORMAL?USERADJ

?PR?SETPANELIDX?SCALER                          -----    -----      -----    -----      -----    -----
  +--> ?PR?SETBRIGHTNESS?SCALER

?PR?LFRESETDATA?BFCONTROL                       -----    -----      -----    -----      -----    -----
  +--> ?PR?_READ24C16?NVRAM
  +--> ?PR?LFLOADINITSTATE?BFCONTROL
  +--> ?PR?BFCONTROL
  +--> ?CO?BFCONTROL
  +--> ?PR?_WRITE24C16?NVRAM
  +--> ?CO?ROM_MAP
  +--> ?PR?SAVEDATA?OSD
  +--> ?PR?_SETCOLORTEMP?USERADJ
  +--> ?PR?_LFSETMINMAX?BFCONTROL

?PR?LFLOADINITSTATE?BFCONTROL                   -----    -----      -----    -----      -----    -----
  +--> ?PR?_READ24C16?NVRAM
  +--> ?PR?BFCONTROL

?PR?SAVEDATA?OSD                                -----    -----      -----    -----      -----    -----
  +--> ?PR?OSD
  +--> ?PR?_WRITE24C16_SHORT?NVRAM
  +--> ?PR?_WRITE24C16?NVRAM
  +--> ?PR?SETBRIGHTNESS?SCALER

?PR?OSD                                         -----    -----      -----    -----      -----    -----
  +--> ?CO?OSD_TAB

?PR?_SETCOLORTEMP?USERADJ                       -----    -----      -----    -----      F57EH    0001H
  +--> ?PR?_READ24C16?NVRAM
  +--> ?PR?SETBRIGHTNESS?SCALER
  +--> ?PR?SETCONTRASTRGB?SRGB

?PR?_LFSETMINMAX?BFCONTROL                      -----    -----      -----    -----      F57EH    0001H
  +--> ?CO?BFCONTROL
  +--> ?PR?_READ24C16?NVRAM

?PR?LED_GRNOFF?BOARD                            -----    -----      -----    -----      -----    -----
  +--> ?PR?BOARD

?PR?LOADFONT?OSD                                -----    -----      -----    -----      -----    -----
  +--> ?PR?_WRITEWORDIIC560?SCALER
  +--> ?CO?OSD
  +--> ?CO?OSD_TAB
  +--> ?PR?_WRITESEQUENCESCALER?OSD

?PR?_WRITESEQUENCESCALER?OSD                    -----    -----      -----    -----      F57DH    0008H
  +--> ?PR?OSD

?PR?INPUTSOURCESELECT?SCALER                    -----    -----      -----    -----      -----    -----
  +--> ?PR?_WRITEIIC560?SCALER
BL51 BANKED LINKER/LOCATER V6.11                                                      04/16/2014  18:12:35  PAGE 19


  +--> ?PR?CHECKSOG?MODEHANDLE
  +--> ?PR?GOTODVI?MODEHANDLE
  +--> ?PR?GOTOCOMPOSITESYNC?MODEHANDLE

?PR?CHECKSOG?MODEHANDLE                         -----    -----      -----    -----      F57CH    0004H
  +--> ?PR?_READIIC560?SCALER
  +--> ?PR?MODEHANDLE
  +--> ?PR?_WRITEIIC560?SCALER
  +--> ?PR?SETINTERFACE?SCALER
  +--> ?PR?_SET_USTIMER1_1MS?MIS
  +--> ?PR?GET_USTIMER1_1MS?MIS
  +--> ?PR?_SLEEP?MIS
  +--> ?PR?_ABS?ABS
  +--> ?PR?_READWORDIIC560?SCALER

?PR?MODEHANDLE                                  -----    -----      -----    -----      -----    -----
  +--> ?CO?SCALER
  +--> ?CO?ROM_MAP

?PR?_READWORDIIC560?SCALER                      -----    -----      -----    -----      -----    -----
  +--> ?PR?SCALER

?PR?GOTODVI?MODEHANDLE                          -----    -----      -----    -----      -----    -----
  +--> ?PR?MODEHANDLE
  +--> ?PR?_WRITEIIC560?SCALER
  +--> ?PR?SETINTERFACE?SCALER

?PR?GOTOCOMPOSITESYNC?MODEHANDLE                -----    -----      -----    -----      -----    -----
  +--> ?PR?_READIIC560?SCALER
  +--> ?PR?MODEHANDLE
  +--> ?PR?_WRITEIIC560?SCALER
  +--> ?PR?SETINTERFACE?SCALER
  +--> ?PR?_SLEEP?MIS

?PR?CHECKPOWERSTATUS?MIS                        -----    -----      -----    -----      -----    -----
  +--> ?PR?POWERSAVING?SCALER
  +--> ?PR?LED_REDOFF?BOARD
  +--> ?PR?LED_GRNOFF?BOARD
  +--> ?PR?LED_GRNON?BOARD

?PR?POWERSAVING?SCALER                          -----    -----      -----    -----      -----    -----
  +--> ?PR?_WRITEIIC560?SCALER
  +--> ?PR?AUDIO_MUTE?BOARD
  +--> ?PR?AMP_STBY?BOARD
  +--> ?PR?_LFLEAVEDEMOMODE?BFCONTROL
  +--> ?PR?BACKLIGHTOFF?BOARD
  +--> ?PR?_FORCETOBACKGROUND?SCALER
  +--> ?PR?_SLEEP?MIS
  +--> ?PR?SCALERPOWERDOWN?SCALER
  +--> ?PR?_SET_USPOSVTIMER?MIS
  +--> ?PR?_READIIC560?SCALER
  +--> ?CO?SCALER
  +--> ?PR?PRINTF?PRINTF

?PR?AUDIO_MUTE?BOARD                            -----    -----      -----    -----      -----    -----
  +--> ?PR?BOARD

BL51 BANKED LINKER/LOCATER V6.11                                                      04/16/2014  18:12:35  PAGE 20


?PR?AMP_STBY?BOARD                              -----    -----      -----    -----      -----    -----
  +--> ?PR?BOARD

?PR?_LFLEAVEDEMOMODE?BFCONTROL                  -----    -----      -----    -----      F57CH    0001H
  +--> ?PR?OSD_OFF?OSD
  +--> ?PR?_SLEEP?MIS
  +--> ?PR?_READIIC560?SCALER
  +--> ?PR?_WRITEIIC560?SCALER
  +--> ?PR?_BF_SETWINDOWSIZE?BFCONTROL
  +--> ?PR?_READ24C16?NVRAM
  +--> ?PR?LFENABLESETTINGS?BFCONTROL
  +--> ?PR?BFCONTROL
  +--> ?PR?_WRITE24C16?NVRAM

?PR?OSD_OFF?OSD                                 -----    -----      -----    -----      -----    -----
  +--> ?PR?SAVEDATA?OSD
  +--> ?PR?SUBICONWINOFF?OSD
  +--> ?PR?MAINICONWINOFF?OSD
  +--> ?PR?_WRITEIIC560?SCALER
  +--> ?PR?LOADFONT?OSD

?PR?SUBICONWINOFF?OSD                           -----    -----      -----    -----      -----    -----
  +--> ?PR?_READIIC560?SCALER
  +--> ?PR?_WRITEIIC560?SCALER

?PR?MAINICONWINOFF?OSD                          -----    -----      -----    -----      -----    -----
  +--> ?PR?_READIIC560?SCALER
  +--> ?PR?_WRITEIIC560?SCALER

?PR?LFENABLESETTINGS?BFCONTROL                  -----    -----      -----    -----      F57DH    0001H
  +--> ?CO?BFCONTROL
  +--> ?PR?PRINTF?PRINTF
  +--> ?PR?_BF_DISABLEWINDOW?BFCONTROL
  +--> ?PR?_BF_ENABLEWINDOW?BFCONTROL
  +--> ?PR?_BF_SETACTIVEWINDOW?BFCONTROL
  +--> ?PR?_WRITE24C16?NVRAM
  +--> ?PR?LFRESETDATA?BFCONTROL
  +--> ?PR?LFSETSATURATION?BFCONTROL
  +--> ?PR?LFSETHUE?BFCONTROL
  +--> ?PR?LFSETSHARPNESS?BFCONTROL
  +--> ?PR?LFSETYPEAK?BFCONTROL
  +--> ?PR?BFENHANCECOLOR?BFCONTROL
  +--> ?PR?LFSETACEMODE?BFCONTROL

?PR?_BF_DISABLEWINDOW?BFCONTROL                 -----    -----      -----    -----      F57EH    0002H
  +--> ?PR?_READIIC560?SCALER
  +--> ?PR?_WRITEIIC560?SCALER

?PR?_BF_ENABLEWINDOW?BFCONTROL                  -----    -----      -----    -----      F57EH    0003H
  +--> ?PR?_READIIC560?SCALER
  +--> ?PR?_WRITEIIC560?SCALER

?PR?_BF_SETACTIVEWINDOW?BFCONTROL               -----    -----      -----    -----      F57EH    0002H
  +--> ?PR?_READIIC560?SCALER
  +--> ?PR?_WRITEIIC560?SCALER
  +--> ?PR?_BF_SETWINDOWSIZE?BFCONTROL

BL51 BANKED LINKER/LOCATER V6.11                                                      04/16/2014  18:12:35  PAGE 21


?PR?LFSETSATURATION?BFCONTROL                   -----    -----      -----    -----      -----    -----
  +--> ?PR?_BF_SETSATURATION?BFCONTROL

?PR?_BF_SETSATURATION?BFCONTROL                 -----    -----      -----    -----      -----    -----
  +--> ?PR?_WRITEIIC560?SCALER

?PR?LFSETHUE?BFCONTROL                          -----    -----      -----    -----      -----    -----
  +--> ?PR?_BF_SETHUE?BFCONTROL

?PR?_BF_SETHUE?BFCONTROL                        -----    -----      -----    -----      -----    -----
  +--> ?PR?_WRITEIIC560?SCALER

?PR?LFSETSHARPNESS?BFCONTROL                    -----    -----      -----    -----      -----    -----
  +--> ?PR?_BF_SETSHARPNESS?BFCONTROL

?PR?_BF_SETSHARPNESS?BFCONTROL                  -----    -----      -----    -----      F57EH    0001H
  +--> ?PR?_WRITEIIC560?SCALER

?PR?LFSETYPEAK?BFCONTROL                        -----    -----      -----    -----      -----    -----
  +--> ?PR?_BF_SETYPEAKING?BFCONTROL

?PR?_BF_SETYPEAKING?BFCONTROL                   -----    -----      -----    -----      F57EH    0001H
  +--> ?PR?_WRITEIIC560?SCALER

?PR?BFENHANCECOLOR?BFCONTROL                    -----    -----      -----    -----      -----    -----
  +--> ?PR?BFCONTROL
  +--> ?PR?_READ24C16?NVRAM
  +--> ?PR?_WRITEIIC560?SCALER
  +--> ?PR?BFCORRECTFLESHTONE?BFCONTROL
  +--> ?PR?BFENHANCEGREEN?BFCONTROL
  +--> ?PR?BFENHANCEBLUE?BFCONTROL

?PR?BFCORRECTFLESHTONE?BFCONTROL                -----    -----      -----    -----      F57EH    0003H
  +--> ?PR?_READIIC560?SCALER
  +--> ?PR?BFCONTROL
  +--> ?PR?_WRITEIIC560?SCALER

?PR?BFENHANCEGREEN?BFCONTROL                    -----    -----      -----    -----      F57EH    0003H
  +--> ?PR?_READIIC560?SCALER
  +--> ?PR?BFCONTROL
  +--> ?PR?_WRITEIIC560?SCALER

?PR?BFENHANCEBLUE?BFCONTROL                     -----    -----      -----    -----      F57EH    0003H
  +--> ?PR?_READIIC560?SCALER
  +--> ?PR?BFCONTROL
  +--> ?PR?_WRITEIIC560?SCALER

?PR?LFSETACEMODE?BFCONTROL                      -----    -----      -----    -----      -----    -----
  +--> ?PR?BF_DISABLEACEMODE?BFCONTROL
  +--> ?PR?_BF_SETDYMACEMODE?BFCONTROL
  +--> ?PR?_SET_USBFTIMER_10MS?MIS
  +--> ?PR?_BF_SETPREACEMODE?BFCONTROL

?PR?BF_DISABLEACEMODE?BFCONTROL                 -----    -----      -----    -----      -----    -----
  +--> ?PR?_READIIC560?SCALER
  +--> ?PR?_WRITEIIC560?SCALER

BL51 BANKED LINKER/LOCATER V6.11                                                      04/16/2014  18:12:35  PAGE 22


?PR?_BF_SETDYMACEMODE?BFCONTROL                 -----    -----      -----    -----      F57EH    004FH
  +--> ?PR?BFCONTROL
  +--> ?PR?_READIIC560?SCALER
  +--> ?PR?ISBACKLIGHTON?BOARD
  +--> ?PR?_ABS?ABS
  +--> ?CO?BFCONTROL
  +--> ?PR?_WRITEIIC560?SCALER
  +--> ?PR?BF_ENABLEACEMODE?BFCONTROL

?PR?_SET_USBFTIMER_10MS?MIS                     -----    -----      -----    -----      -----    -----
  +--> ?PR?MIS

?PR?BACKLIGHTOFF?BOARD                          -----    -----      -----    -----      -----    -----
  +--> ?PR?BOARD
  +--> ?PR?_WRITEIIC560?SCALER

?PR?_FORCETOBACKGROUND?SCALER                   -----    -----      -----    -----      F5AAH    0001H
  +--> ?PR?_WRITEIIC560?SCALER
  +--> ?PR?SCALER
  +--> ?PR?SETFREERUN?SCALER

?PR?SCALERPOWERDOWN?SCALER                      -----    -----      -----    -----      -----    -----
  +--> ?PR?_WRITEIIC560?SCALER
  +--> ?PR?_SLEEP?MIS
  +--> ?PR?SCALER
  +--> ?PR?PANELPOWEROFF?BOARD

?PR?PANELPOWEROFF?BOARD                         -----    -----      -----    -----      -----    -----
  +--> ?PR?BOARD

?PR?LOADADC_GAIN?SCALER                         -----    -----      -----    -----      -----    -----
  +--> ?PR?_READ24C16?NVRAM
  +--> ?PR?_WRITEIIC560?SCALER

?PR?CHECKDDC2BI?DDC_CI                          -----    -----      -----    -----      -----    -----
  +--> ?PR?CHECK2BICMD?DDC_CI

?PR?CHECK2BICMD?DDC_CI                          -----    -----      -----    -----      -----    -----
  +--> ?PR?_SENDNULLCMD?DDC_CI
  +--> ?PR?GETVCP_FEATURE?DDC_CI
  +--> ?PR?SETVCP_FEATURE?DDC_CI
  +--> ?PR?GETTIMING?DDC_CI
  +--> ?PR?SAVECURRENTSETTING?DDC_CI
  +--> ?PR?SETVCP_CAPABILITIES?DDC_CI
  +--> ?PR?OSD_OFF?OSD

?PR?GETVCP_FEATURE?DDC_CI                       -----    -----      -----    -----      F57AH    0002H
  +--> ?PR?WAITDDCTXOUT?DDC_CI
  +--> ?PR?_NVTHWDEBUG?NVTDEBUG
  +--> ?PR?DDC_CI
  +--> ?CO?DDC_CI
  +--> ?PR?_WRITEIIC560?SCALER
  +--> ?PR?GET_ULPOTTIMERH?MIS
  +--> ?PR?ISPANELPOWERON?BOARD
  +--> ?PR?REPLYNA?DDC_CI

?PR?WAITDDCTXOUT?DDC_CI                         -----    -----      -----    -----      -----    -----
BL51 BANKED LINKER/LOCATER V6.11                                                      04/16/2014  18:12:35  PAGE 23


  +--> ?PR?_SET_USTIMER1_1MS?MIS
  +--> ?PR?GET_USTIMER1_1MS?MIS

?PR?_NVTHWDEBUG?NVTDEBUG                        -----    -----      -----    -----      F57CH    0009H
  +--> ?PR?NVTDEBUG
  +--> ?PR?_READIIC560?SCALER
  +--> ?PR?_READ24C16?NVRAM
  +--> ?PR?_WRITEIIC560?SCALER
  +--> ?PR?_WRITE24C16?NVRAM

?PR?GET_ULPOTTIMERH?MIS                         -----    -----      -----    -----      F57CH    0008H
  +--> ?PR?MIS

?PR?REPLYNA?DDC_CI                              -----    -----      -----    -----      -----    -----
  +--> ?PR?DDC_CI

?PR?SETVCP_FEATURE?DDC_CI                       -----    -----      -----    -----      F57AH    0002H
  +--> ?PR?RECALLSRGBOFFSET?USERADJ
  +--> ?PR?RECALL?USERADJ
  +--> ?PR?SETCONTRASTRGB?SRGB
  +--> ?PR?SETBRIGHTNESS?SCALER
  +--> ?PR?AUTOPOSITION?AUTOADJ
  +--> ?CO?ROM_MAP
  +--> ?PR?_WRITE24C16?NVRAM
  +--> ?PR?DDC_CI
  +--> ?PR?SETADC_PLL?SCALER
  +--> ?PR?_SETCOLORTEMP?USERADJ
  +--> ?PR?SAVEDATA?OSD
  +--> ?PR?AUTOTUNE?AUTOADJ
  +--> ?PR?OSD_OFF?OSD
  +--> ?PR?AUTOCOLOR?AUTOADJ
  +--> ?PR?SETHP?SCALER
  +--> ?PR?SETADC_PHASE?SCALER
  +--> ?PR?INPUTSOURCESELECT?SCALER
  +--> ?PR?POWERSAVING?SCALER
  +--> ?PR?LFENABLESETTINGS?BFCONTROL
  +--> ?PR?SETVOLUME?SCALER
  +--> ?PR?_NVTHWDEBUG?NVTDEBUG
  +--> ?PR?STARTHDCPSTORING?HDCP
  +--> ?PR?_STOREHDCP?HDCP
  +--> ?PR?CHECKHDCPCHKSUM?HDCP
  +--> ?PR?WAITVSYNC?DDC_CI
  +--> ?PR?SETVP?SCALER

?PR?RECALLSRGBOFFSET?USERADJ                    -----    -----      -----    -----      -----    -----
  +--> ?CO?ROM_MAP
  +--> ?PR?_WRITE24C16?NVRAM
  +--> ?PR?USERADJ
  +--> ?PR?_WRITEIIC560?SCALER

?PR?RECALL?USERADJ                              -----    -----      -----    -----      -----    -----
  +--> ?PR?_READ24C16?NVRAM
  +--> ?CO?ROM_MAP
  +--> ?PR?SAVEDATA?OSD
  +--> ?PR?LFENABLESETTINGS?BFCONTROL
  +--> ?PR?SETOSDATCENTER?OSD
  +--> ?PR?_WRITE24C16?NVRAM
BL51 BANKED LINKER/LOCATER V6.11                                                      04/16/2014  18:12:35  PAGE 24


  +--> ?PR?SETVOLUME?SCALER
  +--> ?PR?USERADJ
  +--> ?PR?_SET_USOSDTIMER_10MS?MIS
  +--> ?PR?SHOWAUTOADJ?OSD
  +--> ?PR?AUTOTUNE?AUTOADJ
  +--> ?PR?OSD_OFF?OSD

?PR?SETOSDATCENTER?OSD                          -----    -----      -----    -----      -----    -----
  +--> ?PR?_SETPOSITION?OSD
  +--> ?PR?OSD
  +--> ?PR?_WRITE24C16?NVRAM

?PR?_SETPOSITION?OSD                            -----    -----      -----    -----      F58DH    0002H
  +--> ?PR?OSD
  +--> ?PR?_WRITEWORDIIC560?SCALER
  +--> ?PR?_WRITEIIC560?SCALER
  +--> ?PR?_WAITSETUP?MODEHANDLE

?PR?_WAITSETUP?MODEHANDLE                       -----    -----      -----    -----      -----    -----
  +--> ?PR?CHECKMODECHANGE?MODEHANDLE

?PR?CHECKMODECHANGE?MODEHANDLE                  -----    -----      -----    -----      F5A9H    0001H
  +--> ?PR?MODEHANDLE
  +--> ?PR?_WRITEIIC560?SCALER
  +--> ?PR?_READWORDIIC560?SCALER
  +--> ?PR?MUTESCREEN_1?MODEHANDLE
  +--> ?PR?_READIIC560?SCALER

?PR?MUTESCREEN_1?MODEHANDLE                     -----    -----      -----    -----      -----    -----
  +--> ?PR?BACKLIGHTOFF?BOARD
  +--> ?PR?_WRITEIIC560?SCALER
  +--> ?PR?_FORCETOBACKGROUND?SCALER
  +--> ?PR?MODEHANDLE

?PR?SETVOLUME?SCALER                            -----    -----      -----    -----      F57CH    0001H
  +--> ?PR?AUDIO_MUTE?BOARD
  +--> ?PR?AMP_STBY?BOARD
  +--> ?PR?SCALER
  +--> ?PR?_WRITEIIC560?SCALER
  +--> ?PR?AMP_ON?BOARD
  +--> ?PR?AUDIO_ON?BOARD

?PR?AMP_ON?BOARD                                -----    -----      -----    -----      -----    -----
  +--> ?PR?BOARD

?PR?AUDIO_ON?BOARD                              -----    -----      -----    -----      -----    -----
  +--> ?PR?BOARD

?PR?SHOWAUTOADJ?OSD                             -----    -----      -----    -----      -----    -----
  +--> ?PR?OSD
  +--> ?PR?_OSDINIT?OSD
  +--> ?PR?SHOWTITLEGRADIENT?OSD
  +--> ?CO?OSD_TAB
  +--> ?PR?_WRITEARIALFONT?OSD
  +--> ?PR?_WRITEXY_STRING?OSD
  +--> ?PR?OSD_ON?OSD

BL51 BANKED LINKER/LOCATER V6.11                                                      04/16/2014  18:12:35  PAGE 25


?PR?_OSDINIT?OSD                                -----    -----      -----    -----      F589H    0004H
  +--> ?PR?_WRITEIIC560?SCALER
  +--> ?PR?_SETPOSITION?OSD
  +--> ?PR?_WAITSETUP?MODEHANDLE
  +--> ?PR?_SLEEP?MIS
  +--> ?PR?_WRITEWORDIIC560?SCALER
  +--> ?PR?CLEAROSD?OSD
  +--> ?PR?SHOWTITLEGRADIENT?OSD
  +--> ?PR?OSD
  +--> ?CO?OSD_TAB
  +--> ?PR?_WRITEARIALFONT?OSD
  +--> ?PR?_WRITEXY_STRING?OSD

?PR?CLEAROSD?OSD                                -----    -----      -----    -----      -----    -----
  +--> ?PR?_WRITEIIC560?SCALER
  +--> ?PR?_READIIC560?SCALER
  +--> ?PR?CHECKMODECHANGE?MODEHANDLE
  +--> ?PR?_WRITEXY_CHAR?OSD

?PR?_WRITEXY_CHAR?OSD                           -----    -----      -----    -----      F58DH    0004H
  +--> ?PR?OSD

?PR?SHOWTITLEGRADIENT?OSD                       -----    -----      -----    -----      F58DH    0001H
  +--> ?PR?_FILLLINEATTR?OSD
  +--> ?PR?_WRITEIIC560?SCALER

?PR?_FILLLINEATTR?OSD                           -----    -----      -----    -----      F58EH    0005H
  +--> ?PR?OSD

?PR?_WRITEARIALFONT?OSD                         -----    -----      -----    -----      F58DH    000BH
  +--> ?PR?OSD
  +--> ?CO?OSD_TAB
  +--> ?PR?WRITECHARFONT?OSD
  +--> ?PR?CHECKMODECHANGE?MODEHANDLE

?PR?WRITECHARFONT?OSD                           -----    -----      -----    -----      F598H    0005H
  +--> ?PR?OSD

?PR?_WRITEXY_STRING?OSD                         -----    -----      -----    -----      F58DH    0006H
  +--> ?PR?OSD

?PR?OSD_ON?OSD                                  -----    -----      -----    -----      -----    -----
  +--> ?PR?_READIIC560?SCALER
  +--> ?PR?_WRITEIIC560?SCALER

?PR?AUTOTUNE?AUTOADJ                            -----    -----      -----    -----      F57CH    0005H
  +--> ?PR?_READIIC560?SCALER
  +--> ?PR?_WRITEIIC560?SCALER
  +--> ?PR?CHECKRESOLUTION?AUTOADJ
  +--> ?PR?AUTOPOSITION?AUTOADJ
  +--> ?PR?AUTOCLOCK?AUTOADJ
  +--> ?PR?AUTOTUNEEXIT?AUTOADJ
  +--> ?PR?AUTOCLOCKBYPHASE?AUTOADJ
  +--> ?PR?AUTOPHASEFINETUNE?AUTOADJ
  +--> ?PR?AUTOADJ
  +--> ?PR?SETHP?SCALER
  +--> ?PR?SETVP?SCALER
BL51 BANKED LINKER/LOCATER V6.11                                                      04/16/2014  18:12:35  PAGE 26


  +--> ?PR?_ENDEXIT?AUTOADJ

?PR?CHECKRESOLUTION?AUTOADJ                     -----    -----      -----    -----      F581H    000FH
  +--> ?PR?AUTOADJ
  +--> ?PR?_ABS?ABS
  +--> ?CO?AUTOADJ
  +--> ?PR?SETSCALER?SCALER
  +--> ?PR?AUTOPOSITION?AUTOADJ
  +--> ?PR?CHECKCLOCK?AUTOADJ
  +--> ?PR?CHECKPHASE?AUTOADJ
  +--> ?PR?_WRITE24C16?NVRAM
  +--> ?PR?_WRITE24C16_SHORT?NVRAM
  +--> ?PR?LOADMODEDEPENDENTSETTINGS?USERADJ
  +--> ?PR?SETADC_PLL?SCALER

?PR?AUTOADJ                                     -----    -----      -----    -----      -----    -----
  +--> ?CO?SCALER
  +--> ?CO?ROM_MAP

?PR?SETSCALER?SCALER                            -----    -----      -----    -----      F590H    0011H
  +--> ?PR?_WRITEIIC560?SCALER
  +--> ?PR?_READWORDIIC560?SCALER
  +--> ?PR?SCALER
  +--> ?PR?_ABS?ABS
  +--> ?PR?_WRITEWORDIIC560?SCALER
  +--> ?PR?SETVP?SCALER
  +--> ?PR?SETDPLL?SCALER
  +--> ?PR?_WAITSETUP?MODEHANDLE
  +--> ?PR?SETBRIGHTNESS?SCALER
  +--> ?PR?SETFREERUN?SCALER
  +--> ?PR?_READIIC560?SCALER

?PR?SETVP?SCALER                                -----    -----      -----    -----      -----    -----
  +--> ?PR?SCALER
  +--> ?PR?_WRITEWORDIIC560?SCALER

?PR?AUTOPOSITION?AUTOADJ                        -----    -----      -----    -----      F590H    0006H
  +--> ?PR?_WRITEIIC560?SCALER
  +--> ?PR?CHECKMODECHANGE?MODEHANDLE
  +--> ?PR?_SLEEP?MIS
  +--> ?PR?GETHMASK?AUTOADJ
  +--> ?PR?_READIIC560?SCALER
  +--> ?PR?_READWORDIIC560?SCALER
  +--> ?PR?AUTOADJ
  +--> ?PR?SETHP?SCALER
  +--> ?PR?SETVP?SCALER

?PR?GETHMASK?AUTOADJ                            -----    -----      -----    -----      F59FH    0009H
  +--> ?PR?_WRITEIIC560?SCALER
  +--> ?PR?_READIIC560?SCALER
  +--> ?PR?_READWORDIIC560?SCALER
  +--> ?PR?AUTOADJ
  +--> ?PR?_ABS?ABS

?PR?SETHP?SCALER                                -----    -----      -----    -----      -----    -----
  +--> ?PR?_WRITEWORDIIC560?SCALER

BL51 BANKED LINKER/LOCATER V6.11                                                      04/16/2014  18:12:35  PAGE 27


?PR?CHECKCLOCK?AUTOADJ                          -----    -----      -----    -----      F590H    000FH
  +--> ?PR?AUTOADJ
  +--> ?PR?_WRITEWORDIIC560?SCALER
  +--> ?PR?CHECKMODECHANGE?MODEHANDLE
  +--> ?PR?_ABS?ABS
  +--> ?PR?_WRITEIIC560?SCALER
  +--> ?PR?_READWORDIIC560?SCALER
  +--> ?PR?GETHMASK?AUTOADJ
  +--> ?PR?_READIIC560?SCALER
  +--> ?PR?SETADC_PLL?SCALER

?PR?SETADC_PLL?SCALER                           -----    -----      -----    -----      F59FH    000AH
  +--> ?PR?SCALER
  +--> ?PR?_WRITEIIC560?SCALER
  +--> ?PR?_ABS?ABS
  +--> ?PR?_READIIC560?SCALER
  +--> ?PR?_SLEEP?MIS
  +--> ?PR?CHECKMODECHANGE?MODEHANDLE
  +--> ?PR?_READWORDIIC560?SCALER
  +--> ?PR?_WRITEWORDIIC560?SCALER
  +--> ?PR?DEBUGMODEEN?SAVEPLL

?PR?DEBUGMODEEN?SAVEPLL                         -----    -----      -----    -----      F5A9H    0003H

?PR?CHECKPHASE?AUTOADJ                          -----    -----      -----    -----      F590H    0004H
  +--> ?PR?_READWORDIIC560?SCALER
  +--> ?PR?CHECKPHASEDATA?AUTOADJ
  +--> ?PR?AUTOADJ

?PR?CHECKPHASEDATA?AUTOADJ                      -----    -----      -----    -----      F594H    000CH
  +--> ?PR?_READIIC560?SCALER
  +--> ?PR?CHECKMODECHANGE?MODEHANDLE
  +--> ?PR?_READWORDIIC560?SCALER
  +--> ?PR?AUTOADJ
  +--> ?PR?SETADC_PHASE?SCALER
  +--> ?PR?_WRITEIIC560?SCALER

?PR?SETADC_PHASE?SCALER                         -----    -----      -----    -----      -----    -----
  +--> ?PR?_WRITEIIC560?SCALER
  +--> ?PR?SCALER

?PR?LOADMODEDEPENDENTSETTINGS?USERADJ           -----    -----      -----    -----      -----    -----
  +--> ?PR?USERADJ
  +--> ?PR?_READ24C16_SHORT?NVRAM
  +--> ?PR?_READ24C16?NVRAM
  +--> ?CO?SCALER

?PR?_READ24C16_SHORT?NVRAM                      -----    -----      -----    -----      F590H    0004H
  +--> ?PR?_READ24C16?NVRAM

?PR?AUTOCLOCK?AUTOADJ                           -----    -----      -----    -----      F581H    0007H
  +--> ?PR?AUTOADJ
  +--> ?PR?_WRITEWORDIIC560?SCALER
  +--> ?PR?SETADC_PLL?SCALER
  +--> ?PR?GETHMASK?AUTOADJ
  +--> ?PR?_WRITEIIC560?SCALER
  +--> ?PR?_READIIC560?SCALER
BL51 BANKED LINKER/LOCATER V6.11                                                      04/16/2014  18:12:35  PAGE 28


  +--> ?PR?CHECKMODECHANGE?MODEHANDLE
  +--> ?PR?_READWORDIIC560?SCALER
  +--> ?PR?_ABS?ABS

?PR?AUTOTUNEEXIT?AUTOADJ                        -----    -----      -----    -----      F581H    0001H
  +--> ?PR?_FORCETOBACKGROUND?SCALER
  +--> ?PR?LOADMODEDEPENDENTSETTINGS?USERADJ
  +--> ?PR?SETHP?SCALER
  +--> ?PR?SETADC_PLL?SCALER
  +--> ?PR?SETADC_PHASE?SCALER
  +--> ?PR?SETSCALER?SCALER
  +--> ?PR?_WRITEIIC560?SCALER
  +--> ?PR?SETDISPLAYNORMAL?SCALER
  +--> ?PR?SAVEMODEDEPENDENTSETTINGS?USERADJ
  +--> ?PR?SETMINMAX?MODEHANDLE
  +--> ?PR?AUTOPOSITION?AUTOADJ

?PR?SETDISPLAYNORMAL?SCALER                     -----    -----      -----    -----      F582H    0004H
  +--> ?PR?_WRITEIIC560?SCALER
  +--> ?PR?_SET_USTIMER1_1MS?MIS
  +--> ?PR?GET_USTIMER1_1MS?MIS
  +--> ?PR?GOTOSEPARATESYNC?MODEHANDLE
  +--> ?PR?CHECKMODECHANGE?MODEHANDLE

?PR?GOTOSEPARATESYNC?MODEHANDLE                 -----    -----      -----    -----      -----    -----
  +--> ?PR?_READIIC560?SCALER
  +--> ?PR?MODEHANDLE
  +--> ?PR?_WRITEIIC560?SCALER
[...]
 C1:A342H         LINE#         1509
 C1:A345H         LINE#         1510
 C1:A345H         LINE#         1511
  -------         ENDPROC       SETFREERUN

  -------         PROC BANK=1   SETDISPLAYNORMAL
  -------         DO            
  X:F582H         SYMBOL        Hi_Counter
  X:F584H         SYMBOL        Lo_Counter
  -------         ENDDO         
 C1:9D91H         LINE#         1513
 C1:9D91H         LINE#         1514
 C1:9D91H         LINE#         1546
 C1:9D93H         LINE#         1547
 C1:9D9CH         LINE#         1549
 C1:9DA0H         LINE#         1555
 C1:9DA7H         LINE#         1556
 C1:9DADH         LINE#         1557
 C1:9DB4H         LINE#         1558
 C1:9DB8H         LINE#         1559
 C1:9DBFH         LINE#         1561
 C1:9DC6H         LINE#         1562
 C1:9DD4H         LINE#         1563
 C1:9DD6H         LINE#         1564
 C1:9DD6H         LINE#         1565
 C1:9DE4H         LINE#         1566
 C1:9DE4H         LINE#         1567
 C1:9DE6H         LINE#         1572
 C1:9DFFH         LINE#         1573
 C1:9E13H         LINE#         1577
 C1:9E13H         LINE#         1578
 C1:9E13H         LINE#         1579
 C1:9E16H         LINE#         1580
BL51 BANKED LINKER/LOCATER V6.11                                                      04/16/2014  18:12:35  PAGE 299


 C1:9E16H         LINE#         1581
 C1:9E16H         LINE#         1583
 C1:9E19H         LINE#         1585
  -------         ENDPROC       SETDISPLAYNORMAL

  -------         PROC BANK=1   POWERSAVING
 C1:A7FEH         LINE#         1599
 C1:A7FEH         LINE#         1600
 C1:A7FEH         LINE#         1601
 C1:A806H         LINE#         1602
 C1:A809H         LINE#         1603
 C1:A80FH         LINE#         1604
 C1:A812H         LINE#         1605
 C1:A815H         LINE#         1606
 C1:A815H         LINE#         1608
 C1:A820H         LINE#         1616
 C1:A823H         LINE#         1617
 C1:A828H         LINE#         1618
 C1:A82FH         LINE#         1622
 C1:A832H         LINE#         1623
 C1:A838H         LINE#         1626
 C1:A841H         LINE#         1627
 C1:A853H         LINE#         1634
  -------         ENDPROC       POWERSAVING
 C1:A3C0H         SYMBOL        L?0243

  -------         PROC BANK=1   SCALERPOWERDOWN
 C1:A350H         LINE#         1637
 C1:A350H         LINE#         1638
 C1:A350H         LINE#         1641
 C1:A359H         LINE#         1642
 C1:A360H         LINE#         1645
 C1:A369H         LINE#         1646
 C1:A36BH         LINE#         1647
 C1:A374H         LINE#         1648
 C1:A37DH         LINE#         1649
 C1:A386H         LINE#         1653
 C1:A388H         LINE#         1655
 C1:A391H         LINE#         1656
 C1:A39AH         LINE#         1657
 C1:A3A3H         LINE#         1662
 C1:A3ABH         LINE#         1665
 C1:A3B2H         LINE#         1669
 C1:A3B8H         LINE#         1672
 C1:A3BBH         LINE#         1673
 C1:A3BFH         LINE#         1675
  -------         ENDPROC       SCALERPOWERDOWN

  -------         PROC BANK=1   SCALERPOWERUP
 C1:B08CH         LINE#         1677
 C1:B08CH         LINE#         1678
 C1:B08CH         LINE#         1683
 C1:B096H         LINE#         1685
 C1:B099H         LINE#         1686
 C1:B09CH         LINE#         1688
 C1:B0A2H         LINE#         1689
 C1:B0A7H         LINE#         1690
BL51 BANKED LINKER/LOCATER V6.11                                                      04/16/2014  18:12:35  PAGE 300


 C1:B0AAH         LINE#         1691
 C1:B0ADH         LINE#         1694
 C1:B0ADH         LINE#         1695
 C1:B0B4H         LINE#         1696
 C1:B0B6H         LINE#         1697
 C1:B0BDH         LINE#         1698
 C1:B0C2H         LINE#         1700
  -------         ENDPROC       SCALERPOWERUP
 C1:9EA2H         SYMBOL        L?0244
 C1:9EAAH         SYMBOL        L?0270

  -------         PROC BANK=1   LOADADC_GAIN
 C1:9E22H         LINE#         1702
 C1:9E22H         LINE#         1703
 C1:9E22H         LINE#         1705
 C1:9E2EH         LINE#         1706
 C1:9E3AH         LINE#         1707
 C1:9E46H         LINE#         1709
 C1:9E52H         LINE#         1710
 C1:9E5EH         LINE#         1711
 C1:9E6AH         LINE#         1716
 C1:9E72H         LINE#         1717
 C1:9E7AH         LINE#         1718
 C1:9E82H         LINE#         1719
 C1:9E8AH         LINE#         1720
 C1:9E96H         LINE#         1721
 C1:9EA2H         LINE#         1722
  -------         ENDPROC       LOADADC_GAIN

  -------         PROC BANK=1   SETVOLUME
  -------         DO            
  X:F57CH         SYMBOL        value
  -------         ENDDO         
 C1:AD4AH         LINE#         1724
 C1:AD4AH         LINE#         1725
 C1:AD4AH         LINE#         1757
 C1:AD53H         LINE#         1758
 C1:AD56H         LINE#         1759
 C1:AD59H         LINE#         1760
 C1:AD59H         LINE#         1762
 C1:AD59H         LINE#         1763
 C1:AD6DH         LINE#         1765
 C1:AD74H         LINE#         1766
 C1:AD85H         LINE#         1768
 C1:AD88H         LINE#         1769
 C1:AD8BH         LINE#         1770
 C1:AD8BH         LINE#         1775
  -------         ENDPROC       SETVOLUME

  -------         PROC BANK=1   _WRITEIIC560
  X:F5CDH         SYMBOL        addr
  D:0005H         SYMBOL        ch
  -------         DO            
  D:0001H         SYMBOL        pBus
  -------         ENDDO         
 C1:B694H         LINE#         1803
 C1:B69CH         LINE#         1804
BL51 BANKED LINKER/LOCATER V6.11                                                      04/16/2014  18:12:35  PAGE 301


 C1:B69CH         LINE#         1810
 C1:B6A0H         LINE#         1811
 C1:B6A3H         LINE#         1812
 C1:B6ADH         LINE#         1813
  -------         ENDPROC       _WRITEIIC560

  -------         PROC BANK=1   _WRITEWORDIIC560
  X:F5B8H         SYMBOL        addr
  D:0004H         SYMBOL        value
  -------         DO            
  D:0001H         SYMBOL        pBus
  -------         ENDDO         
 C1:B459H         LINE#         1817
 C1:B461H         LINE#         1818
 C1:B461H         LINE#         1824
 C1:B465H         LINE#         1825
 C1:B468H         LINE#         1826
 C1:B472H         LINE#         1827
 C1:B476H         LINE#         1828
 C1:B47DH         LINE#         1829
  -------         ENDPROC       _WRITEWORDIIC560

  -------         PROC BANK=1   _READIIC560
  D:0004H         SYMBOL        addr
  -------         DO            
  D:0007H         SYMBOL        value
  D:0001H         SYMBOL        pBus
  -------         ENDDO         
 C1:BC96H         LINE#         1901
 C1:BC96H         LINE#         1902
 C1:BC96H         LINE#         1911
 C1:BC96H         LINE#         1912
 C1:BC99H         LINE#         1913
 C1:BC99H         LINE#         1914
 C1:BC9DH         LINE#         1915
 C1:BC9DH         LINE#         1917
  -------         ENDPROC       _READIIC560

  -------         PROC BANK=1   _READWORDIIC560
  D:0004H         SYMBOL        addr
  -------         DO            
  D:0006H         SYMBOL        value
  D:0001H         SYMBOL        pBus
  D:0005H         SYMBOL        ch
  -------         ENDDO         
 C1:BACDH         LINE#         1919
 C1:BACDH         LINE#         1920
 C1:BACDH         LINE#         1930
 C1:BACDH         LINE#         1931
 C1:BAD0H         LINE#         1932
 C1:BAD0H         LINE#         1933
 C1:BAD4H         LINE#         1934
 C1:BAD6H         LINE#         1935
 C1:BAD9H         LINE#         1936
 C1:BADAH         LINE#         1937
 C1:BADCH         LINE#         1938
 C1:BADCH         LINE#         1940
BL51 BANKED LINKER/LOCATER V6.11                                                      04/16/2014  18:12:35  PAGE 302


  -------         ENDPROC       _READWORDIIC560

  -------         PROC BANK=1   SETINTERFACE
  -------         DO            
  C:78C9H         SYMBOL        InterfaceTab
  C:78DDH         SYMBOL        InterfaceDat
  X:F586H         SYMBOL        i
  -------         ENDDO         
 C1:A164H         LINE#         1942
 C1:A164H         LINE#         1943
 C1:A164H         LINE#         1997
 C1:A169H         LINE#         1998
 C1:A19BH         LINE#         1999
 C1:A1A7H         LINE#         2001
 C1:A1B0H         LINE#         2002
 C1:A1B5H         LINE#         2003
 C1:A1BDH         LINE#         2004
 C1:A1C5H         LINE#         2006
 C1:A1CEH         LINE#         2007
 C1:A1D7H         LINE#         2009
 C1:A1E0H         LINE#         2010
  -------         ENDPROC       SETINTERFACE

  -------         PROC BANK=1   SCALERON
 C1:B15DH         LINE#         2013
 C1:B15DH         LINE#         2014
 C1:B15DH         LINE#         2016
 C1:B160H         LINE#         2017
 C1:B167H         LINE#         2019
 C1:B170H         LINE#         2029
 C1:B177H         LINE#         2030
 C1:B17DH         LINE#         2031
 C1:B183H         LINE#         2039
 C1:B18BH         LINE#         2044
  -------         ENDPROC       SCALERON

  -------         PROC BANK=1   INPUTSOURCESELECT
 C1:B0C3H         LINE#         2047
 C1:B0C3H         LINE#         2048
 C1:B0C3H         LINE#         2050
 C1:B0D3H         LINE#         2051
 C1:B0D3H         LINE#         2055
 C1:B0DCH         LINE#         2058
 C1:B0E1H         LINE#         2059
 C1:B0E1H         LINE#         2060
 C1:B0E3H         LINE#         2061
 C1:B0E3H         LINE#         2066
 C1:B0E3H         LINE#         2067
 C1:B0E3H         LINE#         2068
 C1:B0E6H         LINE#         2070
 C1:B0E6H         LINE#         2071
 C1:B0E6H         LINE#         2073
 C1:B0EEH         LINE#         2078
 C1:B0F3H         LINE#         2079
 C1:B0F6H         LINE#         2080
 C1:B0F6H         LINE#         2081
 C1:B0F6H         LINE#         2082
BL51 BANKED LINKER/LOCATER V6.11                                                      04/16/2014  18:12:35  PAGE 303


  -------         ENDPROC       INPUTSOURCESELECT
 C1:9904H         SYMBOL        L?0273

  -------         PROC BANK=1   DVIBANDWIDTHDETECTION
  -------         DO            
  X:F57CH         SYMBOL        DVI_ClockTemp
  X:F57DH         SYMBOL        loop
  -------         ENDDO         
 C1:9856H         LINE#         2085
 C1:9856H         LINE#         2086
 C1:9856H         LINE#         2089
 C1:985FH         LINE#         2090
 C1:9863H         LINE#         2091
 C1:9864H         LINE#         2092
 C1:9867H         LINE#         2093
 C1:986DH         LINE#         2095
 C1:9873H         LINE#         2096
 C1:9877H         LINE#         2097
 C1:9877H         LINE#         2098
 C1:9883H         LINE#         2099
 C1:9895H         LINE#         2100
 C1:989CH         LINE#         2101
 C1:98A0H         LINE#         2102
 C1:98A0H         LINE#         2103
 C1:98A6H         LINE#         2108
 C1:98B5H         LINE#         2111
 C1:98BBH         LINE#         2113
 C1:98C4H         LINE#         2116
 C1:98CAH         LINE#         2117
 C1:98D3H         LINE#         2118
 C1:98D8H         LINE#         2119
 C1:98DAH         LINE#         2120
 C1:98DDH         LINE#         2121
 C1:98DDH         LINE#         2122
 C1:98E4H         LINE#         2123
 C1:98F3H         LINE#         2124
 C1:98F9H         LINE#         2125
 C1:98FBH         LINE#         2126
 C1:98FBH         LINE#         2127
 C1:9903H         LINE#         2128
 C1:9903H         LINE#         2163
  -------         ENDPROC       DVIBANDWIDTHDETECTION
  -------         ENDMOD        SCALER

  -------         MODULE        FACTORYALIGNMENT
  C:0000H         SYMBOL        _ICE_DUMMY_
  -------         ENDMOD        FACTORYALIGNMENT

  -------         MODULE        SAVEPLL
  C:0000H         SYMBOL        _ICE_DUMMY_
  C:7D65H         PUBLIC        DebugModeEn
  -------         PROC          DEBUGMODEEN
  -------         DO            
  D:0006H         SYMBOL        DataPtr
  X:F5A9H         SYMBOL        PBus
  D:0004H         SYMBOL        i
  X:F5ABH         SYMBOL        temp
BL51 BANKED LINKER/LOCATER V6.11                                                      04/16/2014  18:12:35  PAGE 304


  -------         ENDDO         
  C:7D65H         LINE#         1
  C:7D65H         LINE#         2
  C:7D65H         LINE#         8
  C:7D6FH         LINE#         9
  C:7D7CH         LINE#         10
  C:7D86H         LINE#         11
  C:7D89H         LINE#         13
  C:7D8CH         LINE#         14
  C:7D8CH         LINE#         15
  C:7D9DH         LINE#         16
  C:7DA2H         LINE#         17
  C:7DB0H         LINE#         18
  C:7DBBH         LINE#         20
  C:7DC2H         LINE#         21
  C:7DC7H         LINE#         22
  C:7DCEH         LINE#         24
  -------         ENDPROC       DEBUGMODEEN
  -------         ENDMOD        SAVEPLL

  -------         MODULE        ?C?FPADD
  C:5A87H         PUBLIC        ?C?FPADD
  C:5A83H         PUBLIC        ?C?FPSUB
  -------         ENDMOD        ?C?FPADD

  -------         MODULE        ?C?FPMUL
  C:5B78H         PUBLIC        ?C?FPMUL
  -------         ENDMOD        ?C?FPMUL

  -------         MODULE        ?C?FPDIV
  C:5C81H         PUBLIC        ?C?FPDIV
  -------         ENDMOD        ?C?FPDIV

  -------         MODULE        ?C?FPCMP
  C:5D20H         PUBLIC        ?C?FPCMP
  C:5D1EH         PUBLIC        ?C?FPCMP3
  -------         ENDMOD        ?C?FPCMP

  -------         MODULE        ?C?FCAST
  C:5D95H         PUBLIC        ?C?FCASTC
  C:5D90H         PUBLIC        ?C?FCASTI
  C:5D8BH         PUBLIC        ?C?FCASTL
  -------         ENDMOD        ?C?FCAST

  -------         MODULE        ?C?CASTF
  C:5DC9H         PUBLIC        ?C?CASTF
  -------         ENDMOD        ?C?CASTF

  -------         MODULE        PRINTF
  X:F595H         PUBLIC        ?_PRINTF?BYTE
  X:F595H         PUBLIC        ?_SPRINTF?BYTE
  C:6AE5H         PUBLIC        _PRINTF
  C:6ADFH         PUBLIC        _SPRINTF
  -------         ENDMOD        PRINTF

  -------         MODULE        ?C?FPROUND
  C:5E4AH         PUBLIC        ?C?FPROUND
BL51 BANKED LINKER/LOCATER V6.11                                                      04/16/2014  18:12:35  PAGE 305


  -------         ENDMOD        ?C?FPROUND

  -------         MODULE        ?C?FPCONVERT
  C:5E87H         PUBLIC        ?C?FPCONVERT
  -------         ENDMOD        ?C?FPCONVERT

  -------         MODULE        ?C?FTNPWR
  C:5FBCH         PUBLIC        ?C?FTNPWR
  -------         ENDMOD        ?C?FTNPWR

  -------         MODULE        ?C?COPY
  C:60CCH         PUBLIC        ?C?COPY
  -------         ENDMOD        ?C?COPY

  -------         MODULE        ?C?CLDPTR
  C:60F2H         PUBLIC        ?C?CLDPTR
  -------         ENDMOD        ?C?CLDPTR

  -------         MODULE        ?C?CLDOPTR
  C:610BH         PUBLIC        ?C?CLDOPTR
  -------         ENDMOD        ?C?CLDOPTR

  -------         MODULE        ?C?CILDPTR
  C:6138H         PUBLIC        ?C?CILDPTR
  -------         ENDMOD        ?C?CILDPTR

  -------         MODULE        ?C?CSTPTR
  C:615AH         PUBLIC        ?C?CSTPTR
  -------         ENDMOD        ?C?CSTPTR

  -------         MODULE        ?C?CSTOPTR
  C:616CH         PUBLIC        ?C?CSTOPTR
  -------         ENDMOD        ?C?CSTOPTR

  -------         MODULE        ?C?IMUL
  C:618EH         PUBLIC        ?C?IMUL
  -------         ENDMOD        ?C?IMUL

  -------         MODULE        ?C?UIDIV
  C:61A0H         PUBLIC        ?C?UIDIV
  -------         ENDMOD        ?C?UIDIV

  -------         MODULE        ?C?IILDX
  C:61F5H         PUBLIC        ?C?IILDX
  -------         ENDMOD        ?C?IILDX

  -------         MODULE        ?C?IILDPTR
  C:620BH         PUBLIC        ?C?IILDPTR
  -------         ENDMOD        ?C?IILDPTR

  -------         MODULE        ?C?ISTPTR
  C:6243H         PUBLIC        ?C?ISTPTR
  -------         ENDMOD        ?C?ISTPTR

  -------         MODULE        ?C?LMUL
  C:6262H         PUBLIC        ?C?LMUL
  -------         ENDMOD        ?C?LMUL
BL51 BANKED LINKER/LOCATER V6.11                                                      04/16/2014  18:12:35  PAGE 306



  -------         MODULE        ?C?ULDIV
  C:62EDH         PUBLIC        ?C?ULDIV
  -------         ENDMOD        ?C?ULDIV

  -------         MODULE        ?C?SLDIV
  C:7ED9H         PUBLIC        ?C?SLDIV
  -------         ENDMOD        ?C?SLDIV

  -------         MODULE        ?C?LNEG
  C:637FH         PUBLIC        ?C?LNEG
  -------         ENDMOD        ?C?LNEG

  -------         MODULE        ?C?ULCMP
  C:638DH         PUBLIC        ?C?ULCMP
  -------         ENDMOD        ?C?ULCMP

  -------         MODULE        ?C?ULSHR
  C:639EH         PUBLIC        ?C?ULSHR
  -------         ENDMOD        ?C?ULSHR

  -------         MODULE        ?C?LSHL
  C:63B1H         PUBLIC        ?C?LSHL
  -------         ENDMOD        ?C?LSHL

  -------         MODULE        ?C?LLDIDATA
  C:63C4H         PUBLIC        ?C?LLDIDATA
  -------         ENDMOD        ?C?LLDIDATA

  -------         MODULE        ?C?LLDIDATA0
  C:63D0H         PUBLIC        ?C?LLDIDATA0
  -------         ENDMOD        ?C?LLDIDATA0

  -------         MODULE        ?C?LILDIDATA
  C:63E6H         PUBLIC        ?C?LILDIDATA
  C:63DDH         PUBLIC        ?C?LILDIDATA1
  C:63DFH         PUBLIC        ?C?LILDIDATA8
  -------         ENDMOD        ?C?LILDIDATA

  -------         MODULE        ?C?LSTIDATA
  C:63FDH         PUBLIC        ?C?LSTIDATA
  -------         ENDMOD        ?C?LSTIDATA

  -------         MODULE        ?C?LSTXDATA
  C:6409H         PUBLIC        ?C?LSTXDATA
  -------         ENDMOD        ?C?LSTXDATA

  -------         MODULE        ?C?LSTKIDATA
  C:6415H         PUBLIC        ?C?LSTKIDATA
  -------         ENDMOD        ?C?LSTKIDATA

  -------         MODULE        ?C?LSTKXDATA
  C:642EH         PUBLIC        ?C?LSTKXDATA
  -------         ENDMOD        ?C?LSTKXDATA

  -------         MODULE        ?C?OFFXADD
  C:645FH         PUBLIC        ?C?OFFXADD
BL51 BANKED LINKER/LOCATER V6.11                                                      04/16/2014  18:12:35  PAGE 307


  -------         ENDMOD        ?C?OFFXADD

  -------         MODULE        ?C?PLDIXDATA
  C:646BH         PUBLIC        ?C?PLDIXDATA
  -------         ENDMOD        ?C?PLDIXDATA

  -------         MODULE        ?C?PSTXDATA
  C:6482H         PUBLIC        ?C?PSTXDATA
  -------         ENDMOD        ?C?PSTXDATA

  -------         MODULE        ?C?CCASE
  C:648BH         PUBLIC        ?C?CCASE
  -------         ENDMOD        ?C?CCASE

  -------         MODULE        ABS
  C:80BEH         PUBLIC        _ABS
  -------         ENDMOD        ABS

*** WARNING L16: UNCALLED SEGMENT, IGNORED FOR OVERLAY PROCESS
    SEGMENT: ?PR?SHOWDIRECTVOLUMEMENU?OSD

*** WARNING L16: UNCALLED SEGMENT, IGNORED FOR OVERLAY PROCESS
    SEGMENT: ?PR?SHOWDIRECTBRIGHTNESSMENU?OSD

*** WARNING L16: UNCALLED SEGMENT, IGNORED FOR OVERLAY PROCESS
    SEGMENT: ?PR?_SHOWOSD_DEBUG?OSD

*** WARNING L16: UNCALLED SEGMENT, IGNORED FOR OVERLAY PROCESS
    SEGMENT: ?PR?_SHOWMONSELMSG?OSD

*** WARNING L16: UNCALLED SEGMENT, IGNORED FOR OVERLAY PROCESS
    SEGMENT: ?PR?SHOWRGBSTATUS?OSD

*** WARNING L16: UNCALLED SEGMENT, IGNORED FOR OVERLAY PROCESS
    SEGMENT: ?PR?LEDFLASH?MIS

*** WARNING L16: UNCALLED SEGMENT, IGNORED FOR OVERLAY PROCESS
    SEGMENT: ?PR?LANGUAGEUP?USERADJ

*** WARNING L16: UNCALLED SEGMENT, IGNORED FOR OVERLAY PROCESS
    SEGMENT: ?PR?LANGUAGEDOWN?USERADJ

*** WARNING L16: UNCALLED SEGMENT, IGNORED FOR OVERLAY PROCESS
    SEGMENT: ?PR?LED_REDON?BOARD

*** WARNING L1: UNRESOLVED EXTERNAL SYMBOL
    SYMBOL:  BENQ_FACTORYALIGNMENT
    MODULE:  .\BIN\DDC_CI.obj (DDC_CI)

*** WARNING L2: REFERENCE MADE TO UNRESOLVED EXTERNAL
    SYMBOL:  BENQ_FACTORYALIGNMENT
    MODULE:  .\BIN\DDC_CI.obj (DDC_CI)
    ADDRESS: A054H

Program Size: data=174.7 xdata=647 code=86520
LINK/LOCATE RUN COMPLETE.  11 WARNING(S),  0 ERROR(S)
